../Core/Src/main.c:144:6:lcd_pulse_enable	8	static
../Core/Src/main.c:152:6:lcd_send_nibble	16	static
../Core/Src/main.c:161:6:lcd_send_byte	16	static
../Core/Src/main.c:169:6:lcd_command	16	static
../Core/Src/main.c:174:6:lcd_data	16	static
../Core/Src/main.c:179:6:lcd_send_string	16	static
../Core/Src/main.c:184:6:lcd_init	8	static
../Core/Src/main.c:204:5:main	8	static
../Core/Src/main.c:256:6:SystemClock_Config	96	static
../Core/Src/main.c:298:13:MX_GPIO_Init	48	static
../Core/Src/main.c:342:6:Error_Handler	8	static,ignoring_inline_asm
