15:44:09 **** Incremental Build of configuration Debug for project RTC_module ****
make -j8 all 
arm-none-eabi-gcc "../Core/Src/main.c" -mcpu=cortex-m4 -std=gnu11 -g3 -DDEBUG -DUSE_HAL_DRIVER -DSTM32F411xE -c -I../Core/Inc -I../Drivers/STM32F4xx_HAL_Driver/Inc -I../Drivers/STM32F4xx_HAL_Driver/Inc/Legacy -I../Drivers/CMSIS/Device/ST/STM32F4xx/Include -I../Drivers/CMSIS/Include -O0 -ffunction-sections -fdata-sections -Wall -fstack-usage -fcyclomatic-complexity -MMD -MP -MF"Core/Src/main.d" -MT"Core/Src/main.o" --specs=nano.specs -mfpu=fpv4-sp-d16 -mfloat-abi=hard -mthumb -o "Core/Src/main.o"
arm-none-eabi-gcc -o "RTC_module.elf" @"objects.list"   -mcpu=cortex-m4 -T"C:\Haril_bitsilica\STM_training_module\Creation\Folder7_RTC_module\RTC_module\STM32F411RETX_FLASH.ld" --specs=nosys.specs -Wl,-Map="RTC_module.map" -Wl,--gc-sections -static --specs=nano.specs -mfpu=fpv4-sp-d16 -mfloat-abi=hard -mthumb -Wl,--start-group -lc -lm -Wl,--end-group
Finished building target: RTC_module.elf
 
arm-none-eabi-size  RTC_module.elf 
arm-none-eabi-objdump -h -S RTC_module.elf  > "RTC_module.list"
   text	   data	    bss	    dec	    hex	filename
   7892	     92	   1964	   9948	   26dc	RTC_module.elf
Finished building: default.size.stdout
 
Finished building: RTC_module.list
 
15:44:13 **** Incremental Build of configuration Debug for project RTC_module ****
make -j8 all 
arm-none-eabi-size  RTC_module.elf 
   text	   data	    bss	    dec	    hex	filename
   7892	     92	   1964	   9948	   26dc	RTC_module.elf
Finished building: default.size.stdout
 
