../Core/Src/main.c:69:6:I2C_GPIO_Init	24	static
../Core/Src/main.c:96:6:I2C_Init	16	static
../Core/Src/main.c:111:6:I2C_Start	16	static
../Core/Src/main.c:117:6:I2C_WriteAddr	16	static
../Core/Src/main.c:125:6:I2C_WriteData	16	static
../Core/Src/main.c:132:6:I2C_Stop	16	static
../Core/Src/main.c:143:5:main	8	static
../Core/Src/main.c:206:6:SystemClock_Config	88	static
../Core/Src/main.c:253:13:MX_USART2_UART_Init	8	static
../Core/Src/main.c:286:13:MX_GPIO_Init	48	static
../Core/Src/main.c:328:6:Error_Handler	4	static,ignoring_inline_asm
