12:52:21 **** Incremental Build of configuration Debug for project f_series_spi_loopback ****
make -j8 all 
arm-none-eabi-gcc "../Core/Src/main.c" -mcpu=cortex-m4 -std=gnu11 -g3 -DDEBUG -DUSE_HAL_DRIVER -DSTM32F411xE -c -I../Core/Inc -I../Drivers/STM32F4xx_HAL_Driver/Inc -I../Drivers/STM32F4xx_HAL_Driver/Inc/Legacy -I../Drivers/CMSIS/Device/ST/STM32F4xx/Include -I../Drivers/CMSIS/Include -O0 -ffunction-sections -fdata-sections -Wall -fstack-usage -fcyclomatic-complexity -MMD -MP -MF"Core/Src/main.d" -MT"Core/Src/main.o" --specs=nano.specs -mfpu=fpv4-sp-d16 -mfloat-abi=hard -mthumb -o "Core/Src/main.o"
arm-none-eabi-gcc "../Core/Src/stm32f4xx_hal_msp.c" -mcpu=cortex-m4 -std=gnu11 -g3 -DDEBUG -DUSE_HAL_DRIVER -DSTM32F411xE -c -I../Core/Inc -I../Drivers/STM32F4xx_HAL_Driver/Inc -I../Drivers/STM32F4xx_HAL_Driver/Inc/Legacy -I../Drivers/CMSIS/Device/ST/STM32F4xx/Include -I../Drivers/CMSIS/Include -O0 -ffunction-sections -fdata-sections -Wall -fstack-usage -fcyclomatic-complexity -MMD -MP -MF"Core/Src/stm32f4xx_hal_msp.d" -MT"Core/Src/stm32f4xx_hal_msp.o" --specs=nano.specs -mfpu=fpv4-sp-d16 -mfloat-abi=hard -mthumb -o "Core/Src/stm32f4xx_hal_msp.o"
arm-none-eabi-gcc -o "f_series_spi_loopback.elf" @"objects.list"   -mcpu=cortex-m4 -T"C:\Haril_bitsilica\STM_training_module\L_series_spi\f_series_spi_loopback\f_series_spi_loopback\STM32F411RETX_FLASH.ld" --specs=nosys.specs -Wl,-Map="f_series_spi_loopback.map" -Wl,--gc-sections -static --specs=nano.specs -mfpu=fpv4-sp-d16 -mfloat-abi=hard -mthumb -Wl,--start-group -lc -lm -Wl,--end-group
Finished building target: f_series_spi_loopback.elf
 
arm-none-eabi-size  f_series_spi_loopback.elf 
arm-none-eabi-objdump -h -S f_series_spi_loopback.elf  > "f_series_spi_loopback.list"
   text	   data	    bss	    dec	    hex	filename
  10428	     12	   1732	  12172	   2f8c	f_series_spi_loopback.elf
Finished building: default.size.stdout
 
Finished building: f_series_spi_loopback.list
 
12:54:02 **** Incremental Build of configuration Debug for project f_series_spi_loopback ****
make -j8 all 
arm-none-eabi-size  f_series_spi_loopback.elf 
   text	   data	    bss	    dec	    hex	filename
  10428	     12	   1732	  12172	   2f8c	f_series_spi_loopback.elf
Finished building: default.size.stdout
 
