15:01:42 **** Build of configuration Debug for project I2C_Interrupt_driver ****
make -j8 all 
arm-none-eabi-gcc -mcpu=cortex-m0plus -g3 -DDEBUG -c -x assembler-with-cpp -MMD -MP -MF"Startup/startup_stm32l053c8tx.d" -MT"Startup/startup_stm32l053c8tx.o" --specs=nano.specs -mfloat-abi=soft -mthumb -o "Startup/startup_stm32l053c8tx.o" "../Startup/startup_stm32l053c8tx.s"
arm-none-eabi-gcc "../Src/gpio_driver.c" -mcpu=cortex-m0plus -std=gnu11 -g3 -DDEBUG -DSTM32L0538_DISCO -DSTM32 -DSTM32L053C8Tx -DSTM32L0 -c -I../Inc -O0 -ffunction-sections -fdata-sections -Wall -fstack-usage -fcyclomatic-complexity -MMD -MP -MF"Src/gpio_driver.d" -MT"Src/gpio_driver.o" --specs=nano.specs -mfloat-abi=soft -mthumb -o "Src/gpio_driver.o"
arm-none-eabi-gcc "../Src/i2c_driver.c" -mcpu=cortex-m0plus -std=gnu11 -g3 -DDEBUG -DSTM32L0538_DISCO -DSTM32 -DSTM32L053C8Tx -DSTM32L0 -c -I../Inc -O0 -ffunction-sections -fdata-sections -Wall -fstack-usage -fcyclomatic-complexity -MMD -MP -MF"Src/i2c_driver.d" -MT"Src/i2c_driver.o" --specs=nano.specs -mfloat-abi=soft -mthumb -o "Src/i2c_driver.o"
arm-none-eabi-gcc "../Src/main.c" -mcpu=cortex-m0plus -std=gnu11 -g3 -DDEBUG -DSTM32L0538_DISCO -DSTM32 -DSTM32L053C8Tx -DSTM32L0 -c -I../Inc -O0 -ffunction-sections -fdata-sections -Wall -fstack-usage -fcyclomatic-complexity -MMD -MP -MF"Src/main.d" -MT"Src/main.o" --specs=nano.specs -mfloat-abi=soft -mthumb -o "Src/main.o"
arm-none-eabi-gcc "../Src/syscalls.c" -mcpu=cortex-m0plus -std=gnu11 -g3 -DDEBUG -DSTM32L0538_DISCO -DSTM32 -DSTM32L053C8Tx -DSTM32L0 -c -I../Inc -O0 -ffunction-sections -fdata-sections -Wall -fstack-usage -fcyclomatic-complexity -MMD -MP -MF"Src/syscalls.d" -MT"Src/syscalls.o" --specs=nano.specs -mfloat-abi=soft -mthumb -o "Src/syscalls.o"
arm-none-eabi-gcc "../Src/sysmem.c" -mcpu=cortex-m0plus -std=gnu11 -g3 -DDEBUG -DSTM32L0538_DISCO -DSTM32 -DSTM32L053C8Tx -DSTM32L0 -c -I../Inc -O0 -ffunction-sections -fdata-sections -Wall -fstack-usage -fcyclomatic-complexity -MMD -MP -MF"Src/sysmem.d" -MT"Src/sysmem.o" --specs=nano.specs -mfloat-abi=soft -mthumb -o "Src/sysmem.o"
arm-none-eabi-gcc -o "I2C_Interrupt_driver.elf" @"objects.list"   -mcpu=cortex-m0plus -T"C:\Haril_bitsilica\STM_training_module\driver_playist_2\L_series_I2C_interrupt_driver\I2C_Interrupt_driver\STM32L053C8TX_FLASH.ld" --specs=nosys.specs -Wl,-Map="I2C_Interrupt_driver.map" -Wl,--gc-sections -static --specs=nano.specs -mfloat-abi=soft -mthumb -Wl,--start-group -lc -lm -Wl,--end-group
Finished building target: I2C_Interrupt_driver.elf
 
arm-none-eabi-size  I2C_Interrupt_driver.elf 
arm-none-eabi-objdump -h -S I2C_Interrupt_driver.elf  > "I2C_Interrupt_driver.list"
   text	   data	    bss	    dec	    hex	filename
   2076	      0	   1600	   3676	    e5c	I2C_Interrupt_driver.elf
Finished building: default.size.stdout
 
Finished building: I2C_Interrupt_driver.list
 
15:03:34 **** Incremental Build of configuration Debug for project I2C_Interrupt_driver ****
make -j8 all 
arm-none-eabi-gcc "../Src/i2c_driver.c" -mcpu=cortex-m0plus -std=gnu11 -g3 -DDEBUG -DSTM32L0538_DISCO -DSTM32 -DSTM32L053C8Tx -DSTM32L0 -c -I../Inc -O0 -ffunction-sections -fdata-sections -Wall -fstack-usage -fcyclomatic-complexity -MMD -MP -MF"Src/i2c_driver.d" -MT"Src/i2c_driver.o" --specs=nano.specs -mfloat-abi=soft -mthumb -o "Src/i2c_driver.o"
../Src/i2c_driver.c: In function 'I2C_IRQHandler':
../Src/i2c_driver.c:142:9: warning: implicit declaration of function 'I2C_IT_TxCpltCallback'; did you mean 'I2C_TxCpltCallback'? [-Wimplicit-function-declaration]
  142 |         I2C_IT_TxCpltCallback(hi2c);
      |         ^~~~~~~~~~~~~~~~~~~~~
      |         I2C_TxCpltCallback
../Src/i2c_driver.c:147:9: warning: implicit declaration of function 'I2C_IT_RxCpltCallback'; did you mean 'I2C_RxCpltCallback'? [-Wimplicit-function-declaration]
  147 |         I2C_IT_RxCpltCallback(hi2c);
      |         ^~~~~~~~~~~~~~~~~~~~~
      |         I2C_RxCpltCallback
../Src/i2c_driver.c:153:9: warning: implicit declaration of function 'I2C_IT_StopCallback'; did you mean 'I2C_ErrorCallback'? [-Wimplicit-function-declaration]
  153 |         I2C_IT_StopCallback(hi2c);
      |         ^~~~~~~~~~~~~~~~~~~
      |         I2C_ErrorCallback
../Src/i2c_driver.c:158:32: error: 'I2C_ICR_NACKCF' undeclared (first use in this function); did you mean 'I2C_ISR_NACKF'?
  158 |         hi2c->Instance->ICR |= I2C_ICR_NACKCF;
      |                                ^~~~~~~~~~~~~~
      |                                I2C_ISR_NACKF
../Src/i2c_driver.c:158:32: note: each undeclared identifier is reported only once for each function it appears in
../Src/i2c_driver.c:159:9: warning: implicit declaration of function 'I2C_IT_ErrorCallback'; did you mean 'I2C_ErrorCallback'? [-Wimplicit-function-declaration]
  159 |         I2C_IT_ErrorCallback(hi2c);
      |         ^~~~~~~~~~~~~~~~~~~~
      |         I2C_ErrorCallback
../Src/i2c_driver.c: At top level:
../Src/i2c_driver.c:164:28: warning: conflicting types for 'I2C_IT_TxCpltCallback'; have 'void(I2C_Handle_t *)'
  164 | __attribute__((weak)) void I2C_IT_TxCpltCallback(I2C_Handle_t *hi2c)
      |                            ^~~~~~~~~~~~~~~~~~~~~
../Src/i2c_driver.c:142:9: note: previous implicit declaration of 'I2C_IT_TxCpltCallback' with type 'void(I2C_Handle_t *)'
  142 |         I2C_IT_TxCpltCallback(hi2c);
      |         ^~~~~~~~~~~~~~~~~~~~~
../Src/i2c_driver.c:169:28: warning: conflicting types for 'I2C_IT_RxCpltCallback'; have 'void(I2C_Handle_t *)'
  169 | __attribute__((weak)) void I2C_IT_RxCpltCallback(I2C_Handle_t *hi2c)
      |                            ^~~~~~~~~~~~~~~~~~~~~
../Src/i2c_driver.c:147:9: note: previous implicit declaration of 'I2C_IT_RxCpltCallback' with type 'void(I2C_Handle_t *)'
  147 |         I2C_IT_RxCpltCallback(hi2c);
      |         ^~~~~~~~~~~~~~~~~~~~~
../Src/i2c_driver.c:174:28: warning: conflicting types for 'I2C_IT_StopCallback'; have 'void(I2C_Handle_t *)'
  174 | __attribute__((weak)) void I2C_IT_StopCallback(I2C_Handle_t *hi2c)
      |                            ^~~~~~~~~~~~~~~~~~~
../Src/i2c_driver.c:153:9: note: previous implicit declaration of 'I2C_IT_StopCallback' with type 'void(I2C_Handle_t *)'
  153 |         I2C_IT_StopCallback(hi2c);
      |         ^~~~~~~~~~~~~~~~~~~
../Src/i2c_driver.c:179:28: warning: conflicting types for 'I2C_IT_ErrorCallback'; have 'void(I2C_Handle_t *)'
  179 | __attribute__((weak)) void I2C_IT_ErrorCallback(I2C_Handle_t *hi2c)
      |                            ^~~~~~~~~~~~~~~~~~~~
../Src/i2c_driver.c:159:9: note: previous implicit declaration of 'I2C_IT_ErrorCallback' with type 'void(I2C_Handle_t *)'
  159 |         I2C_IT_ErrorCallback(hi2c);
      |         ^~~~~~~~~~~~~~~~~~~~
make: *** [Src/subdir.mk:31: Src/i2c_driver.o] Error 1
"make -j8 all" terminated with exit code 2. Build might be incomplete.
15:04:26 **** Incremental Build of configuration Debug for project I2C_Interrupt_driver ****
make -j8 all 
arm-none-eabi-gcc "../Src/i2c_driver.c" -mcpu=cortex-m0plus -std=gnu11 -g3 -DDEBUG -DSTM32L0538_DISCO -DSTM32 -DSTM32L053C8Tx -DSTM32L0 -c -I../Inc -O0 -ffunction-sections -fdata-sections -Wall -fstack-usage -fcyclomatic-complexity -MMD -MP -MF"Src/i2c_driver.d" -MT"Src/i2c_driver.o" --specs=nano.specs -mfloat-abi=soft -mthumb -o "Src/i2c_driver.o"
arm-none-eabi-gcc "../Src/main.c" -mcpu=cortex-m0plus -std=gnu11 -g3 -DDEBUG -DSTM32L0538_DISCO -DSTM32 -DSTM32L053C8Tx -DSTM32L0 -c -I../Inc -O0 -ffunction-sections -fdata-sections -Wall -fstack-usage -fcyclomatic-complexity -MMD -MP -MF"Src/main.d" -MT"Src/main.o" --specs=nano.specs -mfloat-abi=soft -mthumb -o "Src/main.o"
arm-none-eabi-gcc -o "I2C_Interrupt_driver.elf" @"objects.list"   -mcpu=cortex-m0plus -T"C:\Haril_bitsilica\STM_training_module\driver_playist_2\L_series_I2C_interrupt_driver\I2C_Interrupt_driver\STM32L053C8TX_FLASH.ld" --specs=nosys.specs -Wl,-Map="I2C_Interrupt_driver.map" -Wl,--gc-sections -static --specs=nano.specs -mfloat-abi=soft -mthumb -Wl,--start-group -lc -lm -Wl,--end-group
Finished building target: I2C_Interrupt_driver.elf
 
arm-none-eabi-size  I2C_Interrupt_driver.elf 
arm-none-eabi-objdump -h -S I2C_Interrupt_driver.elf  > "I2C_Interrupt_driver.list"
   text	   data	    bss	    dec	    hex	filename
   2076	      0	   1600	   3676	    e5c	I2C_Interrupt_driver.elf
Finished building: default.size.stdout
 
Finished building: I2C_Interrupt_driver.list
 
15:09:10 **** Incremental Build of configuration Debug for project I2C_Interrupt_driver ****
make -j8 all 
arm-none-eabi-gcc "../Src/main.c" -mcpu=cortex-m0plus -std=gnu11 -g3 -DDEBUG -DSTM32L0538_DISCO -DSTM32 -DSTM32L053C8Tx -DSTM32L0 -c -I../Inc -O0 -ffunction-sections -fdata-sections -Wall -fstack-usage -fcyclomatic-complexity -MMD -MP -MF"Src/main.d" -MT"Src/main.o" --specs=nano.specs -mfloat-abi=soft -mthumb -o "Src/main.o"
../Src/main.c: In function 'main':
../Src/main.c:64:5: warning: implicit declaration of function 'NVIC_EnableIRQ' [-Wimplicit-function-declaration]
   64 |     NVIC_EnableIRQ(I2C1_IRQn);
      |     ^~~~~~~~~~~~~~
../Src/main.c:64:20: error: 'I2C1_IRQn' undeclared (first use in this function)
   64 |     NVIC_EnableIRQ(I2C1_IRQn);
      |                    ^~~~~~~~~
../Src/main.c:64:20: note: each undeclared identifier is reported only once for each function it appears in
make: *** [Src/subdir.mk:31: Src/main.o] Error 1
"make -j8 all" terminated with exit code 2. Build might be incomplete.
15:09:48 **** Incremental Build of configuration Debug for project I2C_Interrupt_driver ****
make -j8 all 
arm-none-eabi-gcc "../Src/i2c_driver.c" -mcpu=cortex-m0plus -std=gnu11 -g3 -DDEBUG -DSTM32L0538_DISCO -DSTM32 -DSTM32L053C8Tx -DSTM32L0 -c -I../Inc -O0 -ffunction-sections -fdata-sections -Wall -fstack-usage -fcyclomatic-complexity -MMD -MP -MF"Src/i2c_driver.d" -MT"Src/i2c_driver.o" --specs=nano.specs -mfloat-abi=soft -mthumb -o "Src/i2c_driver.o"
arm-none-eabi-gcc "../Src/main.c" -mcpu=cortex-m0plus -std=gnu11 -g3 -DDEBUG -DSTM32L0538_DISCO -DSTM32 -DSTM32L053C8Tx -DSTM32L0 -c -I../Inc -O0 -ffunction-sections -fdata-sections -Wall -fstack-usage -fcyclomatic-complexity -MMD -MP -MF"Src/main.d" -MT"Src/main.o" --specs=nano.specs -mfloat-abi=soft -mthumb -o "Src/main.o"
../Src/main.c: In function 'main':
../Src/main.c:64:5: warning: implicit declaration of function 'NVIC_EnableIRQ' [-Wimplicit-function-declaration]
   64 |     NVIC_EnableIRQ(I2C1_IRQn);
      |     ^~~~~~~~~~~~~~
arm-none-eabi-gcc -o "I2C_Interrupt_driver.elf" @"objects.list"   -mcpu=cortex-m0plus -T"C:\Haril_bitsilica\STM_training_module\driver_playist_2\L_series_I2C_interrupt_driver\I2C_Interrupt_driver\STM32L053C8TX_FLASH.ld" --specs=nosys.specs -Wl,-Map="I2C_Interrupt_driver.map" -Wl,--gc-sections -static --specs=nano.specs -mfloat-abi=soft -mthumb -Wl,--start-group -lc -lm -Wl,--end-group
C:/ST/STM32CubeIDE_1.19.0/STM32CubeIDE/plugins/com.st.stm32cube.ide.mcu.externaltools.gnu-tools-for-stm32.13.3.rel1.win32_1.0.0.202411081344/tools/bin/../lib/gcc/arm-none-eabi/13.3.1/../../../../arm-none-eabi/bin/ld.exe: ./Src/main.o: in function `main':
C:/Haril_bitsilica/STM_training_module/driver_playist_2/L_series_I2C_interrupt_driver/I2C_Interrupt_driver/Debug/../Src/main.c:61:(.text.main+0x72): undefined reference to `I2C_IT_Init'
C:/ST/STM32CubeIDE_1.19.0/STM32CubeIDE/plugins/com.st.stm32cube.ide.mcu.externaltools.gnu-tools-for-stm32.13.3.rel1.win32_1.0.0.202411081344/tools/bin/../lib/gcc/arm-none-eabi/13.3.1/../../../../arm-none-eabi/bin/ld.exe: C:/Haril_bitsilica/STM_training_module/driver_playist_2/L_series_I2C_interrupt_driver/I2C_Interrupt_driver/Debug/../Src/main.c:64:(.text.main+0x78): undefined reference to `NVIC_EnableIRQ'
collect2.exe: error: ld returned 1 exit status
make: *** [makefile:63: I2C_Interrupt_driver.elf] Error 1
"make -j8 all" terminated with exit code 2. Build might be incomplete.
15:11:05 **** Incremental Build of configuration Debug for project I2C_Interrupt_driver ****
make -j8 all 
arm-none-eabi-gcc "../Src/i2c_driver.c" -mcpu=cortex-m0plus -std=gnu11 -g3 -DDEBUG -DSTM32L0538_DISCO -DSTM32 -DSTM32L053C8Tx -DSTM32L0 -c -I../Inc -O0 -ffunction-sections -fdata-sections -Wall -fstack-usage -fcyclomatic-complexity -MMD -MP -MF"Src/i2c_driver.d" -MT"Src/i2c_driver.o" --specs=nano.specs -mfloat-abi=soft -mthumb -o "Src/i2c_driver.o"
arm-none-eabi-gcc -o "I2C_Interrupt_driver.elf" @"objects.list"   -mcpu=cortex-m0plus -T"C:\Haril_bitsilica\STM_training_module\driver_playist_2\L_series_I2C_interrupt_driver\I2C_Interrupt_driver\STM32L053C8TX_FLASH.ld" --specs=nosys.specs -Wl,-Map="I2C_Interrupt_driver.map" -Wl,--gc-sections -static --specs=nano.specs -mfloat-abi=soft -mthumb -Wl,--start-group -lc -lm -Wl,--end-group
C:/ST/STM32CubeIDE_1.19.0/STM32CubeIDE/plugins/com.st.stm32cube.ide.mcu.externaltools.gnu-tools-for-stm32.13.3.rel1.win32_1.0.0.202411081344/tools/bin/../lib/gcc/arm-none-eabi/13.3.1/../../../../arm-none-eabi/bin/ld.exe: ./Src/main.o: in function `main':
C:/Haril_bitsilica/STM_training_module/driver_playist_2/L_series_I2C_interrupt_driver/I2C_Interrupt_driver/Debug/../Src/main.c:64:(.text.main+0x78): undefined reference to `NVIC_EnableIRQ'
collect2.exe: error: ld returned 1 exit status
make: *** [makefile:63: I2C_Interrupt_driver.elf] Error 1
"make -j8 all" terminated with exit code 2. Build might be incomplete.
15:11:31 **** Incremental Build of configuration Debug for project I2C_Interrupt_driver ****
make -j8 all 
arm-none-eabi-gcc "../Src/main.c" -mcpu=cortex-m0plus -std=gnu11 -g3 -DDEBUG -DSTM32L0538_DISCO -DSTM32 -DSTM32L053C8Tx -DSTM32L0 -c -I../Inc -O0 -ffunction-sections -fdata-sections -Wall -fstack-usage -fcyclomatic-complexity -MMD -MP -MF"Src/main.d" -MT"Src/main.o" --specs=nano.specs -mfloat-abi=soft -mthumb -o "Src/main.o"
../Src/main.c: In function 'main':
../Src/main.c:64:5: warning: implicit declaration of function 'NVIC_EnableIRQ' [-Wimplicit-function-declaration]
   64 |     NVIC_EnableIRQ(I2C1_IRQn);
      |     ^~~~~~~~~~~~~~
arm-none-eabi-gcc -o "I2C_Interrupt_driver.elf" @"objects.list"   -mcpu=cortex-m0plus -T"C:\Haril_bitsilica\STM_training_module\driver_playist_2\L_series_I2C_interrupt_driver\I2C_Interrupt_driver\STM32L053C8TX_FLASH.ld" --specs=nosys.specs -Wl,-Map="I2C_Interrupt_driver.map" -Wl,--gc-sections -static --specs=nano.specs -mfloat-abi=soft -mthumb -Wl,--start-group -lc -lm -Wl,--end-group
C:/ST/STM32CubeIDE_1.19.0/STM32CubeIDE/plugins/com.st.stm32cube.ide.mcu.externaltools.gnu-tools-for-stm32.13.3.rel1.win32_1.0.0.202411081344/tools/bin/../lib/gcc/arm-none-eabi/13.3.1/../../../../arm-none-eabi/bin/ld.exe: ./Src/main.o: in function `main':
C:/Haril_bitsilica/STM_training_module/driver_playist_2/L_series_I2C_interrupt_driver/I2C_Interrupt_driver/Debug/../Src/main.c:64:(.text.main+0x78): undefined reference to `NVIC_EnableIRQ'
collect2.exe: error: ld returned 1 exit status
make: *** [makefile:63: I2C_Interrupt_driver.elf] Error 1
"make -j8 all" terminated with exit code 2. Build might be incomplete.
15:11:59 **** Incremental Build of configuration Debug for project I2C_Interrupt_driver ****
make -j8 all 
arm-none-eabi-gcc "../Src/i2c_driver.c" -mcpu=cortex-m0plus -std=gnu11 -g3 -DDEBUG -DSTM32L0538_DISCO -DSTM32 -DSTM32L053C8Tx -DSTM32L0 -c -I../Inc -O0 -ffunction-sections -fdata-sections -Wall -fstack-usage -fcyclomatic-complexity -MMD -MP -MF"Src/i2c_driver.d" -MT"Src/i2c_driver.o" --specs=nano.specs -mfloat-abi=soft -mthumb -o "Src/i2c_driver.o"
arm-none-eabi-gcc "../Src/main.c" -mcpu=cortex-m0plus -std=gnu11 -g3 -DDEBUG -DSTM32L0538_DISCO -DSTM32 -DSTM32L053C8Tx -DSTM32L0 -c -I../Inc -O0 -ffunction-sections -fdata-sections -Wall -fstack-usage -fcyclomatic-complexity -MMD -MP -MF"Src/main.d" -MT"Src/main.o" --specs=nano.specs -mfloat-abi=soft -mthumb -o "Src/main.o"
../Src/main.c: In function 'main':
../Src/main.c:64:5: warning: implicit declaration of function 'NVIC_EnableIRQ' [-Wimplicit-function-declaration]
   64 |     NVIC_EnableIRQ(I2C1_IRQn);
      |     ^~~~~~~~~~~~~~
../Src/main.c:64:20: error: 'I2C1_IRQn' undeclared (first use in this function)
   64 |     NVIC_EnableIRQ(I2C1_IRQn);
      |                    ^~~~~~~~~
../Src/main.c:64:20: note: each undeclared identifier is reported only once for each function it appears in
make: *** [Src/subdir.mk:31: Src/main.o] Error 1
make: *** Waiting for unfinished jobs....
"make -j8 all" terminated with exit code 2. Build might be incomplete.
15:12:08 **** Incremental Build of configuration Debug for project I2C_Interrupt_driver ****
make -j8 all 
arm-none-eabi-gcc "../Src/i2c_driver.c" -mcpu=cortex-m0plus -std=gnu11 -g3 -DDEBUG -DSTM32L0538_DISCO -DSTM32 -DSTM32L053C8Tx -DSTM32L0 -c -I../Inc -O0 -ffunction-sections -fdata-sections -Wall -fstack-usage -fcyclomatic-complexity -MMD -MP -MF"Src/i2c_driver.d" -MT"Src/i2c_driver.o" --specs=nano.specs -mfloat-abi=soft -mthumb -o "Src/i2c_driver.o"
arm-none-eabi-gcc "../Src/main.c" -mcpu=cortex-m0plus -std=gnu11 -g3 -DDEBUG -DSTM32L0538_DISCO -DSTM32 -DSTM32L053C8Tx -DSTM32L0 -c -I../Inc -O0 -ffunction-sections -fdata-sections -Wall -fstack-usage -fcyclomatic-complexity -MMD -MP -MF"Src/main.d" -MT"Src/main.o" --specs=nano.specs -mfloat-abi=soft -mthumb -o "Src/main.o"
../Src/main.c: In function 'main':
../Src/main.c:64:5: warning: implicit declaration of function 'NVIC_EnableIRQ' [-Wimplicit-function-declaration]
   64 |     NVIC_EnableIRQ(I2C1_IRQn);
      |     ^~~~~~~~~~~~~~
arm-none-eabi-gcc -o "I2C_Interrupt_driver.elf" @"objects.list"   -mcpu=cortex-m0plus -T"C:\Haril_bitsilica\STM_training_module\driver_playist_2\L_series_I2C_interrupt_driver\I2C_Interrupt_driver\STM32L053C8TX_FLASH.ld" --specs=nosys.specs -Wl,-Map="I2C_Interrupt_driver.map" -Wl,--gc-sections -static --specs=nano.specs -mfloat-abi=soft -mthumb -Wl,--start-group -lc -lm -Wl,--end-group
C:/ST/STM32CubeIDE_1.19.0/STM32CubeIDE/plugins/com.st.stm32cube.ide.mcu.externaltools.gnu-tools-for-stm32.13.3.rel1.win32_1.0.0.202411081344/tools/bin/../lib/gcc/arm-none-eabi/13.3.1/../../../../arm-none-eabi/bin/ld.exe: ./Src/main.o: in function `main':
C:/Haril_bitsilica/STM_training_module/driver_playist_2/L_series_I2C_interrupt_driver/I2C_Interrupt_driver/Debug/../Src/main.c:64:(.text.main+0x78): undefined reference to `NVIC_EnableIRQ'
collect2.exe: error: ld returned 1 exit status
make: *** [makefile:63: I2C_Interrupt_driver.elf] Error 1
"make -j8 all" terminated with exit code 2. Build might be incomplete.
15:13:16 **** Incremental Build of configuration Debug for project I2C_Interrupt_driver ****
make -j8 all 
arm-none-eabi-gcc "../Src/main.c" -mcpu=cortex-m0plus -std=gnu11 -g3 -DDEBUG -DSTM32L0538_DISCO -DSTM32 -DSTM32L053C8Tx -DSTM32L0 -c -I../Inc -O0 -ffunction-sections -fdata-sections -Wall -fstack-usage -fcyclomatic-complexity -MMD -MP -MF"Src/main.d" -MT"Src/main.o" --specs=nano.specs -mfloat-abi=soft -mthumb -o "Src/main.o"
../Src/main.c:1:10: fatal error: stm32l0xx.h: No such file or directory
    1 | #include "stm32l0xx.h"
      |          ^~~~~~~~~~~~~
compilation terminated.
make: *** [Src/subdir.mk:31: Src/main.o] Error 1
"make -j8 all" terminated with exit code 2. Build might be incomplete.
15:13:54 **** Incremental Build of configuration Debug for project I2C_Interrupt_driver ****
make -j8 all 
arm-none-eabi-gcc "../Src/main.c" -mcpu=cortex-m0plus -std=gnu11 -g3 -DDEBUG -DSTM32L0538_DISCO -DSTM32 -DSTM32L053C8Tx -DSTM32L0 -c -I../Inc -O0 -ffunction-sections -fdata-sections -Wall -fstack-usage -fcyclomatic-complexity -MMD -MP -MF"Src/main.d" -MT"Src/main.o" --specs=nano.specs -mfloat-abi=soft -mthumb -o "Src/main.o"
../Src/main.c: In function 'main':
../Src/main.c:40:5: warning: implicit declaration of function 'NVIC_EnableIRQ' [-Wimplicit-function-declaration]
   40 |     NVIC_EnableIRQ(I2C1_IRQn);
      |     ^~~~~~~~~~~~~~
arm-none-eabi-gcc -o "I2C_Interrupt_driver.elf" @"objects.list"   -mcpu=cortex-m0plus -T"C:\Haril_bitsilica\STM_training_module\driver_playist_2\L_series_I2C_interrupt_driver\I2C_Interrupt_driver\STM32L053C8TX_FLASH.ld" --specs=nosys.specs -Wl,-Map="I2C_Interrupt_driver.map" -Wl,--gc-sections -static --specs=nano.specs -mfloat-abi=soft -mthumb -Wl,--start-group -lc -lm -Wl,--end-group
C:/ST/STM32CubeIDE_1.19.0/STM32CubeIDE/plugins/com.st.stm32cube.ide.mcu.externaltools.gnu-tools-for-stm32.13.3.rel1.win32_1.0.0.202411081344/tools/bin/../lib/gcc/arm-none-eabi/13.3.1/../../../../arm-none-eabi/bin/ld.exe: ./Src/main.o: in function `main':
C:/Haril_bitsilica/STM_training_module/driver_playist_2/L_series_I2C_interrupt_driver/I2C_Interrupt_driver/Debug/../Src/main.c:40:(.text.main+0x70): undefined reference to `NVIC_EnableIRQ'
collect2.exe: error: ld returned 1 exit status
make: *** [makefile:63: I2C_Interrupt_driver.elf] Error 1
"make -j8 all" terminated with exit code 2. Build might be incomplete.
15:14:23 **** Incremental Build of configuration Debug for project I2C_Interrupt_driver ****
make -j8 all 
arm-none-eabi-gcc "../Src/main.c" -mcpu=cortex-m0plus -std=gnu11 -g3 -DDEBUG -DSTM32L0538_DISCO -DSTM32 -DSTM32L053C8Tx -DSTM32L0 -c -I../Inc -O0 -ffunction-sections -fdata-sections -Wall -fstack-usage -fcyclomatic-complexity -MMD -MP -MF"Src/main.d" -MT"Src/main.o" --specs=nano.specs -mfloat-abi=soft -mthumb -o "Src/main.o"
../Src/main.c:7:10: fatal error: core_cm0plus.h: No such file or directory
    7 | #include "core_cm0plus.h"
      |          ^~~~~~~~~~~~~~~~
compilation terminated.
make: *** [Src/subdir.mk:31: Src/main.o] Error 1
"make -j8 all" terminated with exit code 2. Build might be incomplete.
15:14:49 **** Incremental Build of configuration Debug for project I2C_Interrupt_driver ****
make -j8 all 
arm-none-eabi-gcc "../Src/main.c" -mcpu=cortex-m0plus -std=gnu11 -g3 -DDEBUG -DSTM32L0538_DISCO -DSTM32 -DSTM32L053C8Tx -DSTM32L0 -c -I../Inc -O0 -ffunction-sections -fdata-sections -Wall -fstack-usage -fcyclomatic-complexity -MMD -MP -MF"Src/main.d" -MT"Src/main.o" --specs=nano.specs -mfloat-abi=soft -mthumb -o "Src/main.o"
../Src/main.c:1:10: fatal error: stm32l053xx.h: No such file or directory
    1 | #include "stm32l053xx.h"
      |          ^~~~~~~~~~~~~~~
compilation terminated.
make: *** [Src/subdir.mk:31: Src/main.o] Error 1
"make -j8 all" terminated with exit code 2. Build might be incomplete.
15:14:58 **** Incremental Build of configuration Debug for project I2C_Interrupt_driver ****
make -j8 all 
arm-none-eabi-gcc "../Src/main.c" -mcpu=cortex-m0plus -std=gnu11 -g3 -DDEBUG -DSTM32L0538_DISCO -DSTM32 -DSTM32L053C8Tx -DSTM32L0 -c -I../Inc -O0 -ffunction-sections -fdata-sections -Wall -fstack-usage -fcyclomatic-complexity -MMD -MP -MF"Src/main.d" -MT"Src/main.o" --specs=nano.specs -mfloat-abi=soft -mthumb -o "Src/main.o"
../Src/main.c:2:10: fatal error: core_cm0plus.h: No such file or directory
    2 | #include "core_cm0plus.h"
      |          ^~~~~~~~~~~~~~~~
compilation terminated.
make: *** [Src/subdir.mk:31: Src/main.o] Error 1
"make -j8 all" terminated with exit code 2. Build might be incomplete.
15:15:03 **** Incremental Build of configuration Debug for project I2C_Interrupt_driver ****
make -j8 all 
arm-none-eabi-gcc "../Src/main.c" -mcpu=cortex-m0plus -std=gnu11 -g3 -DDEBUG -DSTM32L0538_DISCO -DSTM32 -DSTM32L053C8Tx -DSTM32L0 -c -I../Inc -O0 -ffunction-sections -fdata-sections -Wall -fstack-usage -fcyclomatic-complexity -MMD -MP -MF"Src/main.d" -MT"Src/main.o" --specs=nano.specs -mfloat-abi=soft -mthumb -o "Src/main.o"
../Src/main.c: In function 'main':
../Src/main.c:41:5: warning: implicit declaration of function 'NVIC_EnableIRQ' [-Wimplicit-function-declaration]
   41 |     NVIC_EnableIRQ(I2C1_IRQn);
      |     ^~~~~~~~~~~~~~
arm-none-eabi-gcc -o "I2C_Interrupt_driver.elf" @"objects.list"   -mcpu=cortex-m0plus -T"C:\Haril_bitsilica\STM_training_module\driver_playist_2\L_series_I2C_interrupt_driver\I2C_Interrupt_driver\STM32L053C8TX_FLASH.ld" --specs=nosys.specs -Wl,-Map="I2C_Interrupt_driver.map" -Wl,--gc-sections -static --specs=nano.specs -mfloat-abi=soft -mthumb -Wl,--start-group -lc -lm -Wl,--end-group
C:/ST/STM32CubeIDE_1.19.0/STM32CubeIDE/plugins/com.st.stm32cube.ide.mcu.externaltools.gnu-tools-for-stm32.13.3.rel1.win32_1.0.0.202411081344/tools/bin/../lib/gcc/arm-none-eabi/13.3.1/../../../../arm-none-eabi/bin/ld.exe: ./Src/main.o: in function `main':
C:/Haril_bitsilica/STM_training_module/driver_playist_2/L_series_I2C_interrupt_driver/I2C_Interrupt_driver/Debug/../Src/main.c:41:(.text.main+0x70): undefined reference to `NVIC_EnableIRQ'
collect2.exe: error: ld returned 1 exit status
make: *** [makefile:63: I2C_Interrupt_driver.elf] Error 1
"make -j8 all" terminated with exit code 2. Build might be incomplete.
15:15:46 **** Incremental Build of configuration Debug for project I2C_Interrupt_driver ****
make -j8 all 
arm-none-eabi-gcc "../Src/main.c" -mcpu=cortex-m0plus -std=gnu11 -g3 -DDEBUG -DSTM32L0538_DISCO -DSTM32 -DSTM32L053C8Tx -DSTM32L0 -c -I../Inc -O0 -ffunction-sections -fdata-sections -Wall -fstack-usage -fcyclomatic-complexity -MMD -MP -MF"Src/main.d" -MT"Src/main.o" --specs=nano.specs -mfloat-abi=soft -mthumb -o "Src/main.o"
../Src/main.c:13: warning: "I2C1_IRQn" redefined
   13 | #define I2C1_IRQn 23   /* correct IRQ number for STM32L053xx */
      | 
In file included from ../Src/main.c:2:
../Inc/I2c_driver.h:210: note: this is the location of the previous definition
  210 | #define I2C1_IRQn 29
      | 
arm-none-eabi-gcc -o "I2C_Interrupt_driver.elf" @"objects.list"   -mcpu=cortex-m0plus -T"C:\Haril_bitsilica\STM_training_module\driver_playist_2\L_series_I2C_interrupt_driver\I2C_Interrupt_driver\STM32L053C8TX_FLASH.ld" --specs=nosys.specs -Wl,-Map="I2C_Interrupt_driver.map" -Wl,--gc-sections -static --specs=nano.specs -mfloat-abi=soft -mthumb -Wl,--start-group -lc -lm -Wl,--end-group
Finished building target: I2C_Interrupt_driver.elf
 
arm-none-eabi-size  I2C_Interrupt_driver.elf 
arm-none-eabi-objdump -h -S I2C_Interrupt_driver.elf  > "I2C_Interrupt_driver.list"
   text	   data	    bss	    dec	    hex	filename
   2092	      0	   1600	   3692	    e6c	I2C_Interrupt_driver.elf
Finished building: default.size.stdout
 
Finished building: I2C_Interrupt_driver.list
 
15:16:01 **** Incremental Build of configuration Debug for project I2C_Interrupt_driver ****
make -j8 all 
arm-none-eabi-gcc "../Src/main.c" -mcpu=cortex-m0plus -std=gnu11 -g3 -DDEBUG -DSTM32L0538_DISCO -DSTM32 -DSTM32L053C8Tx -DSTM32L0 -c -I../Inc -O0 -ffunction-sections -fdata-sections -Wall -fstack-usage -fcyclomatic-complexity -MMD -MP -MF"Src/main.d" -MT"Src/main.o" --specs=nano.specs -mfloat-abi=soft -mthumb -o "Src/main.o"
arm-none-eabi-gcc -o "I2C_Interrupt_driver.elf" @"objects.list"   -mcpu=cortex-m0plus -T"C:\Haril_bitsilica\STM_training_module\driver_playist_2\L_series_I2C_interrupt_driver\I2C_Interrupt_driver\STM32L053C8TX_FLASH.ld" --specs=nosys.specs -Wl,-Map="I2C_Interrupt_driver.map" -Wl,--gc-sections -static --specs=nano.specs -mfloat-abi=soft -mthumb -Wl,--start-group -lc -lm -Wl,--end-group
Finished building target: I2C_Interrupt_driver.elf
 
arm-none-eabi-size  I2C_Interrupt_driver.elf 
arm-none-eabi-objdump -h -S I2C_Interrupt_driver.elf  > "I2C_Interrupt_driver.list"
   text	   data	    bss	    dec	    hex	filename
   2092	      0	   1600	   3692	    e6c	I2C_Interrupt_driver.elf
Finished building: default.size.stdout
 
Finished building: I2C_Interrupt_driver.list
 
15:16:08 **** Incremental Build of configuration Debug for project I2C_Interrupt_driver ****
make -j8 all 
arm-none-eabi-gcc "../Src/main.c" -mcpu=cortex-m0plus -std=gnu11 -g3 -DDEBUG -DSTM32L0538_DISCO -DSTM32 -DSTM32L053C8Tx -DSTM32L0 -c -I../Inc -O0 -ffunction-sections -fdata-sections -Wall -fstack-usage -fcyclomatic-complexity -MMD -MP -MF"Src/main.d" -MT"Src/main.o" --specs=nano.specs -mfloat-abi=soft -mthumb -o "Src/main.o"
arm-none-eabi-gcc -o "I2C_Interrupt_driver.elf" @"objects.list"   -mcpu=cortex-m0plus -T"C:\Haril_bitsilica\STM_training_module\driver_playist_2\L_series_I2C_interrupt_driver\I2C_Interrupt_driver\STM32L053C8TX_FLASH.ld" --specs=nosys.specs -Wl,-Map="I2C_Interrupt_driver.map" -Wl,--gc-sections -static --specs=nano.specs -mfloat-abi=soft -mthumb -Wl,--start-group -lc -lm -Wl,--end-group
Finished building target: I2C_Interrupt_driver.elf
 
arm-none-eabi-size  I2C_Interrupt_driver.elf 
arm-none-eabi-objdump -h -S I2C_Interrupt_driver.elf  > "I2C_Interrupt_driver.list"
   text	   data	    bss	    dec	    hex	filename
   2092	      0	   1600	   3692	    e6c	I2C_Interrupt_driver.elf
Finished building: default.size.stdout
 
Finished building: I2C_Interrupt_driver.list
 
