../Src/spi_driver.c:12:6:SPI_PeriClockControl	16	static
../Src/spi_driver.c:26:6:SPI_Init	24	static
../Src/spi_driver.c:63:6:SPI_DeInit	16	static
../Src/spi_driver.c:69:6:SPI_Enable	16	static
../Src/spi_driver.c:77:6:SPI_ClockControl	16	static
../Src/spi_driver.c:91:9:SPI_GetFlagStatus	16	static
../Src/spi_driver.c:98:6:SPI_SendData	24	static
../Src/spi_driver.c:111:6:SPI_ReceiveData	24	static
../Src/spi_driver.c:122:6:SPI_SSIConfig	16	static
../Src/spi_driver.c:136:20:dma_disable_channel	16	static
../Src/spi_driver.c:141:20:dma_enable_channel	16	static
../Src/spi_driver.c:146:20:dma_set_cpar	16	static
../Src/spi_driver.c:151:20:dma_set_cmar	16	static
../Src/spi_driver.c:156:20:dma_set_cndtr	16	static
../Src/spi_driver.c:161:20:dma_set_dir_mem2per	16	static
../Src/spi_driver.c:166:20:dma_set_dir_per2mem	16	static
../Src/spi_driver.c:171:20:dma_enable_mem_inc	16	static
../Src/spi_driver.c:176:20:dma_set_size_8bit	24	static
../Src/spi_driver.c:184:20:dma_enable_tc_interrupt	16	static
../Src/spi_driver.c:189:6:SPI_DMA_TxInit	32	static
../Src/spi_driver.c:216:6:SPI_DMA_RxInit	32	static
../Src/spi_driver.c:242:6:SPI_DMA_Enable	16	static
../Src/spi_driver.c:251:6:SPI_DMA_Disable	16	static
../Src/spi_driver.c:259:6:SPI_DMA_TxCompleteCallback	16	static
../Src/spi_driver.c:266:6:SPI_DMA_RxCompleteCallback	16	static
