17:15:04 **** Clean-only build of configuration Debug for project Room Climate Logger ****
make -j8 clean 
rm -rf ./Drivers/STM32F4xx_HAL_Driver/Src/stm32f4xx_hal.cyclo ./Drivers/STM32F4xx_HAL_Driver/Src/stm32f4xx_hal.d ./Drivers/STM32F4xx_HAL_Driver/Src/stm32f4xx_hal.o ./Drivers/STM32F4xx_HAL_Driver/Src/stm32f4xx_hal.su ./Drivers/STM32F4xx_HAL_Driver/Src/stm32f4xx_hal_cortex.cyclo ./Drivers/STM32F4xx_HAL_Driver/Src/stm32f4xx_hal_cortex.d ./Drivers/STM32F4xx_HAL_Driver/Src/stm32f4xx_hal_cortex.o ./Drivers/STM32F4xx_HAL_Driver/Src/stm32f4xx_hal_cortex.su ./Drivers/STM32F4xx_HAL_Driver/Src/stm32f4xx_hal_dma.cyclo ./Drivers/STM32F4xx_HAL_Driver/Src/stm32f4xx_hal_dma.d ./Drivers/STM32F4xx_HAL_Driver/Src/stm32f4xx_hal_dma.o ./Drivers/STM32F4xx_HAL_Driver/Src/stm32f4xx_hal_dma.su ./Drivers/STM32F4xx_HAL_Driver/Src/stm32f4xx_hal_dma_ex.cyclo ./Drivers/STM32F4xx_HAL_Driver/Src/stm32f4xx_hal_dma_ex.d ./Drivers/STM32F4xx_HAL_Driver/Src/stm32f4xx_hal_dma_ex.o ./Drivers/STM32F4xx_HAL_Driver/Src/stm32f4xx_hal_dma_ex.su ./Drivers/STM32F4xx_HAL_Driver/Src/stm32f4xx_hal_exti.cyclo ./Drivers/STM32F4xx_HAL_Driver/Src/stm32f4xx_hal_exti.d ./Drivers/STM32F4xx_HAL_Driver/Src/stm32f4xx_hal_exti.o ./Drivers/STM32F4xx_HAL_Driver/Src/stm32f4xx_hal_exti.su ./Drivers/STM32F4xx_HAL_Driver/Src/stm32f4xx_hal_flash.cyclo ./Drivers/STM32F4xx_HAL_Driver/Src/stm32f4xx_hal_flash.d ./Drivers/STM32F4xx_HAL_Driver/Src/stm32f4xx_hal_flash.o ./Drivers/STM32F4xx_HAL_Driver/Src/stm32f4xx_hal_flash.su ./Drivers/STM32F4xx_HAL_Driver/Src/stm32f4xx_hal_flash_ex.cyclo ./Drivers/STM32F4xx_HAL_Driver/Src/stm32f4xx_hal_flash_ex.d ./Drivers/STM32F4xx_HAL_Driver/Src/stm32f4xx_hal_flash_ex.o ./Drivers/STM32F4xx_HAL_Driver/Src/stm32f4xx_hal_flash_ex.su ./Drivers/STM32F4xx_HAL_Driver/Src/stm32f4xx_hal_flash_ramfunc.cyclo ./Drivers/STM32F4xx_HAL_Driver/Src/stm32f4xx_hal_flash_ramfunc.d ./Drivers/STM32F4xx_HAL_Driver/Src/stm32f4xx_hal_flash_ramfunc.o ./Drivers/STM32F4xx_HAL_Driver/Src/stm32f4xx_hal_flash_ramfunc.su ./Drivers/STM32F4xx_HAL_Driver/Src/stm32f4xx_hal_gpio.cyclo ./Drivers/STM32F4xx_HAL_Driver/Src/stm32f4xx_hal_gpio.d ./Drivers/STM32F4xx_HAL_Driver/Src/stm32f4xx_hal_gpio.o ./Drivers/STM32F4xx_HAL_Driver/Src/stm32f4xx_hal_gpio.su ./Drivers/STM32F4xx_HAL_Driver/Src/stm32f4xx_hal_i2c.cyclo ./Drivers/STM32F4xx_HAL_Driver/Src/stm32f4xx_hal_i2c.d ./Drivers/STM32F4xx_HAL_Driver/Src/stm32f4xx_hal_i2c.o ./Drivers/STM32F4xx_HAL_Driver/Src/stm32f4xx_hal_i2c.su ./Drivers/STM32F4xx_HAL_Driver/Src/stm32f4xx_hal_i2c_ex.cyclo ./Drivers/STM32F4xx_HAL_Driver/Src/stm32f4xx_hal_i2c_ex.d ./Drivers/STM32F4xx_HAL_Driver/Src/stm32f4xx_hal_i2c_ex.o ./Drivers/STM32F4xx_HAL_Driver/Src/stm32f4xx_hal_i2c_ex.su ./Drivers/STM32F4xx_HAL_Driver/Src/stm32f4xx_hal_pwr.cyclo ./Drivers/STM32F4xx_HAL_Driver/Src/stm32f4xx_hal_pwr.d ./Drivers/STM32F4xx_HAL_Driver/Src/stm32f4xx_hal_pwr.o ./Drivers/STM32F4xx_HAL_Driver/Src/stm32f4xx_hal_pwr.su ./Drivers/STM32F4xx_HAL_Driver/Src/stm32f4xx_hal_pwr_ex.cyclo ./Drivers/STM32F4xx_HAL_Driver/Src/stm32f4xx_hal_pwr_ex.d ./Drivers/STM32F4xx_HAL_Driver/Src/stm32f4xx_hal_pwr_ex.o ./Drivers/STM32F4xx_HAL_Driver/Src/stm32f4xx_hal_pwr_ex.su ./Drivers/STM32F4xx_HAL_Driver/Src/stm32f4xx_hal_rcc.cyclo ./Drivers/STM32F4xx_HAL_Driver/Src/stm32f4xx_hal_rcc.d ./Drivers/STM32F4xx_HAL_Driver/Src/stm32f4xx_hal_rcc.o ./Drivers/STM32F4xx_HAL_Driver/Src/stm32f4xx_hal_rcc.su ./Drivers/STM32F4xx_HAL_Driver/Src/stm32f4xx_hal_rcc_ex.cyclo ./Drivers/STM32F4xx_HAL_Driver/Src/stm32f4xx_hal_rcc_ex.d ./Drivers/STM32F4xx_HAL_Driver/Src/stm32f4xx_hal_rcc_ex.o ./Drivers/STM32F4xx_HAL_Driver/Src/stm32f4xx_hal_rcc_ex.su ./Drivers/STM32F4xx_HAL_Driver/Src/stm32f4xx_hal_spi.cyclo ./Drivers/STM32F4xx_HAL_Driver/Src/stm32f4xx_hal_spi.d ./Drivers/STM32F4xx_HAL_Driver/Src/stm32f4xx_hal_spi.o ./Drivers/STM32F4xx_HAL_Driver/Src/stm32f4xx_hal_spi.su ./Drivers/STM32F4xx_HAL_Driver/Src/stm32f4xx_hal_uart.cyclo ./Drivers/STM32F4xx_HAL_Driver/Src/stm32f4xx_hal_uart.d ./Drivers/STM32F4xx_HAL_Driver/Src/stm32f4xx_hal_uart.o ./Drivers/STM32F4xx_HAL_Driver/Src/stm32f4xx_hal_uart.su
rm -rf ./Core/Startup/startup_stm32f411retx.d ./Core/Startup/startup_stm32f411retx.o
rm -rf ./Core/Src/BMI160.cyclo ./Core/Src/BMI160.d ./Core/Src/BMI160.o ./Core/Src/BMI160.su ./Core/Src/OPT3001.cyclo ./Core/Src/OPT3001.d ./Core/Src/OPT3001.o ./Core/Src/OPT3001.su ./Core/Src/TMP007.cyclo ./Core/Src/TMP007.d ./Core/Src/TMP007.o ./Core/Src/TMP007.su ./Core/Src/gpio.cyclo ./Core/Src/gpio.d ./Core/Src/gpio.o ./Core/Src/gpio.su ./Core/Src/i2c.cyclo ./Core/Src/i2c.d ./Core/Src/i2c.o ./Core/Src/i2c.su ./Core/Src/main.cyclo ./Core/Src/main.d ./Core/Src/main.o ./Core/Src/main.su ./Core/Src/spi.cyclo ./Core/Src/spi.d ./Core/Src/spi.o ./Core/Src/spi.su ./Core/Src/stm32f4xx_hal_msp.cyclo ./Core/Src/stm32f4xx_hal_msp.d ./Core/Src/stm32f4xx_hal_msp.o ./Core/Src/stm32f4xx_hal_msp.su ./Core/Src/stm32f4xx_it.cyclo ./Core/Src/stm32f4xx_it.d ./Core/Src/stm32f4xx_it.o ./Core/Src/stm32f4xx_it.su ./Core/Src/syscalls.cyclo ./Core/Src/syscalls.d ./Core/Src/syscalls.o ./Core/Src/syscalls.su ./Core/Src/sysmem.cyclo ./Core/Src/sysmem.d ./Core/Src/sysmem.o ./Core/Src/sysmem.su ./Core/Src/system_stm32f4xx.cyclo ./Core/Src/system_stm32f4xx.d ./Core/Src/system_stm32f4xx.o ./Core/Src/system_stm32f4xx.su ./Core/Src/usart.cyclo ./Core/Src/usart.d ./Core/Src/usart.o ./Core/Src/usart.su
rm -rf Room\ Climate\ Logger.elf Room\ Climate\ Logger.list Room\ Climate\ Logger.map Room\\ Climate\\ Logger.elf default.size.stdout
 
17:15:07 **** Build of configuration Debug for project Room Climate Logger ****
make -j8 all 
arm-none-eabi-gcc "../Drivers/STM32F4xx_HAL_Driver/Src/stm32f4xx_hal.c" -mcpu=cortex-m4 -std=gnu11 -g3 -DDEBUG -DUSE_HAL_DRIVER -DSTM32F411xE -c -I../Core/Inc -I../Drivers/STM32F4xx_HAL_Driver/Inc -I../Drivers/STM32F4xx_HAL_Driver/Inc/Legacy -I../Drivers/CMSIS/Device/ST/STM32F4xx/Include -I../Drivers/CMSIS/Include -O0 -ffunction-sections -fdata-sections -Wall -fstack-usage -fcyclomatic-complexity -MMD -MP -MF"Drivers/STM32F4xx_HAL_Driver/Src/stm32f4xx_hal.d" -MT"Drivers/STM32F4xx_HAL_Driver/Src/stm32f4xx_hal.o" --specs=nano.specs -mfpu=fpv4-sp-d16 -mfloat-abi=hard -mthumb -o "Drivers/STM32F4xx_HAL_Driver/Src/stm32f4xx_hal.o"
arm-none-eabi-gcc "../Drivers/STM32F4xx_HAL_Driver/Src/stm32f4xx_hal_cortex.c" -mcpu=cortex-m4 -std=gnu11 -g3 -DDEBUG -DUSE_HAL_DRIVER -DSTM32F411xE -c -I../Core/Inc -I../Drivers/STM32F4xx_HAL_Driver/Inc -I../Drivers/STM32F4xx_HAL_Driver/Inc/Legacy -I../Drivers/CMSIS/Device/ST/STM32F4xx/Include -I../Drivers/CMSIS/Include -O0 -ffunction-sections -fdata-sections -Wall -fstack-usage -fcyclomatic-complexity -MMD -MP -MF"Drivers/STM32F4xx_HAL_Driver/Src/stm32f4xx_hal_cortex.d" -MT"Drivers/STM32F4xx_HAL_Driver/Src/stm32f4xx_hal_cortex.o" --specs=nano.specs -mfpu=fpv4-sp-d16 -mfloat-abi=hard -mthumb -o "Drivers/STM32F4xx_HAL_Driver/Src/stm32f4xx_hal_cortex.o"
arm-none-eabi-gcc "../Drivers/STM32F4xx_HAL_Driver/Src/stm32f4xx_hal_dma.c" -mcpu=cortex-m4 -std=gnu11 -g3 -DDEBUG -DUSE_HAL_DRIVER -DSTM32F411xE -c -I../Core/Inc -I../Drivers/STM32F4xx_HAL_Driver/Inc -I../Drivers/STM32F4xx_HAL_Driver/Inc/Legacy -I../Drivers/CMSIS/Device/ST/STM32F4xx/Include -I../Drivers/CMSIS/Include -O0 -ffunction-sections -fdata-sections -Wall -fstack-usage -fcyclomatic-complexity -MMD -MP -MF"Drivers/STM32F4xx_HAL_Driver/Src/stm32f4xx_hal_dma.d" -MT"Drivers/STM32F4xx_HAL_Driver/Src/stm32f4xx_hal_dma.o" --specs=nano.specs -mfpu=fpv4-sp-d16 -mfloat-abi=hard -mthumb -o "Drivers/STM32F4xx_HAL_Driver/Src/stm32f4xx_hal_dma.o"
arm-none-eabi-gcc "../Drivers/STM32F4xx_HAL_Driver/Src/stm32f4xx_hal_dma_ex.c" -mcpu=cortex-m4 -std=gnu11 -g3 -DDEBUG -DUSE_HAL_DRIVER -DSTM32F411xE -c -I../Core/Inc -I../Drivers/STM32F4xx_HAL_Driver/Inc -I../Drivers/STM32F4xx_HAL_Driver/Inc/Legacy -I../Drivers/CMSIS/Device/ST/STM32F4xx/Include -I../Drivers/CMSIS/Include -O0 -ffunction-sections -fdata-sections -Wall -fstack-usage -fcyclomatic-complexity -MMD -MP -MF"Drivers/STM32F4xx_HAL_Driver/Src/stm32f4xx_hal_dma_ex.d" -MT"Drivers/STM32F4xx_HAL_Driver/Src/stm32f4xx_hal_dma_ex.o" --specs=nano.specs -mfpu=fpv4-sp-d16 -mfloat-abi=hard -mthumb -o "Drivers/STM32F4xx_HAL_Driver/Src/stm32f4xx_hal_dma_ex.o"
arm-none-eabi-gcc "../Drivers/STM32F4xx_HAL_Driver/Src/stm32f4xx_hal_exti.c" -mcpu=cortex-m4 -std=gnu11 -g3 -DDEBUG -DUSE_HAL_DRIVER -DSTM32F411xE -c -I../Core/Inc -I../Drivers/STM32F4xx_HAL_Driver/Inc -I../Drivers/STM32F4xx_HAL_Driver/Inc/Legacy -I../Drivers/CMSIS/Device/ST/STM32F4xx/Include -I../Drivers/CMSIS/Include -O0 -ffunction-sections -fdata-sections -Wall -fstack-usage -fcyclomatic-complexity -MMD -MP -MF"Drivers/STM32F4xx_HAL_Driver/Src/stm32f4xx_hal_exti.d" -MT"Drivers/STM32F4xx_HAL_Driver/Src/stm32f4xx_hal_exti.o" --specs=nano.specs -mfpu=fpv4-sp-d16 -mfloat-abi=hard -mthumb -o "Drivers/STM32F4xx_HAL_Driver/Src/stm32f4xx_hal_exti.o"
arm-none-eabi-gcc "../Drivers/STM32F4xx_HAL_Driver/Src/stm32f4xx_hal_flash.c" -mcpu=cortex-m4 -std=gnu11 -g3 -DDEBUG -DUSE_HAL_DRIVER -DSTM32F411xE -c -I../Core/Inc -I../Drivers/STM32F4xx_HAL_Driver/Inc -I../Drivers/STM32F4xx_HAL_Driver/Inc/Legacy -I../Drivers/CMSIS/Device/ST/STM32F4xx/Include -I../Drivers/CMSIS/Include -O0 -ffunction-sections -fdata-sections -Wall -fstack-usage -fcyclomatic-complexity -MMD -MP -MF"Drivers/STM32F4xx_HAL_Driver/Src/stm32f4xx_hal_flash.d" -MT"Drivers/STM32F4xx_HAL_Driver/Src/stm32f4xx_hal_flash.o" --specs=nano.specs -mfpu=fpv4-sp-d16 -mfloat-abi=hard -mthumb -o "Drivers/STM32F4xx_HAL_Driver/Src/stm32f4xx_hal_flash.o"
arm-none-eabi-gcc "../Drivers/STM32F4xx_HAL_Driver/Src/stm32f4xx_hal_flash_ex.c" -mcpu=cortex-m4 -std=gnu11 -g3 -DDEBUG -DUSE_HAL_DRIVER -DSTM32F411xE -c -I../Core/Inc -I../Drivers/STM32F4xx_HAL_Driver/Inc -I../Drivers/STM32F4xx_HAL_Driver/Inc/Legacy -I../Drivers/CMSIS/Device/ST/STM32F4xx/Include -I../Drivers/CMSIS/Include -O0 -ffunction-sections -fdata-sections -Wall -fstack-usage -fcyclomatic-complexity -MMD -MP -MF"Drivers/STM32F4xx_HAL_Driver/Src/stm32f4xx_hal_flash_ex.d" -MT"Drivers/STM32F4xx_HAL_Driver/Src/stm32f4xx_hal_flash_ex.o" --specs=nano.specs -mfpu=fpv4-sp-d16 -mfloat-abi=hard -mthumb -o "Drivers/STM32F4xx_HAL_Driver/Src/stm32f4xx_hal_flash_ex.o"
arm-none-eabi-gcc "../Drivers/STM32F4xx_HAL_Driver/Src/stm32f4xx_hal_flash_ramfunc.c" -mcpu=cortex-m4 -std=gnu11 -g3 -DDEBUG -DUSE_HAL_DRIVER -DSTM32F411xE -c -I../Core/Inc -I../Drivers/STM32F4xx_HAL_Driver/Inc -I../Drivers/STM32F4xx_HAL_Driver/Inc/Legacy -I../Drivers/CMSIS/Device/ST/STM32F4xx/Include -I../Drivers/CMSIS/Include -O0 -ffunction-sections -fdata-sections -Wall -fstack-usage -fcyclomatic-complexity -MMD -MP -MF"Drivers/STM32F4xx_HAL_Driver/Src/stm32f4xx_hal_flash_ramfunc.d" -MT"Drivers/STM32F4xx_HAL_Driver/Src/stm32f4xx_hal_flash_ramfunc.o" --specs=nano.specs -mfpu=fpv4-sp-d16 -mfloat-abi=hard -mthumb -o "Drivers/STM32F4xx_HAL_Driver/Src/stm32f4xx_hal_flash_ramfunc.o"
arm-none-eabi-gcc "../Drivers/STM32F4xx_HAL_Driver/Src/stm32f4xx_hal_gpio.c" -mcpu=cortex-m4 -std=gnu11 -g3 -DDEBUG -DUSE_HAL_DRIVER -DSTM32F411xE -c -I../Core/Inc -I../Drivers/STM32F4xx_HAL_Driver/Inc -I../Drivers/STM32F4xx_HAL_Driver/Inc/Legacy -I../Drivers/CMSIS/Device/ST/STM32F4xx/Include -I../Drivers/CMSIS/Include -O0 -ffunction-sections -fdata-sections -Wall -fstack-usage -fcyclomatic-complexity -MMD -MP -MF"Drivers/STM32F4xx_HAL_Driver/Src/stm32f4xx_hal_gpio.d" -MT"Drivers/STM32F4xx_HAL_Driver/Src/stm32f4xx_hal_gpio.o" --specs=nano.specs -mfpu=fpv4-sp-d16 -mfloat-abi=hard -mthumb -o "Drivers/STM32F4xx_HAL_Driver/Src/stm32f4xx_hal_gpio.o"
arm-none-eabi-gcc "../Drivers/STM32F4xx_HAL_Driver/Src/stm32f4xx_hal_i2c.c" -mcpu=cortex-m4 -std=gnu11 -g3 -DDEBUG -DUSE_HAL_DRIVER -DSTM32F411xE -c -I../Core/Inc -I../Drivers/STM32F4xx_HAL_Driver/Inc -I../Drivers/STM32F4xx_HAL_Driver/Inc/Legacy -I../Drivers/CMSIS/Device/ST/STM32F4xx/Include -I../Drivers/CMSIS/Include -O0 -ffunction-sections -fdata-sections -Wall -fstack-usage -fcyclomatic-complexity -MMD -MP -MF"Drivers/STM32F4xx_HAL_Driver/Src/stm32f4xx_hal_i2c.d" -MT"Drivers/STM32F4xx_HAL_Driver/Src/stm32f4xx_hal_i2c.o" --specs=nano.specs -mfpu=fpv4-sp-d16 -mfloat-abi=hard -mthumb -o "Drivers/STM32F4xx_HAL_Driver/Src/stm32f4xx_hal_i2c.o"
arm-none-eabi-gcc "../Drivers/STM32F4xx_HAL_Driver/Src/stm32f4xx_hal_i2c_ex.c" -mcpu=cortex-m4 -std=gnu11 -g3 -DDEBUG -DUSE_HAL_DRIVER -DSTM32F411xE -c -I../Core/Inc -I../Drivers/STM32F4xx_HAL_Driver/Inc -I../Drivers/STM32F4xx_HAL_Driver/Inc/Legacy -I../Drivers/CMSIS/Device/ST/STM32F4xx/Include -I../Drivers/CMSIS/Include -O0 -ffunction-sections -fdata-sections -Wall -fstack-usage -fcyclomatic-complexity -MMD -MP -MF"Drivers/STM32F4xx_HAL_Driver/Src/stm32f4xx_hal_i2c_ex.d" -MT"Drivers/STM32F4xx_HAL_Driver/Src/stm32f4xx_hal_i2c_ex.o" --specs=nano.specs -mfpu=fpv4-sp-d16 -mfloat-abi=hard -mthumb -o "Drivers/STM32F4xx_HAL_Driver/Src/stm32f4xx_hal_i2c_ex.o"
arm-none-eabi-gcc "../Drivers/STM32F4xx_HAL_Driver/Src/stm32f4xx_hal_pwr.c" -mcpu=cortex-m4 -std=gnu11 -g3 -DDEBUG -DUSE_HAL_DRIVER -DSTM32F411xE -c -I../Core/Inc -I../Drivers/STM32F4xx_HAL_Driver/Inc -I../Drivers/STM32F4xx_HAL_Driver/Inc/Legacy -I../Drivers/CMSIS/Device/ST/STM32F4xx/Include -I../Drivers/CMSIS/Include -O0 -ffunction-sections -fdata-sections -Wall -fstack-usage -fcyclomatic-complexity -MMD -MP -MF"Drivers/STM32F4xx_HAL_Driver/Src/stm32f4xx_hal_pwr.d" -MT"Drivers/STM32F4xx_HAL_Driver/Src/stm32f4xx_hal_pwr.o" --specs=nano.specs -mfpu=fpv4-sp-d16 -mfloat-abi=hard -mthumb -o "Drivers/STM32F4xx_HAL_Driver/Src/stm32f4xx_hal_pwr.o"
arm-none-eabi-gcc "../Drivers/STM32F4xx_HAL_Driver/Src/stm32f4xx_hal_pwr_ex.c" -mcpu=cortex-m4 -std=gnu11 -g3 -DDEBUG -DUSE_HAL_DRIVER -DSTM32F411xE -c -I../Core/Inc -I../Drivers/STM32F4xx_HAL_Driver/Inc -I../Drivers/STM32F4xx_HAL_Driver/Inc/Legacy -I../Drivers/CMSIS/Device/ST/STM32F4xx/Include -I../Drivers/CMSIS/Include -O0 -ffunction-sections -fdata-sections -Wall -fstack-usage -fcyclomatic-complexity -MMD -MP -MF"Drivers/STM32F4xx_HAL_Driver/Src/stm32f4xx_hal_pwr_ex.d" -MT"Drivers/STM32F4xx_HAL_Driver/Src/stm32f4xx_hal_pwr_ex.o" --specs=nano.specs -mfpu=fpv4-sp-d16 -mfloat-abi=hard -mthumb -o "Drivers/STM32F4xx_HAL_Driver/Src/stm32f4xx_hal_pwr_ex.o"
arm-none-eabi-gcc "../Drivers/STM32F4xx_HAL_Driver/Src/stm32f4xx_hal_rcc.c" -mcpu=cortex-m4 -std=gnu11 -g3 -DDEBUG -DUSE_HAL_DRIVER -DSTM32F411xE -c -I../Core/Inc -I../Drivers/STM32F4xx_HAL_Driver/Inc -I../Drivers/STM32F4xx_HAL_Driver/Inc/Legacy -I../Drivers/CMSIS/Device/ST/STM32F4xx/Include -I../Drivers/CMSIS/Include -O0 -ffunction-sections -fdata-sections -Wall -fstack-usage -fcyclomatic-complexity -MMD -MP -MF"Drivers/STM32F4xx_HAL_Driver/Src/stm32f4xx_hal_rcc.d" -MT"Drivers/STM32F4xx_HAL_Driver/Src/stm32f4xx_hal_rcc.o" --specs=nano.specs -mfpu=fpv4-sp-d16 -mfloat-abi=hard -mthumb -o "Drivers/STM32F4xx_HAL_Driver/Src/stm32f4xx_hal_rcc.o"
arm-none-eabi-gcc "../Drivers/STM32F4xx_HAL_Driver/Src/stm32f4xx_hal_rcc_ex.c" -mcpu=cortex-m4 -std=gnu11 -g3 -DDEBUG -DUSE_HAL_DRIVER -DSTM32F411xE -c -I../Core/Inc -I../Drivers/STM32F4xx_HAL_Driver/Inc -I../Drivers/STM32F4xx_HAL_Driver/Inc/Legacy -I../Drivers/CMSIS/Device/ST/STM32F4xx/Include -I../Drivers/CMSIS/Include -O0 -ffunction-sections -fdata-sections -Wall -fstack-usage -fcyclomatic-complexity -MMD -MP -MF"Drivers/STM32F4xx_HAL_Driver/Src/stm32f4xx_hal_rcc_ex.d" -MT"Drivers/STM32F4xx_HAL_Driver/Src/stm32f4xx_hal_rcc_ex.o" --specs=nano.specs -mfpu=fpv4-sp-d16 -mfloat-abi=hard -mthumb -o "Drivers/STM32F4xx_HAL_Driver/Src/stm32f4xx_hal_rcc_ex.o"
arm-none-eabi-gcc "../Drivers/STM32F4xx_HAL_Driver/Src/stm32f4xx_hal_spi.c" -mcpu=cortex-m4 -std=gnu11 -g3 -DDEBUG -DUSE_HAL_DRIVER -DSTM32F411xE -c -I../Core/Inc -I../Drivers/STM32F4xx_HAL_Driver/Inc -I../Drivers/STM32F4xx_HAL_Driver/Inc/Legacy -I../Drivers/CMSIS/Device/ST/STM32F4xx/Include -I../Drivers/CMSIS/Include -O0 -ffunction-sections -fdata-sections -Wall -fstack-usage -fcyclomatic-complexity -MMD -MP -MF"Drivers/STM32F4xx_HAL_Driver/Src/stm32f4xx_hal_spi.d" -MT"Drivers/STM32F4xx_HAL_Driver/Src/stm32f4xx_hal_spi.o" --specs=nano.specs -mfpu=fpv4-sp-d16 -mfloat-abi=hard -mthumb -o "Drivers/STM32F4xx_HAL_Driver/Src/stm32f4xx_hal_spi.o"
arm-none-eabi-gcc "../Drivers/STM32F4xx_HAL_Driver/Src/stm32f4xx_hal_uart.c" -mcpu=cortex-m4 -std=gnu11 -g3 -DDEBUG -DUSE_HAL_DRIVER -DSTM32F411xE -c -I../Core/Inc -I../Drivers/STM32F4xx_HAL_Driver/Inc -I../Drivers/STM32F4xx_HAL_Driver/Inc/Legacy -I../Drivers/CMSIS/Device/ST/STM32F4xx/Include -I../Drivers/CMSIS/Include -O0 -ffunction-sections -fdata-sections -Wall -fstack-usage -fcyclomatic-complexity -MMD -MP -MF"Drivers/STM32F4xx_HAL_Driver/Src/stm32f4xx_hal_uart.d" -MT"Drivers/STM32F4xx_HAL_Driver/Src/stm32f4xx_hal_uart.o" --specs=nano.specs -mfpu=fpv4-sp-d16 -mfloat-abi=hard -mthumb -o "Drivers/STM32F4xx_HAL_Driver/Src/stm32f4xx_hal_uart.o"
arm-none-eabi-gcc -mcpu=cortex-m4 -g3 -DDEBUG -c -x assembler-with-cpp -MMD -MP -MF"Core/Startup/startup_stm32f411retx.d" -MT"Core/Startup/startup_stm32f411retx.o" --specs=nano.specs -mfpu=fpv4-sp-d16 -mfloat-abi=hard -mthumb -o "Core/Startup/startup_stm32f411retx.o" "../Core/Startup/startup_stm32f411retx.s"
arm-none-eabi-gcc "../Core/Src/BMI160.c" -mcpu=cortex-m4 -std=gnu11 -g3 -DDEBUG -DUSE_HAL_DRIVER -DSTM32F411xE -c -I../Core/Inc -I../Drivers/STM32F4xx_HAL_Driver/Inc -I../Drivers/STM32F4xx_HAL_Driver/Inc/Legacy -I../Drivers/CMSIS/Device/ST/STM32F4xx/Include -I../Drivers/CMSIS/Include -O0 -ffunction-sections -fdata-sections -Wall -fstack-usage -fcyclomatic-complexity -MMD -MP -MF"Core/Src/BMI160.d" -MT"Core/Src/BMI160.o" --specs=nano.specs -mfpu=fpv4-sp-d16 -mfloat-abi=hard -mthumb -o "Core/Src/BMI160.o"
arm-none-eabi-gcc "../Core/Src/OPT3001.c" -mcpu=cortex-m4 -std=gnu11 -g3 -DDEBUG -DUSE_HAL_DRIVER -DSTM32F411xE -c -I../Core/Inc -I../Drivers/STM32F4xx_HAL_Driver/Inc -I../Drivers/STM32F4xx_HAL_Driver/Inc/Legacy -I../Drivers/CMSIS/Device/ST/STM32F4xx/Include -I../Drivers/CMSIS/Include -O0 -ffunction-sections -fdata-sections -Wall -fstack-usage -fcyclomatic-complexity -MMD -MP -MF"Core/Src/OPT3001.d" -MT"Core/Src/OPT3001.o" --specs=nano.specs -mfpu=fpv4-sp-d16 -mfloat-abi=hard -mthumb -o "Core/Src/OPT3001.o"
arm-none-eabi-gcc "../Core/Src/TMP007.c" -mcpu=cortex-m4 -std=gnu11 -g3 -DDEBUG -DUSE_HAL_DRIVER -DSTM32F411xE -c -I../Core/Inc -I../Drivers/STM32F4xx_HAL_Driver/Inc -I../Drivers/STM32F4xx_HAL_Driver/Inc/Legacy -I../Drivers/CMSIS/Device/ST/STM32F4xx/Include -I../Drivers/CMSIS/Include -O0 -ffunction-sections -fdata-sections -Wall -fstack-usage -fcyclomatic-complexity -MMD -MP -MF"Core/Src/TMP007.d" -MT"Core/Src/TMP007.o" --specs=nano.specs -mfpu=fpv4-sp-d16 -mfloat-abi=hard -mthumb -o "Core/Src/TMP007.o"
arm-none-eabi-gcc "../Core/Src/gpio.c" -mcpu=cortex-m4 -std=gnu11 -g3 -DDEBUG -DUSE_HAL_DRIVER -DSTM32F411xE -c -I../Core/Inc -I../Drivers/STM32F4xx_HAL_Driver/Inc -I../Drivers/STM32F4xx_HAL_Driver/Inc/Legacy -I../Drivers/CMSIS/Device/ST/STM32F4xx/Include -I../Drivers/CMSIS/Include -O0 -ffunction-sections -fdata-sections -Wall -fstack-usage -fcyclomatic-complexity -MMD -MP -MF"Core/Src/gpio.d" -MT"Core/Src/gpio.o" --specs=nano.specs -mfpu=fpv4-sp-d16 -mfloat-abi=hard -mthumb -o "Core/Src/gpio.o"
arm-none-eabi-gcc "../Core/Src/i2c.c" -mcpu=cortex-m4 -std=gnu11 -g3 -DDEBUG -DUSE_HAL_DRIVER -DSTM32F411xE -c -I../Core/Inc -I../Drivers/STM32F4xx_HAL_Driver/Inc -I../Drivers/STM32F4xx_HAL_Driver/Inc/Legacy -I../Drivers/CMSIS/Device/ST/STM32F4xx/Include -I../Drivers/CMSIS/Include -O0 -ffunction-sections -fdata-sections -Wall -fstack-usage -fcyclomatic-complexity -MMD -MP -MF"Core/Src/i2c.d" -MT"Core/Src/i2c.o" --specs=nano.specs -mfpu=fpv4-sp-d16 -mfloat-abi=hard -mthumb -o "Core/Src/i2c.o"
arm-none-eabi-gcc "../Core/Src/main.c" -mcpu=cortex-m4 -std=gnu11 -g3 -DDEBUG -DUSE_HAL_DRIVER -DSTM32F411xE -c -I../Core/Inc -I../Drivers/STM32F4xx_HAL_Driver/Inc -I../Drivers/STM32F4xx_HAL_Driver/Inc/Legacy -I../Drivers/CMSIS/Device/ST/STM32F4xx/Include -I../Drivers/CMSIS/Include -O0 -ffunction-sections -fdata-sections -Wall -fstack-usage -fcyclomatic-complexity -MMD -MP -MF"Core/Src/main.d" -MT"Core/Src/main.o" --specs=nano.specs -mfpu=fpv4-sp-d16 -mfloat-abi=hard -mthumb -o "Core/Src/main.o"
arm-none-eabi-gcc "../Core/Src/spi.c" -mcpu=cortex-m4 -std=gnu11 -g3 -DDEBUG -DUSE_HAL_DRIVER -DSTM32F411xE -c -I../Core/Inc -I../Drivers/STM32F4xx_HAL_Driver/Inc -I../Drivers/STM32F4xx_HAL_Driver/Inc/Legacy -I../Drivers/CMSIS/Device/ST/STM32F4xx/Include -I../Drivers/CMSIS/Include -O0 -ffunction-sections -fdata-sections -Wall -fstack-usage -fcyclomatic-complexity -MMD -MP -MF"Core/Src/spi.d" -MT"Core/Src/spi.o" --specs=nano.specs -mfpu=fpv4-sp-d16 -mfloat-abi=hard -mthumb -o "Core/Src/spi.o"
../Core/Src/main.c: In function 'main':
../Core/Src/main.c:110:37: warning: unused variable 'gz' [-Wunused-variable]
  110 |         int16_t ax, ay, az, gx, gy, gz;
      |                                     ^~
../Core/Src/main.c:110:33: warning: unused variable 'gy' [-Wunused-variable]
  110 |         int16_t ax, ay, az, gx, gy, gz;
      |                                 ^~
../Core/Src/main.c:110:29: warning: unused variable 'gx' [-Wunused-variable]
  110 |         int16_t ax, ay, az, gx, gy, gz;
      |                             ^~
../Core/Src/main.c:110:25: warning: unused variable 'az' [-Wunused-variable]
  110 |         int16_t ax, ay, az, gx, gy, gz;
      |                         ^~
../Core/Src/main.c:110:21: warning: unused variable 'ay' [-Wunused-variable]
  110 |         int16_t ax, ay, az, gx, gy, gz;
      |                     ^~
../Core/Src/main.c:110:17: warning: unused variable 'ax' [-Wunused-variable]
  110 |         int16_t ax, ay, az, gx, gy, gz;
      |                 ^~
../Core/Src/main.c:80:18: warning: unused variable 'uhDeviceId' [-Wunused-variable]
   80 |         uint16_t uhDeviceId = 0;
      |                  ^~~~~~~~~~
../Core/Src/main.c:79:17: warning: unused variable 'ucResult' [-Wunused-variable]
   79 |         uint8_t ucResult[100] = {0};
      |                 ^~~~~~~~
../Core/Src/main.c:78:18: warning: unused variable 'uhTxSize' [-Wunused-variable]
   78 |         uint16_t uhTxSize = 0;
      |                  ^~~~~~~~
../Core/Src/main.c:77:17: warning: unused variable 'ucTxData' [-Wunused-variable]
   77 |         uint8_t ucTxData[100] = {0};
      |                 ^~~~~~~~
arm-none-eabi-gcc "../Core/Src/stm32f4xx_hal_msp.c" -mcpu=cortex-m4 -std=gnu11 -g3 -DDEBUG -DUSE_HAL_DRIVER -DSTM32F411xE -c -I../Core/Inc -I../Drivers/STM32F4xx_HAL_Driver/Inc -I../Drivers/STM32F4xx_HAL_Driver/Inc/Legacy -I../Drivers/CMSIS/Device/ST/STM32F4xx/Include -I../Drivers/CMSIS/Include -O0 -ffunction-sections -fdata-sections -Wall -fstack-usage -fcyclomatic-complexity -MMD -MP -MF"Core/Src/stm32f4xx_hal_msp.d" -MT"Core/Src/stm32f4xx_hal_msp.o" --specs=nano.specs -mfpu=fpv4-sp-d16 -mfloat-abi=hard -mthumb -o "Core/Src/stm32f4xx_hal_msp.o"
arm-none-eabi-gcc "../Core/Src/stm32f4xx_it.c" -mcpu=cortex-m4 -std=gnu11 -g3 -DDEBUG -DUSE_HAL_DRIVER -DSTM32F411xE -c -I../Core/Inc -I../Drivers/STM32F4xx_HAL_Driver/Inc -I../Drivers/STM32F4xx_HAL_Driver/Inc/Legacy -I../Drivers/CMSIS/Device/ST/STM32F4xx/Include -I../Drivers/CMSIS/Include -O0 -ffunction-sections -fdata-sections -Wall -fstack-usage -fcyclomatic-complexity -MMD -MP -MF"Core/Src/stm32f4xx_it.d" -MT"Core/Src/stm32f4xx_it.o" --specs=nano.specs -mfpu=fpv4-sp-d16 -mfloat-abi=hard -mthumb -o "Core/Src/stm32f4xx_it.o"
arm-none-eabi-gcc "../Core/Src/syscalls.c" -mcpu=cortex-m4 -std=gnu11 -g3 -DDEBUG -DUSE_HAL_DRIVER -DSTM32F411xE -c -I../Core/Inc -I../Drivers/STM32F4xx_HAL_Driver/Inc -I../Drivers/STM32F4xx_HAL_Driver/Inc/Legacy -I../Drivers/CMSIS/Device/ST/STM32F4xx/Include -I../Drivers/CMSIS/Include -O0 -ffunction-sections -fdata-sections -Wall -fstack-usage -fcyclomatic-complexity -MMD -MP -MF"Core/Src/syscalls.d" -MT"Core/Src/syscalls.o" --specs=nano.specs -mfpu=fpv4-sp-d16 -mfloat-abi=hard -mthumb -o "Core/Src/syscalls.o"
arm-none-eabi-gcc "../Core/Src/sysmem.c" -mcpu=cortex-m4 -std=gnu11 -g3 -DDEBUG -DUSE_HAL_DRIVER -DSTM32F411xE -c -I../Core/Inc -I../Drivers/STM32F4xx_HAL_Driver/Inc -I../Drivers/STM32F4xx_HAL_Driver/Inc/Legacy -I../Drivers/CMSIS/Device/ST/STM32F4xx/Include -I../Drivers/CMSIS/Include -O0 -ffunction-sections -fdata-sections -Wall -fstack-usage -fcyclomatic-complexity -MMD -MP -MF"Core/Src/sysmem.d" -MT"Core/Src/sysmem.o" --specs=nano.specs -mfpu=fpv4-sp-d16 -mfloat-abi=hard -mthumb -o "Core/Src/sysmem.o"
arm-none-eabi-gcc "../Core/Src/system_stm32f4xx.c" -mcpu=cortex-m4 -std=gnu11 -g3 -DDEBUG -DUSE_HAL_DRIVER -DSTM32F411xE -c -I../Core/Inc -I../Drivers/STM32F4xx_HAL_Driver/Inc -I../Drivers/STM32F4xx_HAL_Driver/Inc/Legacy -I../Drivers/CMSIS/Device/ST/STM32F4xx/Include -I../Drivers/CMSIS/Include -O0 -ffunction-sections -fdata-sections -Wall -fstack-usage -fcyclomatic-complexity -MMD -MP -MF"Core/Src/system_stm32f4xx.d" -MT"Core/Src/system_stm32f4xx.o" --specs=nano.specs -mfpu=fpv4-sp-d16 -mfloat-abi=hard -mthumb -o "Core/Src/system_stm32f4xx.o"
arm-none-eabi-gcc "../Core/Src/usart.c" -mcpu=cortex-m4 -std=gnu11 -g3 -DDEBUG -DUSE_HAL_DRIVER -DSTM32F411xE -c -I../Core/Inc -I../Drivers/STM32F4xx_HAL_Driver/Inc -I../Drivers/STM32F4xx_HAL_Driver/Inc/Legacy -I../Drivers/CMSIS/Device/ST/STM32F4xx/Include -I../Drivers/CMSIS/Include -O0 -ffunction-sections -fdata-sections -Wall -fstack-usage -fcyclomatic-complexity -MMD -MP -MF"Core/Src/usart.d" -MT"Core/Src/usart.o" --specs=nano.specs -mfpu=fpv4-sp-d16 -mfloat-abi=hard -mthumb -o "Core/Src/usart.o"
arm-none-eabi-gcc -o "Room Climate Logger.elf" @"objects.list"   -mcpu=cortex-m4 -T"C:\Haril_bitsilica\STM_training_module\Worksheet_projects\Project_2_Room Climate Logger\Room Climate Logger\STM32F411RETX_FLASH.ld" --specs=nosys.specs -Wl,-Map="Room Climate Logger.map" -Wl,--gc-sections -static --specs=nano.specs -mfpu=fpv4-sp-d16 -mfloat-abi=hard -mthumb -Wl,--start-group -lc -lm -Wl,--end-group
Finished building target: Room Climate Logger.elf
 
arm-none-eabi-size  Room\ Climate\ Logger.elf 
arm-none-eabi-objdump -h -S Room\ Climate\ Logger.elf  > "Room Climate Logger.list"
   text	   data	    bss	    dec	    hex	filename
  17728	     92	   2356	  20176	   4ed0	Room Climate Logger.elf
Finished building: default.size.stdout
 
Finished building: Room Climate Logger.list
 
17:16:14 **** Incremental Build of configuration Debug for project Room Climate Logger ****
make -j8 all 
arm-none-eabi-gcc -o "Room Climate Logger.elf" @"objects.list"   -mcpu=cortex-m4 -T"C:\Haril_bitsilica\STM_training_module\Worksheet_projects\Project_2_Room Climate Logger\Room Climate Logger\STM32F411RETX_FLASH.ld" --specs=nosys.specs -Wl,-Map="Room Climate Logger.map" -Wl,--gc-sections -static -u _printf_float --specs=nano.specs -mfpu=fpv4-sp-d16 -mfloat-abi=hard -mthumb -Wl,--start-group -lc -lm -Wl,--end-group
Finished building target: Room Climate Logger.elf
 
arm-none-eabi-size  Room\ Climate\ Logger.elf 
arm-none-eabi-objdump -h -S Room\ Climate\ Logger.elf  > "Room Climate Logger.list"
   text	   data	    bss	    dec	    hex	filename
  29364	    468	   2356	  32188	   7dbc	Room Climate Logger.elf
Finished building: default.size.stdout
 
Finished building: Room Climate Logger.list
 
17:17:29 **** Incremental Build of configuration Debug for project Room Climate Logger ****
make -j8 all 
arm-none-eabi-size  Room\ Climate\ Logger.elf 
   text	   data	    bss	    dec	    hex	filename
  29364	    468	   2356	  32188	   7dbc	Room Climate Logger.elf
Finished building: default.size.stdout
 
17:21:09 **** Incremental Build of configuration Debug for project Room Climate Logger ****
make -j8 all 
arm-none-eabi-size  Room\ Climate\ Logger.elf 
   text	   data	    bss	    dec	    hex	filename
  29364	    468	   2356	  32188	   7dbc	Room Climate Logger.elf
Finished building: default.size.stdout
 
18:09:31 **** Incremental Build of configuration Debug for project Room_climate_logger_L_series ****
make -j8 all 
arm-none-eabi-gcc "../Core/Src/main.c" -mcpu=cortex-m4 -std=gnu11 -g3 -DDEBUG -DUSE_HAL_DRIVER -DSTM32L476xx -c -I../Core/Inc -I../Drivers/STM32L4xx_HAL_Driver/Inc -I../Drivers/STM32L4xx_HAL_Driver/Inc/Legacy -I../Drivers/CMSIS/Device/ST/STM32L4xx/Include -I../Drivers/CMSIS/Include -O0 -ffunction-sections -fdata-sections -Wall -fstack-usage -fcyclomatic-complexity -MMD -MP -MF"Core/Src/main.d" -MT"Core/Src/main.o" --specs=nano.specs -mfpu=fpv4-sp-d16 -mfloat-abi=hard -mthumb -o "Core/Src/main.o"
arm-none-eabi-gcc -o "Room_climate_logger_L_series.elf" @"objects.list"   -mcpu=cortex-m4 -T"C:\Haril_bitsilica\STM_training_module\Worksheet_projects\Project_2_Room Climate Logger\Room_climate_logger_L_series\STM32L476RGTX_FLASH.ld" --specs=nosys.specs -Wl,-Map="Room_climate_logger_L_series.map" -Wl,--gc-sections -static -u _printf_float --specs=nano.specs -mfpu=fpv4-sp-d16 -mfloat-abi=hard -mthumb -Wl,--start-group -lc -lm -Wl,--end-group
Finished building target: Room_climate_logger_L_series.elf
 
arm-none-eabi-size  Room_climate_logger_L_series.elf 
arm-none-eabi-objdump -h -S Room_climate_logger_L_series.elf  > "Room_climate_logger_L_series.list"
   text	   data	    bss	    dec	    hex	filename
  32692	    468	   2404	  35564	   8aec	Room_climate_logger_L_series.elf
Finished building: default.size.stdout
 
Finished building: Room_climate_logger_L_series.list
 
12:23:19 **** Build of configuration Debug for project DMA_data_transfer ****
make -j8 all 
arm-none-eabi-gcc "../Drivers/STM32L4xx_HAL_Driver/Src/stm32l4xx_hal.c" -mcpu=cortex-m4 -std=gnu11 -g3 -DDEBUG -DUSE_HAL_DRIVER -DSTM32L476xx -c -I../Core/Inc -I../Drivers/STM32L4xx_HAL_Driver/Inc -I../Drivers/STM32L4xx_HAL_Driver/Inc/Legacy -I../Drivers/CMSIS/Device/ST/STM32L4xx/Include -I../Drivers/CMSIS/Include -O0 -ffunction-sections -fdata-sections -Wall -fstack-usage -fcyclomatic-complexity -MMD -MP -MF"Drivers/STM32L4xx_HAL_Driver/Src/stm32l4xx_hal.d" -MT"Drivers/STM32L4xx_HAL_Driver/Src/stm32l4xx_hal.o" --specs=nano.specs -mfpu=fpv4-sp-d16 -mfloat-abi=hard -mthumb -o "Drivers/STM32L4xx_HAL_Driver/Src/stm32l4xx_hal.o"
arm-none-eabi-gcc "../Drivers/STM32L4xx_HAL_Driver/Src/stm32l4xx_hal_cortex.c" -mcpu=cortex-m4 -std=gnu11 -g3 -DDEBUG -DUSE_HAL_DRIVER -DSTM32L476xx -c -I../Core/Inc -I../Drivers/STM32L4xx_HAL_Driver/Inc -I../Drivers/STM32L4xx_HAL_Driver/Inc/Legacy -I../Drivers/CMSIS/Device/ST/STM32L4xx/Include -I../Drivers/CMSIS/Include -O0 -ffunction-sections -fdata-sections -Wall -fstack-usage -fcyclomatic-complexity -MMD -MP -MF"Drivers/STM32L4xx_HAL_Driver/Src/stm32l4xx_hal_cortex.d" -MT"Drivers/STM32L4xx_HAL_Driver/Src/stm32l4xx_hal_cortex.o" --specs=nano.specs -mfpu=fpv4-sp-d16 -mfloat-abi=hard -mthumb -o "Drivers/STM32L4xx_HAL_Driver/Src/stm32l4xx_hal_cortex.o"
arm-none-eabi-gcc "../Drivers/STM32L4xx_HAL_Driver/Src/stm32l4xx_hal_dma.c" -mcpu=cortex-m4 -std=gnu11 -g3 -DDEBUG -DUSE_HAL_DRIVER -DSTM32L476xx -c -I../Core/Inc -I../Drivers/STM32L4xx_HAL_Driver/Inc -I../Drivers/STM32L4xx_HAL_Driver/Inc/Legacy -I../Drivers/CMSIS/Device/ST/STM32L4xx/Include -I../Drivers/CMSIS/Include -O0 -ffunction-sections -fdata-sections -Wall -fstack-usage -fcyclomatic-complexity -MMD -MP -MF"Drivers/STM32L4xx_HAL_Driver/Src/stm32l4xx_hal_dma.d" -MT"Drivers/STM32L4xx_HAL_Driver/Src/stm32l4xx_hal_dma.o" --specs=nano.specs -mfpu=fpv4-sp-d16 -mfloat-abi=hard -mthumb -o "Drivers/STM32L4xx_HAL_Driver/Src/stm32l4xx_hal_dma.o"
arm-none-eabi-gcc "../Drivers/STM32L4xx_HAL_Driver/Src/stm32l4xx_hal_dma_ex.c" -mcpu=cortex-m4 -std=gnu11 -g3 -DDEBUG -DUSE_HAL_DRIVER -DSTM32L476xx -c -I../Core/Inc -I../Drivers/STM32L4xx_HAL_Driver/Inc -I../Drivers/STM32L4xx_HAL_Driver/Inc/Legacy -I../Drivers/CMSIS/Device/ST/STM32L4xx/Include -I../Drivers/CMSIS/Include -O0 -ffunction-sections -fdata-sections -Wall -fstack-usage -fcyclomatic-complexity -MMD -MP -MF"Drivers/STM32L4xx_HAL_Driver/Src/stm32l4xx_hal_dma_ex.d" -MT"Drivers/STM32L4xx_HAL_Driver/Src/stm32l4xx_hal_dma_ex.o" --specs=nano.specs -mfpu=fpv4-sp-d16 -mfloat-abi=hard -mthumb -o "Drivers/STM32L4xx_HAL_Driver/Src/stm32l4xx_hal_dma_ex.o"
arm-none-eabi-gcc "../Drivers/STM32L4xx_HAL_Driver/Src/stm32l4xx_hal_exti.c" -mcpu=cortex-m4 -std=gnu11 -g3 -DDEBUG -DUSE_HAL_DRIVER -DSTM32L476xx -c -I../Core/Inc -I../Drivers/STM32L4xx_HAL_Driver/Inc -I../Drivers/STM32L4xx_HAL_Driver/Inc/Legacy -I../Drivers/CMSIS/Device/ST/STM32L4xx/Include -I../Drivers/CMSIS/Include -O0 -ffunction-sections -fdata-sections -Wall -fstack-usage -fcyclomatic-complexity -MMD -MP -MF"Drivers/STM32L4xx_HAL_Driver/Src/stm32l4xx_hal_exti.d" -MT"Drivers/STM32L4xx_HAL_Driver/Src/stm32l4xx_hal_exti.o" --specs=nano.specs -mfpu=fpv4-sp-d16 -mfloat-abi=hard -mthumb -o "Drivers/STM32L4xx_HAL_Driver/Src/stm32l4xx_hal_exti.o"
arm-none-eabi-gcc "../Drivers/STM32L4xx_HAL_Driver/Src/stm32l4xx_hal_flash.c" -mcpu=cortex-m4 -std=gnu11 -g3 -DDEBUG -DUSE_HAL_DRIVER -DSTM32L476xx -c -I../Core/Inc -I../Drivers/STM32L4xx_HAL_Driver/Inc -I../Drivers/STM32L4xx_HAL_Driver/Inc/Legacy -I../Drivers/CMSIS/Device/ST/STM32L4xx/Include -I../Drivers/CMSIS/Include -O0 -ffunction-sections -fdata-sections -Wall -fstack-usage -fcyclomatic-complexity -MMD -MP -MF"Drivers/STM32L4xx_HAL_Driver/Src/stm32l4xx_hal_flash.d" -MT"Drivers/STM32L4xx_HAL_Driver/Src/stm32l4xx_hal_flash.o" --specs=nano.specs -mfpu=fpv4-sp-d16 -mfloat-abi=hard -mthumb -o "Drivers/STM32L4xx_HAL_Driver/Src/stm32l4xx_hal_flash.o"
arm-none-eabi-gcc "../Drivers/STM32L4xx_HAL_Driver/Src/stm32l4xx_hal_flash_ex.c" -mcpu=cortex-m4 -std=gnu11 -g3 -DDEBUG -DUSE_HAL_DRIVER -DSTM32L476xx -c -I../Core/Inc -I../Drivers/STM32L4xx_HAL_Driver/Inc -I../Drivers/STM32L4xx_HAL_Driver/Inc/Legacy -I../Drivers/CMSIS/Device/ST/STM32L4xx/Include -I../Drivers/CMSIS/Include -O0 -ffunction-sections -fdata-sections -Wall -fstack-usage -fcyclomatic-complexity -MMD -MP -MF"Drivers/STM32L4xx_HAL_Driver/Src/stm32l4xx_hal_flash_ex.d" -MT"Drivers/STM32L4xx_HAL_Driver/Src/stm32l4xx_hal_flash_ex.o" --specs=nano.specs -mfpu=fpv4-sp-d16 -mfloat-abi=hard -mthumb -o "Drivers/STM32L4xx_HAL_Driver/Src/stm32l4xx_hal_flash_ex.o"
arm-none-eabi-gcc "../Drivers/STM32L4xx_HAL_Driver/Src/stm32l4xx_hal_flash_ramfunc.c" -mcpu=cortex-m4 -std=gnu11 -g3 -DDEBUG -DUSE_HAL_DRIVER -DSTM32L476xx -c -I../Core/Inc -I../Drivers/STM32L4xx_HAL_Driver/Inc -I../Drivers/STM32L4xx_HAL_Driver/Inc/Legacy -I../Drivers/CMSIS/Device/ST/STM32L4xx/Include -I../Drivers/CMSIS/Include -O0 -ffunction-sections -fdata-sections -Wall -fstack-usage -fcyclomatic-complexity -MMD -MP -MF"Drivers/STM32L4xx_HAL_Driver/Src/stm32l4xx_hal_flash_ramfunc.d" -MT"Drivers/STM32L4xx_HAL_Driver/Src/stm32l4xx_hal_flash_ramfunc.o" --specs=nano.specs -mfpu=fpv4-sp-d16 -mfloat-abi=hard -mthumb -o "Drivers/STM32L4xx_HAL_Driver/Src/stm32l4xx_hal_flash_ramfunc.o"
arm-none-eabi-gcc "../Drivers/STM32L4xx_HAL_Driver/Src/stm32l4xx_hal_gpio.c" -mcpu=cortex-m4 -std=gnu11 -g3 -DDEBUG -DUSE_HAL_DRIVER -DSTM32L476xx -c -I../Core/Inc -I../Drivers/STM32L4xx_HAL_Driver/Inc -I../Drivers/STM32L4xx_HAL_Driver/Inc/Legacy -I../Drivers/CMSIS/Device/ST/STM32L4xx/Include -I../Drivers/CMSIS/Include -O0 -ffunction-sections -fdata-sections -Wall -fstack-usage -fcyclomatic-complexity -MMD -MP -MF"Drivers/STM32L4xx_HAL_Driver/Src/stm32l4xx_hal_gpio.d" -MT"Drivers/STM32L4xx_HAL_Driver/Src/stm32l4xx_hal_gpio.o" --specs=nano.specs -mfpu=fpv4-sp-d16 -mfloat-abi=hard -mthumb -o "Drivers/STM32L4xx_HAL_Driver/Src/stm32l4xx_hal_gpio.o"
arm-none-eabi-gcc "../Drivers/STM32L4xx_HAL_Driver/Src/stm32l4xx_hal_i2c.c" -mcpu=cortex-m4 -std=gnu11 -g3 -DDEBUG -DUSE_HAL_DRIVER -DSTM32L476xx -c -I../Core/Inc -I../Drivers/STM32L4xx_HAL_Driver/Inc -I../Drivers/STM32L4xx_HAL_Driver/Inc/Legacy -I../Drivers/CMSIS/Device/ST/STM32L4xx/Include -I../Drivers/CMSIS/Include -O0 -ffunction-sections -fdata-sections -Wall -fstack-usage -fcyclomatic-complexity -MMD -MP -MF"Drivers/STM32L4xx_HAL_Driver/Src/stm32l4xx_hal_i2c.d" -MT"Drivers/STM32L4xx_HAL_Driver/Src/stm32l4xx_hal_i2c.o" --specs=nano.specs -mfpu=fpv4-sp-d16 -mfloat-abi=hard -mthumb -o "Drivers/STM32L4xx_HAL_Driver/Src/stm32l4xx_hal_i2c.o"
arm-none-eabi-gcc "../Drivers/STM32L4xx_HAL_Driver/Src/stm32l4xx_hal_i2c_ex.c" -mcpu=cortex-m4 -std=gnu11 -g3 -DDEBUG -DUSE_HAL_DRIVER -DSTM32L476xx -c -I../Core/Inc -I../Drivers/STM32L4xx_HAL_Driver/Inc -I../Drivers/STM32L4xx_HAL_Driver/Inc/Legacy -I../Drivers/CMSIS/Device/ST/STM32L4xx/Include -I../Drivers/CMSIS/Include -O0 -ffunction-sections -fdata-sections -Wall -fstack-usage -fcyclomatic-complexity -MMD -MP -MF"Drivers/STM32L4xx_HAL_Driver/Src/stm32l4xx_hal_i2c_ex.d" -MT"Drivers/STM32L4xx_HAL_Driver/Src/stm32l4xx_hal_i2c_ex.o" --specs=nano.specs -mfpu=fpv4-sp-d16 -mfloat-abi=hard -mthumb -o "Drivers/STM32L4xx_HAL_Driver/Src/stm32l4xx_hal_i2c_ex.o"
arm-none-eabi-gcc "../Drivers/STM32L4xx_HAL_Driver/Src/stm32l4xx_hal_pwr.c" -mcpu=cortex-m4 -std=gnu11 -g3 -DDEBUG -DUSE_HAL_DRIVER -DSTM32L476xx -c -I../Core/Inc -I../Drivers/STM32L4xx_HAL_Driver/Inc -I../Drivers/STM32L4xx_HAL_Driver/Inc/Legacy -I../Drivers/CMSIS/Device/ST/STM32L4xx/Include -I../Drivers/CMSIS/Include -O0 -ffunction-sections -fdata-sections -Wall -fstack-usage -fcyclomatic-complexity -MMD -MP -MF"Drivers/STM32L4xx_HAL_Driver/Src/stm32l4xx_hal_pwr.d" -MT"Drivers/STM32L4xx_HAL_Driver/Src/stm32l4xx_hal_pwr.o" --specs=nano.specs -mfpu=fpv4-sp-d16 -mfloat-abi=hard -mthumb -o "Drivers/STM32L4xx_HAL_Driver/Src/stm32l4xx_hal_pwr.o"
arm-none-eabi-gcc "../Drivers/STM32L4xx_HAL_Driver/Src/stm32l4xx_hal_pwr_ex.c" -mcpu=cortex-m4 -std=gnu11 -g3 -DDEBUG -DUSE_HAL_DRIVER -DSTM32L476xx -c -I../Core/Inc -I../Drivers/STM32L4xx_HAL_Driver/Inc -I../Drivers/STM32L4xx_HAL_Driver/Inc/Legacy -I../Drivers/CMSIS/Device/ST/STM32L4xx/Include -I../Drivers/CMSIS/Include -O0 -ffunction-sections -fdata-sections -Wall -fstack-usage -fcyclomatic-complexity -MMD -MP -MF"Drivers/STM32L4xx_HAL_Driver/Src/stm32l4xx_hal_pwr_ex.d" -MT"Drivers/STM32L4xx_HAL_Driver/Src/stm32l4xx_hal_pwr_ex.o" --specs=nano.specs -mfpu=fpv4-sp-d16 -mfloat-abi=hard -mthumb -o "Drivers/STM32L4xx_HAL_Driver/Src/stm32l4xx_hal_pwr_ex.o"
arm-none-eabi-gcc "../Drivers/STM32L4xx_HAL_Driver/Src/stm32l4xx_hal_rcc.c" -mcpu=cortex-m4 -std=gnu11 -g3 -DDEBUG -DUSE_HAL_DRIVER -DSTM32L476xx -c -I../Core/Inc -I../Drivers/STM32L4xx_HAL_Driver/Inc -I../Drivers/STM32L4xx_HAL_Driver/Inc/Legacy -I../Drivers/CMSIS/Device/ST/STM32L4xx/Include -I../Drivers/CMSIS/Include -O0 -ffunction-sections -fdata-sections -Wall -fstack-usage -fcyclomatic-complexity -MMD -MP -MF"Drivers/STM32L4xx_HAL_Driver/Src/stm32l4xx_hal_rcc.d" -MT"Drivers/STM32L4xx_HAL_Driver/Src/stm32l4xx_hal_rcc.o" --specs=nano.specs -mfpu=fpv4-sp-d16 -mfloat-abi=hard -mthumb -o "Drivers/STM32L4xx_HAL_Driver/Src/stm32l4xx_hal_rcc.o"
arm-none-eabi-gcc "../Drivers/STM32L4xx_HAL_Driver/Src/stm32l4xx_hal_rcc_ex.c" -mcpu=cortex-m4 -std=gnu11 -g3 -DDEBUG -DUSE_HAL_DRIVER -DSTM32L476xx -c -I../Core/Inc -I../Drivers/STM32L4xx_HAL_Driver/Inc -I../Drivers/STM32L4xx_HAL_Driver/Inc/Legacy -I../Drivers/CMSIS/Device/ST/STM32L4xx/Include -I../Drivers/CMSIS/Include -O0 -ffunction-sections -fdata-sections -Wall -fstack-usage -fcyclomatic-complexity -MMD -MP -MF"Drivers/STM32L4xx_HAL_Driver/Src/stm32l4xx_hal_rcc_ex.d" -MT"Drivers/STM32L4xx_HAL_Driver/Src/stm32l4xx_hal_rcc_ex.o" --specs=nano.specs -mfpu=fpv4-sp-d16 -mfloat-abi=hard -mthumb -o "Drivers/STM32L4xx_HAL_Driver/Src/stm32l4xx_hal_rcc_ex.o"
arm-none-eabi-gcc "../Drivers/STM32L4xx_HAL_Driver/Src/stm32l4xx_hal_uart.c" -mcpu=cortex-m4 -std=gnu11 -g3 -DDEBUG -DUSE_HAL_DRIVER -DSTM32L476xx -c -I../Core/Inc -I../Drivers/STM32L4xx_HAL_Driver/Inc -I../Drivers/STM32L4xx_HAL_Driver/Inc/Legacy -I../Drivers/CMSIS/Device/ST/STM32L4xx/Include -I../Drivers/CMSIS/Include -O0 -ffunction-sections -fdata-sections -Wall -fstack-usage -fcyclomatic-complexity -MMD -MP -MF"Drivers/STM32L4xx_HAL_Driver/Src/stm32l4xx_hal_uart.d" -MT"Drivers/STM32L4xx_HAL_Driver/Src/stm32l4xx_hal_uart.o" --specs=nano.specs -mfpu=fpv4-sp-d16 -mfloat-abi=hard -mthumb -o "Drivers/STM32L4xx_HAL_Driver/Src/stm32l4xx_hal_uart.o"
arm-none-eabi-gcc "../Drivers/STM32L4xx_HAL_Driver/Src/stm32l4xx_hal_uart_ex.c" -mcpu=cortex-m4 -std=gnu11 -g3 -DDEBUG -DUSE_HAL_DRIVER -DSTM32L476xx -c -I../Core/Inc -I../Drivers/STM32L4xx_HAL_Driver/Inc -I../Drivers/STM32L4xx_HAL_Driver/Inc/Legacy -I../Drivers/CMSIS/Device/ST/STM32L4xx/Include -I../Drivers/CMSIS/Include -O0 -ffunction-sections -fdata-sections -Wall -fstack-usage -fcyclomatic-complexity -MMD -MP -MF"Drivers/STM32L4xx_HAL_Driver/Src/stm32l4xx_hal_uart_ex.d" -MT"Drivers/STM32L4xx_HAL_Driver/Src/stm32l4xx_hal_uart_ex.o" --specs=nano.specs -mfpu=fpv4-sp-d16 -mfloat-abi=hard -mthumb -o "Drivers/STM32L4xx_HAL_Driver/Src/stm32l4xx_hal_uart_ex.o"
arm-none-eabi-gcc -mcpu=cortex-m4 -g3 -DDEBUG -c -x assembler-with-cpp -MMD -MP -MF"Core/Startup/startup_stm32l476rgtx.d" -MT"Core/Startup/startup_stm32l476rgtx.o" --specs=nano.specs -mfpu=fpv4-sp-d16 -mfloat-abi=hard -mthumb -o "Core/Startup/startup_stm32l476rgtx.o" "../Core/Startup/startup_stm32l476rgtx.s"
arm-none-eabi-gcc "../Core/Src/main.c" -mcpu=cortex-m4 -std=gnu11 -g3 -DDEBUG -DUSE_HAL_DRIVER -DSTM32L476xx -c -I../Core/Inc -I../Drivers/STM32L4xx_HAL_Driver/Inc -I../Drivers/STM32L4xx_HAL_Driver/Inc/Legacy -I../Drivers/CMSIS/Device/ST/STM32L4xx/Include -I../Drivers/CMSIS/Include -O0 -ffunction-sections -fdata-sections -Wall -fstack-usage -fcyclomatic-complexity -MMD -MP -MF"Core/Src/main.d" -MT"Core/Src/main.o" --specs=nano.specs -mfpu=fpv4-sp-d16 -mfloat-abi=hard -mthumb -o "Core/Src/main.o"
arm-none-eabi-gcc "../Core/Src/stm32l4xx_hal_msp.c" -mcpu=cortex-m4 -std=gnu11 -g3 -DDEBUG -DUSE_HAL_DRIVER -DSTM32L476xx -c -I../Core/Inc -I../Drivers/STM32L4xx_HAL_Driver/Inc -I../Drivers/STM32L4xx_HAL_Driver/Inc/Legacy -I../Drivers/CMSIS/Device/ST/STM32L4xx/Include -I../Drivers/CMSIS/Include -O0 -ffunction-sections -fdata-sections -Wall -fstack-usage -fcyclomatic-complexity -MMD -MP -MF"Core/Src/stm32l4xx_hal_msp.d" -MT"Core/Src/stm32l4xx_hal_msp.o" --specs=nano.specs -mfpu=fpv4-sp-d16 -mfloat-abi=hard -mthumb -o "Core/Src/stm32l4xx_hal_msp.o"
arm-none-eabi-gcc "../Core/Src/stm32l4xx_it.c" -mcpu=cortex-m4 -std=gnu11 -g3 -DDEBUG -DUSE_HAL_DRIVER -DSTM32L476xx -c -I../Core/Inc -I../Drivers/STM32L4xx_HAL_Driver/Inc -I../Drivers/STM32L4xx_HAL_Driver/Inc/Legacy -I../Drivers/CMSIS/Device/ST/STM32L4xx/Include -I../Drivers/CMSIS/Include -O0 -ffunction-sections -fdata-sections -Wall -fstack-usage -fcyclomatic-complexity -MMD -MP -MF"Core/Src/stm32l4xx_it.d" -MT"Core/Src/stm32l4xx_it.o" --specs=nano.specs -mfpu=fpv4-sp-d16 -mfloat-abi=hard -mthumb -o "Core/Src/stm32l4xx_it.o"
arm-none-eabi-gcc "../Core/Src/syscalls.c" -mcpu=cortex-m4 -std=gnu11 -g3 -DDEBUG -DUSE_HAL_DRIVER -DSTM32L476xx -c -I../Core/Inc -I../Drivers/STM32L4xx_HAL_Driver/Inc -I../Drivers/STM32L4xx_HAL_Driver/Inc/Legacy -I../Drivers/CMSIS/Device/ST/STM32L4xx/Include -I../Drivers/CMSIS/Include -O0 -ffunction-sections -fdata-sections -Wall -fstack-usage -fcyclomatic-complexity -MMD -MP -MF"Core/Src/syscalls.d" -MT"Core/Src/syscalls.o" --specs=nano.specs -mfpu=fpv4-sp-d16 -mfloat-abi=hard -mthumb -o "Core/Src/syscalls.o"
arm-none-eabi-gcc "../Core/Src/sysmem.c" -mcpu=cortex-m4 -std=gnu11 -g3 -DDEBUG -DUSE_HAL_DRIVER -DSTM32L476xx -c -I../Core/Inc -I../Drivers/STM32L4xx_HAL_Driver/Inc -I../Drivers/STM32L4xx_HAL_Driver/Inc/Legacy -I../Drivers/CMSIS/Device/ST/STM32L4xx/Include -I../Drivers/CMSIS/Include -O0 -ffunction-sections -fdata-sections -Wall -fstack-usage -fcyclomatic-complexity -MMD -MP -MF"Core/Src/sysmem.d" -MT"Core/Src/sysmem.o" --specs=nano.specs -mfpu=fpv4-sp-d16 -mfloat-abi=hard -mthumb -o "Core/Src/sysmem.o"
arm-none-eabi-gcc "../Core/Src/system_stm32l4xx.c" -mcpu=cortex-m4 -std=gnu11 -g3 -DDEBUG -DUSE_HAL_DRIVER -DSTM32L476xx -c -I../Core/Inc -I../Drivers/STM32L4xx_HAL_Driver/Inc -I../Drivers/STM32L4xx_HAL_Driver/Inc/Legacy -I../Drivers/CMSIS/Device/ST/STM32L4xx/Include -I../Drivers/CMSIS/Include -O0 -ffunction-sections -fdata-sections -Wall -fstack-usage -fcyclomatic-complexity -MMD -MP -MF"Core/Src/system_stm32l4xx.d" -MT"Core/Src/system_stm32l4xx.o" --specs=nano.specs -mfpu=fpv4-sp-d16 -mfloat-abi=hard -mthumb -o "Core/Src/system_stm32l4xx.o"
arm-none-eabi-gcc "../Core/Src/tm007_driver.c" -mcpu=cortex-m4 -std=gnu11 -g3 -DDEBUG -DUSE_HAL_DRIVER -DSTM32L476xx -c -I../Core/Inc -I../Drivers/STM32L4xx_HAL_Driver/Inc -I../Drivers/STM32L4xx_HAL_Driver/Inc/Legacy -I../Drivers/CMSIS/Device/ST/STM32L4xx/Include -I../Drivers/CMSIS/Include -O0 -ffunction-sections -fdata-sections -Wall -fstack-usage -fcyclomatic-complexity -MMD -MP -MF"Core/Src/tm007_driver.d" -MT"Core/Src/tm007_driver.o" --specs=nano.specs -mfpu=fpv4-sp-d16 -mfloat-abi=hard -mthumb -o "Core/Src/tm007_driver.o"
In file included from ../Core/Src/main.c:24:
../Core/Inc/tm007_driver.h:70:42: error: unknown type name 'bool'
   70 | TMP007_Status_t TMP007_EnableAlertObject(bool enable);
      |                                          ^~~~
../Core/Inc/tm007_driver.h:1:1: note: 'bool' is defined in header '<stdbool.h>'; did you forget to '#include <stdbool.h>'?
  +++ |+#include <stdbool.h>
    1 | /*
make: *** [Core/Src/subdir.mk:37: Core/Src/main.o] Error 1
make: *** Waiting for unfinished jobs....
In file included from ../Core/Src/tm007_driver.c:8:
../Core/Inc/tm007_driver.h:70:42: error: unknown type name 'bool'
   70 | TMP007_Status_t TMP007_EnableAlertObject(bool enable);
      |                                          ^~~~
../Core/Inc/tm007_driver.h:12:1: note: 'bool' is defined in header '<stdbool.h>'; did you forget to '#include <stdbool.h>'?
   11 | #include "stm32l4xx_hal.h"  // or whichever STM32 family you're using
  +++ |+#include <stdbool.h>
   12 | 
make: *** [Core/Src/subdir.mk:37: Core/Src/tm007_driver.o] Error 1
"make -j8 all" terminated with exit code 2. Build might be incomplete.
12:23:24 **** Incremental Build of configuration Debug for project Room_climate_logger_L_series ****
make -j8 all 
arm-none-eabi-size  Room_climate_logger_L_series.elf 
   text	   data	    bss	    dec	    hex	filename
  32692	    468	   2404	  35564	   8aec	Room_climate_logger_L_series.elf
Finished building: default.size.stdout
 
12:23:56 **** Incremental Build of configuration Debug for project DMA_data_transfer ****
make -j8 all 
arm-none-eabi-gcc "../Core/Src/main.c" -mcpu=cortex-m4 -std=gnu11 -g3 -DDEBUG -DUSE_HAL_DRIVER -DSTM32L476xx -c -I../Core/Inc -I../Drivers/STM32L4xx_HAL_Driver/Inc -I../Drivers/STM32L4xx_HAL_Driver/Inc/Legacy -I../Drivers/CMSIS/Device/ST/STM32L4xx/Include -I../Drivers/CMSIS/Include -O0 -ffunction-sections -fdata-sections -Wall -fstack-usage -fcyclomatic-complexity -MMD -MP -MF"Core/Src/main.d" -MT"Core/Src/main.o" --specs=nano.specs -mfpu=fpv4-sp-d16 -mfloat-abi=hard -mthumb -o "Core/Src/main.o"
arm-none-eabi-gcc "../Core/Src/tm007_driver.c" -mcpu=cortex-m4 -std=gnu11 -g3 -DDEBUG -DUSE_HAL_DRIVER -DSTM32L476xx -c -I../Core/Inc -I../Drivers/STM32L4xx_HAL_Driver/Inc -I../Drivers/STM32L4xx_HAL_Driver/Inc/Legacy -I../Drivers/CMSIS/Device/ST/STM32L4xx/Include -I../Drivers/CMSIS/Include -O0 -ffunction-sections -fdata-sections -Wall -fstack-usage -fcyclomatic-complexity -MMD -MP -MF"Core/Src/tm007_driver.d" -MT"Core/Src/tm007_driver.o" --specs=nano.specs -mfpu=fpv4-sp-d16 -mfloat-abi=hard -mthumb -o "Core/Src/tm007_driver.o"
In file included from ../Core/Src/main.c:24:
../Core/Inc/tm007_driver.h:70:42: error: unknown type name 'bool'
   70 | TMP007_Status_t TMP007_EnableAlertObject(bool enable);
      |                                          ^~~~
../Core/Inc/tm007_driver.h:1:1: note: 'bool' is defined in header '<stdbool.h>'; did you forget to '#include <stdbool.h>'?
  +++ |+#include <stdbool.h>
    1 | /*
make: *** [Core/Src/subdir.mk:37: Core/Src/main.o] Error 1
make: *** Waiting for unfinished jobs....
In file included from ../Core/Src/tm007_driver.c:8:
../Core/Inc/tm007_driver.h:70:42: error: unknown type name 'bool'
   70 | TMP007_Status_t TMP007_EnableAlertObject(bool enable);
      |                                          ^~~~
../Core/Inc/tm007_driver.h:12:1: note: 'bool' is defined in header '<stdbool.h>'; did you forget to '#include <stdbool.h>'?
   11 | #include "stm32l4xx_hal.h"  // or whichever STM32 family you're using
  +++ |+#include <stdbool.h>
   12 | 
../Core/Src/tm007_driver.c:110:42: error: unknown type name 'bool'
  110 | TMP007_Status_t TMP007_EnableAlertObject(bool enable)
      |                                          ^~~~
../Core/Src/tm007_driver.c:11:1: note: 'bool' is defined in header '<stdbool.h>'; did you forget to '#include <stdbool.h>'?
   10 | #include <stdio.h>
  +++ |+#include <stdbool.h>
   11 | 
make: *** [Core/Src/subdir.mk:37: Core/Src/tm007_driver.o] Error 1
"make -j8 all" terminated with exit code 2. Build might be incomplete.
12:23:57 **** Incremental Build of configuration Debug for project Room_climate_logger_L_series ****
make -j8 all 
arm-none-eabi-size  Room_climate_logger_L_series.elf 
   text	   data	    bss	    dec	    hex	filename
  32692	    468	   2404	  35564	   8aec	Room_climate_logger_L_series.elf
Finished building: default.size.stdout
 
12:24:51 **** Incremental Build of configuration Debug for project DMA_data_transfer ****
make -j8 all 
arm-none-eabi-gcc "../Core/Src/main.c" -mcpu=cortex-m4 -std=gnu11 -g3 -DDEBUG -DUSE_HAL_DRIVER -DSTM32L476xx -c -I../Core/Inc -I../Drivers/STM32L4xx_HAL_Driver/Inc -I../Drivers/STM32L4xx_HAL_Driver/Inc/Legacy -I../Drivers/CMSIS/Device/ST/STM32L4xx/Include -I../Drivers/CMSIS/Include -O0 -ffunction-sections -fdata-sections -Wall -fstack-usage -fcyclomatic-complexity -MMD -MP -MF"Core/Src/main.d" -MT"Core/Src/main.o" --specs=nano.specs -mfpu=fpv4-sp-d16 -mfloat-abi=hard -mthumb -o "Core/Src/main.o"
arm-none-eabi-gcc "../Core/Src/tm007_driver.c" -mcpu=cortex-m4 -std=gnu11 -g3 -DDEBUG -DUSE_HAL_DRIVER -DSTM32L476xx -c -I../Core/Inc -I../Drivers/STM32L4xx_HAL_Driver/Inc -I../Drivers/STM32L4xx_HAL_Driver/Inc/Legacy -I../Drivers/CMSIS/Device/ST/STM32L4xx/Include -I../Drivers/CMSIS/Include -O0 -ffunction-sections -fdata-sections -Wall -fstack-usage -fcyclomatic-complexity -MMD -MP -MF"Core/Src/tm007_driver.d" -MT"Core/Src/tm007_driver.o" --specs=nano.specs -mfpu=fpv4-sp-d16 -mfloat-abi=hard -mthumb -o "Core/Src/tm007_driver.o"
In file included from ../Core/Src/main.c:24:
../Core/Inc/tm007_driver.h:70:42: error: unknown type name 'bool'
   70 | TMP007_Status_t TMP007_EnableAlertObject(bool enable);
      |                                          ^~~~
../Core/Inc/tm007_driver.h:1:1: note: 'bool' is defined in header '<stdbool.h>'; did you forget to '#include <stdbool.h>'?
  +++ |+#include <stdbool.h>
    1 | /*
make: *** [Core/Src/subdir.mk:37: Core/Src/main.o] Error 1
make: *** Waiting for unfinished jobs....
In file included from ../Core/Src/tm007_driver.c:8:
../Core/Inc/tm007_driver.h:70:42: error: unknown type name 'bool'
   70 | TMP007_Status_t TMP007_EnableAlertObject(bool enable);
      |                                          ^~~~
../Core/Inc/tm007_driver.h:12:1: note: 'bool' is defined in header '<stdbool.h>'; did you forget to '#include <stdbool.h>'?
   11 | #include "stm32l4xx_hal.h"  // or whichever STM32 family you're using
  +++ |+#include <stdbool.h>
   12 | 
../Core/Src/tm007_driver.c:110:42: error: unknown type name 'bool'
  110 | TMP007_Status_t TMP007_EnableAlertObject(bool enable)
      |                                          ^~~~
../Core/Src/tm007_driver.c:11:1: note: 'bool' is defined in header '<stdbool.h>'; did you forget to '#include <stdbool.h>'?
   10 | #include <stdio.h>
  +++ |+#include <stdbool.h>
   11 | 
make: *** [Core/Src/subdir.mk:37: Core/Src/tm007_driver.o] Error 1
"make -j8 all" terminated with exit code 2. Build might be incomplete.
12:24:52 **** Incremental Build of configuration Debug for project Room_climate_logger_L_series ****
make -j8 all 
arm-none-eabi-size  Room_climate_logger_L_series.elf 
   text	   data	    bss	    dec	    hex	filename
  32692	    468	   2404	  35564	   8aec	Room_climate_logger_L_series.elf
Finished building: default.size.stdout
 
12:25:25 **** Incremental Build of configuration Debug for project DMA_data_transfer ****
make -j8 all 
arm-none-eabi-gcc "../Core/Src/main.c" -mcpu=cortex-m4 -std=gnu11 -g3 -DDEBUG -DUSE_HAL_DRIVER -DSTM32L476xx -c -I../Core/Inc -I../Drivers/STM32L4xx_HAL_Driver/Inc -I../Drivers/STM32L4xx_HAL_Driver/Inc/Legacy -I../Drivers/CMSIS/Device/ST/STM32L4xx/Include -I../Drivers/CMSIS/Include -O0 -ffunction-sections -fdata-sections -Wall -fstack-usage -fcyclomatic-complexity -MMD -MP -MF"Core/Src/main.d" -MT"Core/Src/main.o" --specs=nano.specs -mfpu=fpv4-sp-d16 -mfloat-abi=hard -mthumb -o "Core/Src/main.o"
arm-none-eabi-gcc "../Core/Src/tm007_driver.c" -mcpu=cortex-m4 -std=gnu11 -g3 -DDEBUG -DUSE_HAL_DRIVER -DSTM32L476xx -c -I../Core/Inc -I../Drivers/STM32L4xx_HAL_Driver/Inc -I../Drivers/STM32L4xx_HAL_Driver/Inc/Legacy -I../Drivers/CMSIS/Device/ST/STM32L4xx/Include -I../Drivers/CMSIS/Include -O0 -ffunction-sections -fdata-sections -Wall -fstack-usage -fcyclomatic-complexity -MMD -MP -MF"Core/Src/tm007_driver.d" -MT"Core/Src/tm007_driver.o" --specs=nano.specs -mfpu=fpv4-sp-d16 -mfloat-abi=hard -mthumb -o "Core/Src/tm007_driver.o"
arm-none-eabi-gcc -o "DMA_data_transfer.elf" @"objects.list"   -mcpu=cortex-m4 -T"C:\Haril_bitsilica\STM_training_module\Worksheet_projects\Project_14_DMA_data_transfer\STM32L476RGTX_FLASH.ld" --specs=nosys.specs -Wl,-Map="DMA_data_transfer.map" -Wl,--gc-sections -static --specs=nano.specs -mfpu=fpv4-sp-d16 -mfloat-abi=hard -mthumb -Wl,--start-group -lc -lm -Wl,--end-group
Finished building target: DMA_data_transfer.elf
 
arm-none-eabi-size  DMA_data_transfer.elf 
arm-none-eabi-objdump -h -S DMA_data_transfer.elf  > "DMA_data_transfer.list"
   text	   data	    bss	    dec	    hex	filename
  13304	     12	   1788	  15104	   3b00	DMA_data_transfer.elf
Finished building: default.size.stdout
 
Finished building: DMA_data_transfer.list
 
12:25:28 **** Incremental Build of configuration Debug for project Room_climate_logger_L_series ****
make -j8 all 
arm-none-eabi-size  Room_climate_logger_L_series.elf 
   text	   data	    bss	    dec	    hex	filename
  32692	    468	   2404	  35564	   8aec	Room_climate_logger_L_series.elf
Finished building: default.size.stdout
 
12:25:42 **** Incremental Build of configuration Debug for project DMA_data_transfer ****
make -j8 all 
arm-none-eabi-size  DMA_data_transfer.elf 
   text	   data	    bss	    dec	    hex	filename
  13304	     12	   1788	  15104	   3b00	DMA_data_transfer.elf
Finished building: default.size.stdout
 
12:28:30 **** Incremental Build of configuration Debug for project DMA_data_transfer ****
make -j8 all 
arm-none-eabi-gcc "../Core/Src/main.c" -mcpu=cortex-m4 -std=gnu11 -g3 -DDEBUG -DUSE_HAL_DRIVER -DSTM32L476xx -c -I../Core/Inc -I../Drivers/STM32L4xx_HAL_Driver/Inc -I../Drivers/STM32L4xx_HAL_Driver/Inc/Legacy -I../Drivers/CMSIS/Device/ST/STM32L4xx/Include -I../Drivers/CMSIS/Include -O0 -ffunction-sections -fdata-sections -Wall -fstack-usage -fcyclomatic-complexity -MMD -MP -MF"Core/Src/main.d" -MT"Core/Src/main.o" --specs=nano.specs -mfpu=fpv4-sp-d16 -mfloat-abi=hard -mthumb -o "Core/Src/main.o"
arm-none-eabi-gcc "../Core/Src/tm007_driver.c" -mcpu=cortex-m4 -std=gnu11 -g3 -DDEBUG -DUSE_HAL_DRIVER -DSTM32L476xx -c -I../Core/Inc -I../Drivers/STM32L4xx_HAL_Driver/Inc -I../Drivers/STM32L4xx_HAL_Driver/Inc/Legacy -I../Drivers/CMSIS/Device/ST/STM32L4xx/Include -I../Drivers/CMSIS/Include -O0 -ffunction-sections -fdata-sections -Wall -fstack-usage -fcyclomatic-complexity -MMD -MP -MF"Core/Src/tm007_driver.d" -MT"Core/Src/tm007_driver.o" --specs=nano.specs -mfpu=fpv4-sp-d16 -mfloat-abi=hard -mthumb -o "Core/Src/tm007_driver.o"
../Core/Src/main.c: In function 'main':
../Core/Src/main.c:110:17: warning: implicit declaration of function 'sprintf' [-Wimplicit-function-declaration]
  110 |       int len = sprintf(buf, "Die: %.2f C | Object: %.2f C\r\n", temp_die, temp_obj);
      |                 ^~~~~~~
../Core/Src/main.c:25:1: note: include '<stdio.h>' or provide a declaration of 'sprintf'
   24 | #include "tm007_driver.h"
  +++ |+#include <stdio.h>
   25 | /* USER CODE END Includes */
../Core/Src/main.c:110:17: warning: incompatible implicit declaration of built-in function 'sprintf' [-Wbuiltin-declaration-mismatch]
  110 |       int len = sprintf(buf, "Die: %.2f C | Object: %.2f C\r\n", temp_die, temp_obj);
      |                 ^~~~~~~
../Core/Src/main.c:110:17: note: include '<stdio.h>' or provide a declaration of 'sprintf'
arm-none-eabi-gcc -o "DMA_data_transfer.elf" @"objects.list"   -mcpu=cortex-m4 -T"C:\Haril_bitsilica\STM_training_module\Worksheet_projects\Project_14_DMA_data_transfer\STM32L476RGTX_FLASH.ld" --specs=nosys.specs -Wl,-Map="DMA_data_transfer.map" -Wl,--gc-sections -static --specs=nano.specs -mfpu=fpv4-sp-d16 -mfloat-abi=hard -mthumb -Wl,--start-group -lc -lm -Wl,--end-group
Finished building target: DMA_data_transfer.elf
 
arm-none-eabi-size  DMA_data_transfer.elf 
arm-none-eabi-objdump -h -S DMA_data_transfer.elf  > "DMA_data_transfer.list"
   text	   data	    bss	    dec	    hex	filename
  20128	     92	   2124	  22344	   5748	DMA_data_transfer.elf
Finished building: default.size.stdout
 
Finished building: DMA_data_transfer.list
 
12:31:40 **** Incremental Build of configuration Debug for project DMA_data_transfer ****
make -j8 all 
arm-none-eabi-gcc -o "DMA_data_transfer.elf" @"objects.list"   -mcpu=cortex-m4 -T"C:\Haril_bitsilica\STM_training_module\Worksheet_projects\Project_14_DMA_data_transfer\STM32L476RGTX_FLASH.ld" --specs=nosys.specs -Wl,-Map="DMA_data_transfer.map" -Wl,--gc-sections -static -u _printf_float --specs=nano.specs -mfpu=fpv4-sp-d16 -mfloat-abi=hard -mthumb -Wl,--start-group -lc -lm -Wl,--end-group
Finished building target: DMA_data_transfer.elf
 
arm-none-eabi-size  DMA_data_transfer.elf 
arm-none-eabi-objdump -h -S DMA_data_transfer.elf  > "DMA_data_transfer.list"
   text	   data	    bss	    dec	    hex	filename
  31764	    468	   2132	  34364	   863c	DMA_data_transfer.elf
Finished building: default.size.stdout
 
Finished building: DMA_data_transfer.list
 
12:44:11 **** Incremental Build of configuration Debug for project DMA_data_transfer ****
make -j8 all 
arm-none-eabi-size  DMA_data_transfer.elf 
   text	   data	    bss	    dec	    hex	filename
  31764	    468	   2132	  34364	   863c	DMA_data_transfer.elf
Finished building: default.size.stdout
 
15:04:51 **** Incremental Build of configuration Debug for project DMA_data_transfer ****
make -j8 all 
arm-none-eabi-size  DMA_data_transfer.elf 
   text	   data	    bss	    dec	    hex	filename
  31764	    468	   2132	  34364	   863c	DMA_data_transfer.elf
Finished building: default.size.stdout
 
15:07:32 **** Incremental Build of configuration Debug for project Room_climate_logger_L_series ****
make -j8 all 
arm-none-eabi-size  Room_climate_logger_L_series.elf 
   text	   data	    bss	    dec	    hex	filename
  32692	    468	   2404	  35564	   8aec	Room_climate_logger_L_series.elf
Finished building: default.size.stdout
 
15:07:51 **** Incremental Build of configuration Debug for project Room_climate_logger_L_series ****
make -j8 all 
arm-none-eabi-size  Room_climate_logger_L_series.elf 
   text	   data	    bss	    dec	    hex	filename
  32692	    468	   2404	  35564	   8aec	Room_climate_logger_L_series.elf
Finished building: default.size.stdout
 
15:08:57 **** Incremental Build of configuration Debug for project DMA_data_transfer ****
make -j8 all 
arm-none-eabi-size  DMA_data_transfer.elf 
   text	   data	    bss	    dec	    hex	filename
  31764	    468	   2132	  34364	   863c	DMA_data_transfer.elf
Finished building: default.size.stdout
 
15:08:57 **** Incremental Build of configuration Debug for project Room_climate_logger_L_series ****
make -j8 all 
arm-none-eabi-gcc "../Core/Src/main.c" -mcpu=cortex-m4 -std=gnu11 -g3 -DDEBUG -DUSE_HAL_DRIVER -DSTM32L476xx -c -I../Core/Inc -I../Drivers/STM32L4xx_HAL_Driver/Inc -I../Drivers/STM32L4xx_HAL_Driver/Inc/Legacy -I../Drivers/CMSIS/Device/ST/STM32L4xx/Include -I../Drivers/CMSIS/Include -O0 -ffunction-sections -fdata-sections -Wall -fstack-usage -fcyclomatic-complexity -MMD -MP -MF"Core/Src/main.d" -MT"Core/Src/main.o" --specs=nano.specs -mfpu=fpv4-sp-d16 -mfloat-abi=hard -mthumb -o "Core/Src/main.o"
../Core/Src/main.c: In function 'main':
../Core/Src/main.c:102:37: warning: unused variable 'gz' [-Wunused-variable]
  102 |         int16_t ax, ay, az, gx, gy, gz;
      |                                     ^~
../Core/Src/main.c:102:33: warning: unused variable 'gy' [-Wunused-variable]
  102 |         int16_t ax, ay, az, gx, gy, gz;
      |                                 ^~
../Core/Src/main.c:102:29: warning: unused variable 'gx' [-Wunused-variable]
  102 |         int16_t ax, ay, az, gx, gy, gz;
      |                             ^~
../Core/Src/main.c:102:25: warning: unused variable 'az' [-Wunused-variable]
  102 |         int16_t ax, ay, az, gx, gy, gz;
      |                         ^~
../Core/Src/main.c:102:21: warning: unused variable 'ay' [-Wunused-variable]
  102 |         int16_t ax, ay, az, gx, gy, gz;
      |                     ^~
../Core/Src/main.c:102:17: warning: unused variable 'ax' [-Wunused-variable]
  102 |         int16_t ax, ay, az, gx, gy, gz;
      |                 ^~
arm-none-eabi-gcc -o "Room_climate_logger_L_series.elf" @"objects.list"   -mcpu=cortex-m4 -T"C:\Haril_bitsilica\STM_training_module\Worksheet_projects\Project_2_Room Climate Logger\Room_climate_logger_L_series\STM32L476RGTX_FLASH.ld" --specs=nosys.specs -Wl,-Map="Room_climate_logger_L_series.map" -Wl,--gc-sections -static -u _printf_float --specs=nano.specs -mfpu=fpv4-sp-d16 -mfloat-abi=hard -mthumb -Wl,--start-group -lc -lm -Wl,--end-group
Finished building target: Room_climate_logger_L_series.elf
 
arm-none-eabi-size  Room_climate_logger_L_series.elf 
arm-none-eabi-objdump -h -S Room_climate_logger_L_series.elf  > "Room_climate_logger_L_series.list"
   text	   data	    bss	    dec	    hex	filename
  32148	    468	   2332	  34948	   8884	Room_climate_logger_L_series.elf
Finished building: default.size.stdout
 
Finished building: Room_climate_logger_L_series.list
 
15:09:03 **** Incremental Build of configuration Debug for project Room_climate_logger_L_series ****
make -j8 all 
arm-none-eabi-size  Room_climate_logger_L_series.elf 
   text	   data	    bss	    dec	    hex	filename
  32148	    468	   2332	  34948	   8884	Room_climate_logger_L_series.elf
Finished building: default.size.stdout
 
15:12:22 **** Incremental Build of configuration Debug for project DMA_data_transfer ****
make -j8 all 
arm-none-eabi-size  DMA_data_transfer.elf 
   text	   data	    bss	    dec	    hex	filename
  31764	    468	   2132	  34364	   863c	DMA_data_transfer.elf
Finished building: default.size.stdout
 
15:12:23 **** Incremental Build of configuration Debug for project Room_climate_logger_L_series ****
make -j8 all 
arm-none-eabi-gcc "../Core/Src/TMP007.c" -mcpu=cortex-m4 -std=gnu11 -g3 -DDEBUG -DUSE_HAL_DRIVER -DSTM32L476xx -c -I../Core/Inc -I../Drivers/STM32L4xx_HAL_Driver/Inc -I../Drivers/STM32L4xx_HAL_Driver/Inc/Legacy -I../Drivers/CMSIS/Device/ST/STM32L4xx/Include -I../Drivers/CMSIS/Include -O0 -ffunction-sections -fdata-sections -Wall -fstack-usage -fcyclomatic-complexity -MMD -MP -MF"Core/Src/TMP007.d" -MT"Core/Src/TMP007.o" --specs=nano.specs -mfpu=fpv4-sp-d16 -mfloat-abi=hard -mthumb -o "Core/Src/TMP007.o"
arm-none-eabi-gcc -o "Room_climate_logger_L_series.elf" @"objects.list"   -mcpu=cortex-m4 -T"C:\Haril_bitsilica\STM_training_module\Worksheet_projects\Project_2_Room Climate Logger\Room_climate_logger_L_series\STM32L476RGTX_FLASH.ld" --specs=nosys.specs -Wl,-Map="Room_climate_logger_L_series.map" -Wl,--gc-sections -static -u _printf_float --specs=nano.specs -mfpu=fpv4-sp-d16 -mfloat-abi=hard -mthumb -Wl,--start-group -lc -lm -Wl,--end-group
Finished building target: Room_climate_logger_L_series.elf
 
arm-none-eabi-size  Room_climate_logger_L_series.elf 
arm-none-eabi-objdump -h -S Room_climate_logger_L_series.elf  > "Room_climate_logger_L_series.list"
   text	   data	    bss	    dec	    hex	filename
  32148	    468	   2332	  34948	   8884	Room_climate_logger_L_series.elf
Finished building: default.size.stdout
 
Finished building: Room_climate_logger_L_series.list
 
15:12:32 **** Incremental Build of configuration Debug for project Room_climate_logger_L_series ****
make -j8 all 
arm-none-eabi-size  Room_climate_logger_L_series.elf 
   text	   data	    bss	    dec	    hex	filename
  32148	    468	   2332	  34948	   8884	Room_climate_logger_L_series.elf
Finished building: default.size.stdout
 
15:15:14 **** Incremental Build of configuration Debug for project DMA_data_transfer ****
make -j8 all 
arm-none-eabi-size  DMA_data_transfer.elf 
   text	   data	    bss	    dec	    hex	filename
  31764	    468	   2132	  34364	   863c	DMA_data_transfer.elf
Finished building: default.size.stdout
 
15:15:15 **** Incremental Build of configuration Debug for project Room_climate_logger_L_series ****
make -j8 all 
arm-none-eabi-gcc "../Core/Src/main.c" -mcpu=cortex-m4 -std=gnu11 -g3 -DDEBUG -DUSE_HAL_DRIVER -DSTM32L476xx -c -I../Core/Inc -I../Drivers/STM32L4xx_HAL_Driver/Inc -I../Drivers/STM32L4xx_HAL_Driver/Inc/Legacy -I../Drivers/CMSIS/Device/ST/STM32L4xx/Include -I../Drivers/CMSIS/Include -O0 -ffunction-sections -fdata-sections -Wall -fstack-usage -fcyclomatic-complexity -MMD -MP -MF"Core/Src/main.d" -MT"Core/Src/main.o" --specs=nano.specs -mfpu=fpv4-sp-d16 -mfloat-abi=hard -mthumb -o "Core/Src/main.o"
../Core/Src/main.c: In function 'main':
../Core/Src/main.c:113:31: warning: implicit declaration of function 'TMP007_ReadReg'; did you mean 'TMP007_ReadTemp'? [-Wimplicit-function-declaration]
  113 |                 uint16_t id = TMP007_ReadReg(0x1F);
      |                               ^~~~~~~~~~~~~~
      |                               TMP007_ReadTemp
../Core/Src/main.c:113:26: warning: unused variable 'id' [-Wunused-variable]
  113 |                 uint16_t id = TMP007_ReadReg(0x1F);
      |                          ^~
../Core/Src/main.c:102:37: warning: unused variable 'gz' [-Wunused-variable]
  102 |         int16_t ax, ay, az, gx, gy, gz;
      |                                     ^~
../Core/Src/main.c:102:33: warning: unused variable 'gy' [-Wunused-variable]
  102 |         int16_t ax, ay, az, gx, gy, gz;
      |                                 ^~
../Core/Src/main.c:102:29: warning: unused variable 'gx' [-Wunused-variable]
  102 |         int16_t ax, ay, az, gx, gy, gz;
      |                             ^~
../Core/Src/main.c:102:25: warning: unused variable 'az' [-Wunused-variable]
  102 |         int16_t ax, ay, az, gx, gy, gz;
      |                         ^~
../Core/Src/main.c:102:21: warning: unused variable 'ay' [-Wunused-variable]
  102 |         int16_t ax, ay, az, gx, gy, gz;
      |                     ^~
../Core/Src/main.c:102:17: warning: unused variable 'ax' [-Wunused-variable]
  102 |         int16_t ax, ay, az, gx, gy, gz;
      |                 ^~
arm-none-eabi-gcc -o "Room_climate_logger_L_series.elf" @"objects.list"   -mcpu=cortex-m4 -T"C:\Haril_bitsilica\STM_training_module\Worksheet_projects\Project_2_Room Climate Logger\Room_climate_logger_L_series\STM32L476RGTX_FLASH.ld" --specs=nosys.specs -Wl,-Map="Room_climate_logger_L_series.map" -Wl,--gc-sections -static -u _printf_float --specs=nano.specs -mfpu=fpv4-sp-d16 -mfloat-abi=hard -mthumb -Wl,--start-group -lc -lm -Wl,--end-group
C:/ST/STM32CubeIDE_1.19.0/STM32CubeIDE/plugins/com.st.stm32cube.ide.mcu.externaltools.gnu-tools-for-stm32.13.3.rel1.win32_1.0.0.202411081344/tools/bin/../lib/gcc/arm-none-eabi/13.3.1/../../../../arm-none-eabi/bin/ld.exe: ./Core/Src/main.o: in function `main':
C:/Haril_bitsilica/STM_training_module/Worksheet_projects/Project_2_Room Climate Logger/Room_climate_logger_L_series/Debug/../Core/Src/main.c:113:(.text.main+0x24): undefined reference to `TMP007_ReadReg'
collect2.exe: error: ld returned 1 exit status
make: *** [makefile:64: Room_climate_logger_L_series.elf] Error 1
"make -j8 all" terminated with exit code 2. Build might be incomplete.
15:15:55 **** Incremental Build of configuration Debug for project DMA_data_transfer ****
make -j8 all 
arm-none-eabi-size  DMA_data_transfer.elf 
   text	   data	    bss	    dec	    hex	filename
  31764	    468	   2132	  34364	   863c	DMA_data_transfer.elf
Finished building: default.size.stdout
 
15:15:55 **** Incremental Build of configuration Debug for project Room_climate_logger_L_series ****
make -j8 all 
arm-none-eabi-gcc "../Core/Src/TMP007.c" -mcpu=cortex-m4 -std=gnu11 -g3 -DDEBUG -DUSE_HAL_DRIVER -DSTM32L476xx -c -I../Core/Inc -I../Drivers/STM32L4xx_HAL_Driver/Inc -I../Drivers/STM32L4xx_HAL_Driver/Inc/Legacy -I../Drivers/CMSIS/Device/ST/STM32L4xx/Include -I../Drivers/CMSIS/Include -O0 -ffunction-sections -fdata-sections -Wall -fstack-usage -fcyclomatic-complexity -MMD -MP -MF"Core/Src/TMP007.d" -MT"Core/Src/TMP007.o" --specs=nano.specs -mfpu=fpv4-sp-d16 -mfloat-abi=hard -mthumb -o "Core/Src/TMP007.o"
arm-none-eabi-gcc "../Core/Src/main.c" -mcpu=cortex-m4 -std=gnu11 -g3 -DDEBUG -DUSE_HAL_DRIVER -DSTM32L476xx -c -I../Core/Inc -I../Drivers/STM32L4xx_HAL_Driver/Inc -I../Drivers/STM32L4xx_HAL_Driver/Inc/Legacy -I../Drivers/CMSIS/Device/ST/STM32L4xx/Include -I../Drivers/CMSIS/Include -O0 -ffunction-sections -fdata-sections -Wall -fstack-usage -fcyclomatic-complexity -MMD -MP -MF"Core/Src/main.d" -MT"Core/Src/main.o" --specs=nano.specs -mfpu=fpv4-sp-d16 -mfloat-abi=hard -mthumb -o "Core/Src/main.o"
../Core/Src/main.c: In function 'main':
../Core/Src/main.c:102:37: warning: unused variable 'gz' [-Wunused-variable]
  102 |         int16_t ax, ay, az, gx, gy, gz;
      |                                     ^~
../Core/Src/main.c:102:33: warning: unused variable 'gy' [-Wunused-variable]
  102 |         int16_t ax, ay, az, gx, gy, gz;
      |                                 ^~
../Core/Src/main.c:102:29: warning: unused variable 'gx' [-Wunused-variable]
  102 |         int16_t ax, ay, az, gx, gy, gz;
      |                             ^~
../Core/Src/main.c:102:25: warning: unused variable 'az' [-Wunused-variable]
  102 |         int16_t ax, ay, az, gx, gy, gz;
      |                         ^~
../Core/Src/TMP007.c: In function 'TMP007_ReadTemp':
../Core/Src/main.c:102:21: warning: unused variable 'ay' [-Wunused-variable]
  102 |         int16_t ax, ay, az, gx, gy, gz;
      |                     ^~
../Core/Src/main.c:102:17: warning: unused variable 'ax' [-Wunused-variable]
  102 |         int16_t ax, ay, az, gx, gy, gz;
      |                 ^~
../Core/Src/TMP007.c:36:18: warning: unused variable 'id' [-Wunused-variable]
   36 |         uint16_t id = TMP007_ReadReg(0x1F);
      |                  ^~
arm-none-eabi-gcc -o "Room_climate_logger_L_series.elf" @"objects.list"   -mcpu=cortex-m4 -T"C:\Haril_bitsilica\STM_training_module\Worksheet_projects\Project_2_Room Climate Logger\Room_climate_logger_L_series\STM32L476RGTX_FLASH.ld" --specs=nosys.specs -Wl,-Map="Room_climate_logger_L_series.map" -Wl,--gc-sections -static -u _printf_float --specs=nano.specs -mfpu=fpv4-sp-d16 -mfloat-abi=hard -mthumb -Wl,--start-group -lc -lm -Wl,--end-group
Finished building target: Room_climate_logger_L_series.elf
 
arm-none-eabi-size  Room_climate_logger_L_series.elf 
arm-none-eabi-objdump -h -S Room_climate_logger_L_series.elf  > "Room_climate_logger_L_series.list"
   text	   data	    bss	    dec	    hex	filename
  32164	    468	   2332	  34964	   8894	Room_climate_logger_L_series.elf
Finished building: default.size.stdout
 
Finished building: Room_climate_logger_L_series.list
 
15:16:04 **** Incremental Build of configuration Debug for project Room_climate_logger_L_series ****
make -j8 all 
arm-none-eabi-size  Room_climate_logger_L_series.elf 
   text	   data	    bss	    dec	    hex	filename
  32164	    468	   2332	  34964	   8894	Room_climate_logger_L_series.elf
Finished building: default.size.stdout
 
15:21:06 **** Incremental Build of configuration Debug for project DMA_data_transfer ****
make -j8 all 
arm-none-eabi-size  DMA_data_transfer.elf 
   text	   data	    bss	    dec	    hex	filename
  31764	    468	   2132	  34364	   863c	DMA_data_transfer.elf
Finished building: default.size.stdout
 
15:21:06 **** Incremental Build of configuration Debug for project Room_climate_logger_L_series ****
make -j8 all 
arm-none-eabi-gcc "../Core/Src/TMP007.c" -mcpu=cortex-m4 -std=gnu11 -g3 -DDEBUG -DUSE_HAL_DRIVER -DSTM32L476xx -c -I../Core/Inc -I../Drivers/STM32L4xx_HAL_Driver/Inc -I../Drivers/STM32L4xx_HAL_Driver/Inc/Legacy -I../Drivers/CMSIS/Device/ST/STM32L4xx/Include -I../Drivers/CMSIS/Include -O0 -ffunction-sections -fdata-sections -Wall -fstack-usage -fcyclomatic-complexity -MMD -MP -MF"Core/Src/TMP007.d" -MT"Core/Src/TMP007.o" --specs=nano.specs -mfpu=fpv4-sp-d16 -mfloat-abi=hard -mthumb -o "Core/Src/TMP007.o"
arm-none-eabi-gcc -o "Room_climate_logger_L_series.elf" @"objects.list"   -mcpu=cortex-m4 -T"C:\Haril_bitsilica\STM_training_module\Worksheet_projects\Project_2_Room Climate Logger\Room_climate_logger_L_series\STM32L476RGTX_FLASH.ld" --specs=nosys.specs -Wl,-Map="Room_climate_logger_L_series.map" -Wl,--gc-sections -static -u _printf_float --specs=nano.specs -mfpu=fpv4-sp-d16 -mfloat-abi=hard -mthumb -Wl,--start-group -lc -lm -Wl,--end-group
Finished building target: Room_climate_logger_L_series.elf
 
arm-none-eabi-size  Room_climate_logger_L_series.elf 
arm-none-eabi-objdump -h -S Room_climate_logger_L_series.elf  > "Room_climate_logger_L_series.list"
   text	   data	    bss	    dec	    hex	filename
  32268	    468	   2332	  35068	   88fc	Room_climate_logger_L_series.elf
Finished building: default.size.stdout
 
Finished building: Room_climate_logger_L_series.list
 
15:21:12 **** Incremental Build of configuration Debug for project Room_climate_logger_L_series ****
make -j8 all 
arm-none-eabi-size  Room_climate_logger_L_series.elf 
   text	   data	    bss	    dec	    hex	filename
  32268	    468	   2332	  35068	   88fc	Room_climate_logger_L_series.elf
Finished building: default.size.stdout
 
15:22:49 **** Incremental Build of configuration Debug for project DMA_data_transfer ****
make -j8 all 
arm-none-eabi-size  DMA_data_transfer.elf 
   text	   data	    bss	    dec	    hex	filename
  31764	    468	   2132	  34364	   863c	DMA_data_transfer.elf
Finished building: default.size.stdout
 
15:22:49 **** Incremental Build of configuration Debug for project Room_climate_logger_L_series ****
make -j8 all 
arm-none-eabi-gcc "../Core/Src/TMP007.c" -mcpu=cortex-m4 -std=gnu11 -g3 -DDEBUG -DUSE_HAL_DRIVER -DSTM32L476xx -c -I../Core/Inc -I../Drivers/STM32L4xx_HAL_Driver/Inc -I../Drivers/STM32L4xx_HAL_Driver/Inc/Legacy -I../Drivers/CMSIS/Device/ST/STM32L4xx/Include -I../Drivers/CMSIS/Include -O0 -ffunction-sections -fdata-sections -Wall -fstack-usage -fcyclomatic-complexity -MMD -MP -MF"Core/Src/TMP007.d" -MT"Core/Src/TMP007.o" --specs=nano.specs -mfpu=fpv4-sp-d16 -mfloat-abi=hard -mthumb -o "Core/Src/TMP007.o"
../Core/Src/TMP007.c: In function 'TMP007_ReadTemp':
../Core/Src/TMP007.c:36:18: warning: unused variable 'id' [-Wunused-variable]
   36 |         uint16_t id = TMP007_ReadReg(0x1F);
      |                  ^~
arm-none-eabi-gcc -o "Room_climate_logger_L_series.elf" @"objects.list"   -mcpu=cortex-m4 -T"C:\Haril_bitsilica\STM_training_module\Worksheet_projects\Project_2_Room Climate Logger\Room_climate_logger_L_series\STM32L476RGTX_FLASH.ld" --specs=nosys.specs -Wl,-Map="Room_climate_logger_L_series.map" -Wl,--gc-sections -static -u _printf_float --specs=nano.specs -mfpu=fpv4-sp-d16 -mfloat-abi=hard -mthumb -Wl,--start-group -lc -lm -Wl,--end-group
Finished building target: Room_climate_logger_L_series.elf
 
arm-none-eabi-size  Room_climate_logger_L_series.elf 
arm-none-eabi-objdump -h -S Room_climate_logger_L_series.elf  > "Room_climate_logger_L_series.list"
   text	   data	    bss	    dec	    hex	filename
  32164	    468	   2332	  34964	   8894	Room_climate_logger_L_series.elf
Finished building: default.size.stdout
 
Finished building: Room_climate_logger_L_series.list
 
15:24:27 **** Incremental Build of configuration Debug for project DMA_data_transfer ****
make -j8 all 
arm-none-eabi-size  DMA_data_transfer.elf 
   text	   data	    bss	    dec	    hex	filename
  31764	    468	   2132	  34364	   863c	DMA_data_transfer.elf
Finished building: default.size.stdout
 
15:24:28 **** Incremental Build of configuration Debug for project Room_climate_logger_L_series ****
make -j8 all 
arm-none-eabi-gcc "../Core/Src/TMP007.c" -mcpu=cortex-m4 -std=gnu11 -g3 -DDEBUG -DUSE_HAL_DRIVER -DSTM32L476xx -c -I../Core/Inc -I../Drivers/STM32L4xx_HAL_Driver/Inc -I../Drivers/STM32L4xx_HAL_Driver/Inc/Legacy -I../Drivers/CMSIS/Device/ST/STM32L4xx/Include -I../Drivers/CMSIS/Include -O0 -ffunction-sections -fdata-sections -Wall -fstack-usage -fcyclomatic-complexity -MMD -MP -MF"Core/Src/TMP007.d" -MT"Core/Src/TMP007.o" --specs=nano.specs -mfpu=fpv4-sp-d16 -mfloat-abi=hard -mthumb -o "Core/Src/TMP007.o"
arm-none-eabi-gcc "../Core/Src/main.c" -mcpu=cortex-m4 -std=gnu11 -g3 -DDEBUG -DUSE_HAL_DRIVER -DSTM32L476xx -c -I../Core/Inc -I../Drivers/STM32L4xx_HAL_Driver/Inc -I../Drivers/STM32L4xx_HAL_Driver/Inc/Legacy -I../Drivers/CMSIS/Device/ST/STM32L4xx/Include -I../Drivers/CMSIS/Include -O0 -ffunction-sections -fdata-sections -Wall -fstack-usage -fcyclomatic-complexity -MMD -MP -MF"Core/Src/main.d" -MT"Core/Src/main.o" --specs=nano.specs -mfpu=fpv4-sp-d16 -mfloat-abi=hard -mthumb -o "Core/Src/main.o"
../Core/Src/TMP007.c: In function 'TMP007_Test':
../Core/Src/TMP007.c:47:5: warning: implicit declaration of function 'TMP007_Scan' [-Wimplicit-function-declaration]
   47 |     TMP007_Scan();
      |     ^~~~~~~~~~~
../Core/Src/main.c: In function 'main':
../Core/Src/main.c:102:37: warning: unused variable 'gz' [-Wunused-variable]
  102 |         int16_t ax, ay, az, gx, gy, gz;
      |                                     ^~
../Core/Src/main.c:102:33: warning: unused variable 'gy' [-Wunused-variable]
  102 |         int16_t ax, ay, az, gx, gy, gz;
      |                                 ^~
../Core/Src/main.c:102:29: warning: unused variable 'gx' [-Wunused-variable]
  102 |         int16_t ax, ay, az, gx, gy, gz;
      |                             ^~
../Core/Src/main.c:102:25: warning: unused variable 'az' [-Wunused-variable]
  102 |         int16_t ax, ay, az, gx, gy, gz;
      |                         ^~
../Core/Src/main.c:102:21: warning: unused variable 'ay' [-Wunused-variable]
  102 |         int16_t ax, ay, az, gx, gy, gz;
      |                     ^~
../Core/Src/main.c:102:17: warning: unused variable 'ax' [-Wunused-variable]
  102 |         int16_t ax, ay, az, gx, gy, gz;
      |                 ^~
arm-none-eabi-gcc -o "Room_climate_logger_L_series.elf" @"objects.list"   -mcpu=cortex-m4 -T"C:\Haril_bitsilica\STM_training_module\Worksheet_projects\Project_2_Room Climate Logger\Room_climate_logger_L_series\STM32L476RGTX_FLASH.ld" --specs=nosys.specs -Wl,-Map="Room_climate_logger_L_series.map" -Wl,--gc-sections -static -u _printf_float --specs=nano.specs -mfpu=fpv4-sp-d16 -mfloat-abi=hard -mthumb -Wl,--start-group -lc -lm -Wl,--end-group
Finished building target: Room_climate_logger_L_series.elf
 
arm-none-eabi-size  Room_climate_logger_L_series.elf 
arm-none-eabi-objdump -h -S Room_climate_logger_L_series.elf  > "Room_climate_logger_L_series.list"
   text	   data	    bss	    dec	    hex	filename
  32460	    468	   2388	  35316	   89f4	Room_climate_logger_L_series.elf
Finished building: default.size.stdout
 
Finished building: Room_climate_logger_L_series.list
 
15:25:19 **** Incremental Build of configuration Debug for project Room_climate_logger_L_series ****
make -j8 all 
[...]
 
Finished building: DMA_data_transfer.list
 
16:21:04 **** Incremental Build of configuration Debug for project DMA_data_transfer ****
make -j8 all 
arm-none-eabi-gcc "../Core/Src/main.c" -mcpu=cortex-m4 -std=gnu11 -g3 -DDEBUG -DUSE_HAL_DRIVER -DSTM32L476xx -c -I../Core/Inc -I../Drivers/STM32L4xx_HAL_Driver/Inc -I../Drivers/STM32L4xx_HAL_Driver/Inc/Legacy -I../Drivers/CMSIS/Device/ST/STM32L4xx/Include -I../Drivers/CMSIS/Include -O0 -ffunction-sections -fdata-sections -Wall -fstack-usage -fcyclomatic-complexity -MMD -MP -MF"Core/Src/main.d" -MT"Core/Src/main.o" --specs=nano.specs -mfpu=fpv4-sp-d16 -mfloat-abi=hard -mthumb -o "Core/Src/main.o"
arm-none-eabi-gcc "../Core/Src/tm007_driver.c" -mcpu=cortex-m4 -std=gnu11 -g3 -DDEBUG -DUSE_HAL_DRIVER -DSTM32L476xx -c -I../Core/Inc -I../Drivers/STM32L4xx_HAL_Driver/Inc -I../Drivers/STM32L4xx_HAL_Driver/Inc/Legacy -I../Drivers/CMSIS/Device/ST/STM32L4xx/Include -I../Drivers/CMSIS/Include -O0 -ffunction-sections -fdata-sections -Wall -fstack-usage -fcyclomatic-complexity -MMD -MP -MF"Core/Src/tm007_driver.d" -MT"Core/Src/tm007_driver.o" --specs=nano.specs -mfpu=fpv4-sp-d16 -mfloat-abi=hard -mthumb -o "Core/Src/tm007_driver.o"
In file included from ../Core/Src/tm007_driver.c:1:
../Core/Src/tm007_driver.c: In function 'TMP007_Init':
../Core/Inc/tm007_driver.h:20:28: warning: unsigned conversion from 'int' to 'uint8_t' {aka 'unsigned char'} changes value from '32768' to '0' [-Woverflow]
   20 | #define TMP007_CONFIG_RST  0x8000
      |                            ^~~~~~
../Core/Src/tm007_driver.c:121:48: note: in expansion of macro 'TMP007_CONFIG_RST'
  121 |     I2C1_Write(TMP007_ADDR, TMP007_CONFIG_REG, TMP007_CONFIG_RST);
      |                                                ^~~~~~~~~~~~~~~~~
arm-none-eabi-gcc -o "DMA_data_transfer.elf" @"objects.list"   -mcpu=cortex-m4 -T"C:\Haril_bitsilica\STM_training_module\Worksheet_projects\Project_14_DMA_data_transfer\STM32L476RGTX_FLASH.ld" --specs=nosys.specs -Wl,-Map="DMA_data_transfer.map" -Wl,--gc-sections -static -u _printf_float --specs=nano.specs -mfpu=fpv4-sp-d16 -mfloat-abi=hard -mthumb -Wl,--start-group -lc -lm -Wl,--end-group
Finished building target: DMA_data_transfer.elf
 
arm-none-eabi-size  DMA_data_transfer.elf 
arm-none-eabi-objdump -h -S DMA_data_transfer.elf  > "DMA_data_transfer.list"
   text	   data	    bss	    dec	    hex	filename
  29556	    468	   2124	  32148	   7d94	DMA_data_transfer.elf
Finished building: default.size.stdout
 
Finished building: DMA_data_transfer.list
 
16:22:45 **** Incremental Build of configuration Debug for project DMA_data_transfer ****
make -j8 all 
arm-none-eabi-size  DMA_data_transfer.elf 
   text	   data	    bss	    dec	    hex	filename
  29556	    468	   2124	  32148	   7d94	DMA_data_transfer.elf
Finished building: default.size.stdout
 
16:30:19 **** Incremental Build of configuration Debug for project DMA_data_transfer ****
make -j8 all 
arm-none-eabi-gcc "../Core/Src/main.c" -mcpu=cortex-m4 -std=gnu11 -g3 -DDEBUG -DUSE_HAL_DRIVER -DSTM32L476xx -c -I../Core/Inc -I../Drivers/STM32L4xx_HAL_Driver/Inc -I../Drivers/STM32L4xx_HAL_Driver/Inc/Legacy -I../Drivers/CMSIS/Device/ST/STM32L4xx/Include -I../Drivers/CMSIS/Include -O0 -ffunction-sections -fdata-sections -Wall -fstack-usage -fcyclomatic-complexity -MMD -MP -MF"Core/Src/main.d" -MT"Core/Src/main.o" --specs=nano.specs -mfpu=fpv4-sp-d16 -mfloat-abi=hard -mthumb -o "Core/Src/main.o"
arm-none-eabi-gcc "../Core/Src/tm007_driver.c" -mcpu=cortex-m4 -std=gnu11 -g3 -DDEBUG -DUSE_HAL_DRIVER -DSTM32L476xx -c -I../Core/Inc -I../Drivers/STM32L4xx_HAL_Driver/Inc -I../Drivers/STM32L4xx_HAL_Driver/Inc/Legacy -I../Drivers/CMSIS/Device/ST/STM32L4xx/Include -I../Drivers/CMSIS/Include -O0 -ffunction-sections -fdata-sections -Wall -fstack-usage -fcyclomatic-complexity -MMD -MP -MF"Core/Src/tm007_driver.d" -MT"Core/Src/tm007_driver.o" --specs=nano.specs -mfpu=fpv4-sp-d16 -mfloat-abi=hard -mthumb -o "Core/Src/tm007_driver.o"
../Core/Src/tm007_driver.c: In function 'UART2_Init':
../Core/Src/tm007_driver.c:6:48: error: 'RCC_BASE' undeclared (first use in this function)
    6 | #define RCC_AHB2ENR     (*(volatile uint32_t*)(RCC_BASE + 0x4C))
      |                                                ^~~~~~~~
../Core/Src/tm007_driver.c:42:5: note: in expansion of macro 'RCC_AHB2ENR'
   42 |     RCC_AHB2ENR |= (1<<0);   // GPIOA clk
      |     ^~~~~~~~~~~
../Core/Src/tm007_driver.c:6:48: note: each undeclared identifier is reported only once for each function it appears in
    6 | #define RCC_AHB2ENR     (*(volatile uint32_t*)(RCC_BASE + 0x4C))
      |                                                ^~~~~~~~
../Core/Src/tm007_driver.c:42:5: note: in expansion of macro 'RCC_AHB2ENR'
   42 |     RCC_AHB2ENR |= (1<<0);   // GPIOA clk
      |     ^~~~~~~~~~~
../Core/Src/tm007_driver.c:10:48: error: 'GPIOA_BASE' undeclared (first use in this function)
   10 | #define GPIOA_MODER     (*(volatile uint32_t*)(GPIOA_BASE + 0x00))
      |                                                ^~~~~~~~~~
../Core/Src/tm007_driver.c:45:5: note: in expansion of macro 'GPIOA_MODER'
   45 |     GPIOA_MODER &= ~(3<<(2*2));
      |     ^~~~~~~~~~~
../Core/Src/tm007_driver.c:31:48: error: 'USART2_BASE' undeclared (first use in this function); did you mean 'USART2_BRR'?
   31 | #define USART2_BRR      (*(volatile uint32_t*)(USART2_BASE + 0x0C))
      |                                                ^~~~~~~~~~~
../Core/Src/tm007_driver.c:49:5: note: in expansion of macro 'USART2_BRR'
   49 |     USART2_BRR = 4000000/115200;
      |     ^~~~~~~~~~
../Core/Src/tm007_driver.c: In function 'UART2_WriteChar':
../Core/Src/tm007_driver.c:32:48: error: 'USART2_BASE' undeclared (first use in this function); did you mean 'USART2_BRR'?
   32 | #define USART2_ISR      (*(volatile uint32_t*)(USART2_BASE + 0x1C))
      |                                                ^~~~~~~~~~~
../Core/Src/tm007_driver.c:54:13: note: in expansion of macro 'USART2_ISR'
   54 |     while(!(USART2_ISR & (1<<7)));
      |             ^~~~~~~~~~
../Core/Src/tm007_driver.c: In function 'I2C1_Init':
../Core/Src/tm007_driver.c:6:48: error: 'RCC_BASE' undeclared (first use in this function)
    6 | #define RCC_AHB2ENR     (*(volatile uint32_t*)(RCC_BASE + 0x4C))
      |                                                ^~~~~~~~
../Core/Src/tm007_driver.c:64:5: note: in expansion of macro 'RCC_AHB2ENR'
   64 |     RCC_AHB2ENR |= (1<<1);   // GPIOB clk
      |     ^~~~~~~~~~~
../Core/Src/tm007_driver.c:16:48: error: 'GPIOB_BASE' undeclared (first use in this function)
   16 | #define GPIOB_MODER     (*(volatile uint32_t*)(GPIOB_BASE + 0x00))
      |                                                ^~~~~~~~~~
../Core/Src/tm007_driver.c:67:5: note: in expansion of macro 'GPIOB_MODER'
   67 |     GPIOB_MODER &= ~((3<<(8*2)) | (3<<(9*2)));
      |     ^~~~~~~~~~~
../Core/Src/tm007_driver.c:22:48: error: 'I2C1_BASE' undeclared (first use in this function); did you mean 'I2C1_ISR'?
   22 | #define I2C1_CR1        (*(volatile uint32_t*)(I2C1_BASE + 0x00))
      |                                                ^~~~~~~~~
../Core/Src/tm007_driver.c:73:5: note: in expansion of macro 'I2C1_CR1'
   73 |     I2C1_CR1 &= ~(1<<0);
      |     ^~~~~~~~
../Core/Src/tm007_driver.c: In function 'I2C1_Write':
../Core/Src/tm007_driver.c:23:48: error: 'I2C1_BASE' undeclared (first use in this function); did you mean 'I2C1_ISR'?
   23 | #define I2C1_CR2        (*(volatile uint32_t*)(I2C1_BASE + 0x04))
      |                                                ^~~~~~~~~
../Core/Src/tm007_driver.c:79:5: note: in expansion of macro 'I2C1_CR2'
   79 |     I2C1_CR2 = (addr<<1)|(1<<16); // NBYTES=1
      |     ^~~~~~~~
../Core/Src/tm007_driver.c: In function 'I2C1_Read16':
../Core/Src/tm007_driver.c:23:48: error: 'I2C1_BASE' undeclared (first use in this function); did you mean 'I2C1_ISR'?
   23 | #define I2C1_CR2        (*(volatile uint32_t*)(I2C1_BASE + 0x04))
      |                                                ^~~~~~~~~
../Core/Src/tm007_driver.c:97:5: note: in expansion of macro 'I2C1_CR2'
   97 |     I2C1_CR2 = (addr<<1)|(1<<16);
      |     ^~~~~~~~
In file included from ../Core/Src/tm007_driver.c:1:
../Core/Src/tm007_driver.c: In function 'TMP007_Init':
../Core/Inc/tm007_driver.h:16:28: warning: unsigned conversion from 'int' to 'uint8_t' {aka 'unsigned char'} changes value from '32768' to '0' [-Woverflow]
   16 | #define TMP007_CONFIG_RST  0x8000
      |                            ^~~~~~
../Core/Src/tm007_driver.c:121:48: note: in expansion of macro 'TMP007_CONFIG_RST'
  121 |     I2C1_Write(TMP007_ADDR, TMP007_CONFIG_REG, TMP007_CONFIG_RST);
      |                                                ^~~~~~~~~~~~~~~~~
../Core/Inc/tm007_driver.h:17:28: warning: unsigned conversion from 'int' to 'uint8_t' {aka 'unsigned char'} changes value from '4096' to '0' [-Woverflow]
   17 | #define TMP007_CONFIG_CR0  0x1000
      |                            ^~~~~~
../Core/Src/tm007_driver.c:123:48: note: in expansion of macro 'TMP007_CONFIG_CR0'
  123 |     I2C1_Write(TMP007_ADDR, TMP007_CONFIG_REG, TMP007_CONFIG_CR0);
      |                                                ^~~~~~~~~~~~~~~~~
../Core/Src/tm007_driver.c: In function 'TMP007_ReadTemp':
../Core/Src/tm007_driver.c:135:15: warning: implicit declaration of function 'sprintf' [-Wimplicit-function-declaration]
  135 |     int len = sprintf(buf, "TMP007 Temp: %.2f C\r\n", tempC);
      |               ^~~~~~~
../Core/Src/tm007_driver.c:2:1: note: include '<stdio.h>' or provide a declaration of 'sprintf'
    1 | #include "tm007_driver.h"
  +++ |+#include <stdio.h>
    2 | 
../Core/Src/tm007_driver.c:135:15: warning: incompatible implicit declaration of built-in function 'sprintf' [-Wbuiltin-declaration-mismatch]
  135 |     int len = sprintf(buf, "TMP007 Temp: %.2f C\r\n", tempC);
      |               ^~~~~~~
../Core/Src/tm007_driver.c:135:15: note: include '<stdio.h>' or provide a declaration of 'sprintf'
make: *** [Core/Src/subdir.mk:37: Core/Src/tm007_driver.o] Error 1
make: *** Waiting for unfinished jobs....
"make -j8 all" terminated with exit code 2. Build might be incomplete.
16:30:49 **** Incremental Build of configuration Debug for project DMA_data_transfer ****
make -j8 all 
arm-none-eabi-gcc "../Core/Src/tm007_driver.c" -mcpu=cortex-m4 -std=gnu11 -g3 -DDEBUG -DUSE_HAL_DRIVER -DSTM32L476xx -c -I../Core/Inc -I../Drivers/STM32L4xx_HAL_Driver/Inc -I../Drivers/STM32L4xx_HAL_Driver/Inc/Legacy -I../Drivers/CMSIS/Device/ST/STM32L4xx/Include -I../Drivers/CMSIS/Include -O0 -ffunction-sections -fdata-sections -Wall -fstack-usage -fcyclomatic-complexity -MMD -MP -MF"Core/Src/tm007_driver.d" -MT"Core/Src/tm007_driver.o" --specs=nano.specs -mfpu=fpv4-sp-d16 -mfloat-abi=hard -mthumb -o "Core/Src/tm007_driver.o"
In file included from ../Core/Src/tm007_driver.c:1:
../Core/Src/tm007_driver.c: In function 'TMP007_Init':
../Core/Inc/tm007_driver.h:16:28: warning: unsigned conversion from 'int' to 'uint8_t' {aka 'unsigned char'} changes value from '32768' to '0' [-Woverflow]
   16 | #define TMP007_CONFIG_RST  0x8000
      |                            ^~~~~~
../Core/Src/tm007_driver.c:126:48: note: in expansion of macro 'TMP007_CONFIG_RST'
  126 |     I2C1_Write(TMP007_ADDR, TMP007_CONFIG_REG, TMP007_CONFIG_RST);
      |                                                ^~~~~~~~~~~~~~~~~
../Core/Inc/tm007_driver.h:17:28: warning: unsigned conversion from 'int' to 'uint8_t' {aka 'unsigned char'} changes value from '4096' to '0' [-Woverflow]
   17 | #define TMP007_CONFIG_CR0  0x1000
      |                            ^~~~~~
../Core/Src/tm007_driver.c:128:48: note: in expansion of macro 'TMP007_CONFIG_CR0'
  128 |     I2C1_Write(TMP007_ADDR, TMP007_CONFIG_REG, TMP007_CONFIG_CR0);
      |                                                ^~~~~~~~~~~~~~~~~
../Core/Src/tm007_driver.c: In function 'TMP007_ReadTemp':
../Core/Src/tm007_driver.c:140:15: warning: implicit declaration of function 'sprintf' [-Wimplicit-function-declaration]
  140 |     int len = sprintf(buf, "TMP007 Temp: %.2f C\r\n", tempC);
      |               ^~~~~~~
../Core/Src/tm007_driver.c:2:1: note: include '<stdio.h>' or provide a declaration of 'sprintf'
    1 | #include "tm007_driver.h"
  +++ |+#include <stdio.h>
    2 | 
../Core/Src/tm007_driver.c:140:15: warning: incompatible implicit declaration of built-in function 'sprintf' [-Wbuiltin-declaration-mismatch]
  140 |     int len = sprintf(buf, "TMP007 Temp: %.2f C\r\n", tempC);
      |               ^~~~~~~
../Core/Src/tm007_driver.c:140:15: note: include '<stdio.h>' or provide a declaration of 'sprintf'
arm-none-eabi-gcc -o "DMA_data_transfer.elf" @"objects.list"   -mcpu=cortex-m4 -T"C:\Haril_bitsilica\STM_training_module\Worksheet_projects\Project_14_DMA_data_transfer\STM32L476RGTX_FLASH.ld" --specs=nosys.specs -Wl,-Map="DMA_data_transfer.map" -Wl,--gc-sections -static -u _printf_float --specs=nano.specs -mfpu=fpv4-sp-d16 -mfloat-abi=hard -mthumb -Wl,--start-group -lc -lm -Wl,--end-group
Finished building target: DMA_data_transfer.elf
 
arm-none-eabi-size  DMA_data_transfer.elf 
arm-none-eabi-objdump -h -S DMA_data_transfer.elf  > "DMA_data_transfer.list"
   text	   data	    bss	    dec	    hex	filename
  29556	    468	   2124	  32148	   7d94	DMA_data_transfer.elf
Finished building: default.size.stdout
 
Finished building: DMA_data_transfer.list
 
16:31:15 **** Incremental Build of configuration Debug for project DMA_data_transfer ****
make -j8 all 
arm-none-eabi-gcc "../Core/Src/main.c" -mcpu=cortex-m4 -std=gnu11 -g3 -DDEBUG -DUSE_HAL_DRIVER -DSTM32L476xx -c -I../Core/Inc -I../Drivers/STM32L4xx_HAL_Driver/Inc -I../Drivers/STM32L4xx_HAL_Driver/Inc/Legacy -I../Drivers/CMSIS/Device/ST/STM32L4xx/Include -I../Drivers/CMSIS/Include -O0 -ffunction-sections -fdata-sections -Wall -fstack-usage -fcyclomatic-complexity -MMD -MP -MF"Core/Src/main.d" -MT"Core/Src/main.o" --specs=nano.specs -mfpu=fpv4-sp-d16 -mfloat-abi=hard -mthumb -o "Core/Src/main.o"
arm-none-eabi-gcc "../Core/Src/tm007_driver.c" -mcpu=cortex-m4 -std=gnu11 -g3 -DDEBUG -DUSE_HAL_DRIVER -DSTM32L476xx -c -I../Core/Inc -I../Drivers/STM32L4xx_HAL_Driver/Inc -I../Drivers/STM32L4xx_HAL_Driver/Inc/Legacy -I../Drivers/CMSIS/Device/ST/STM32L4xx/Include -I../Drivers/CMSIS/Include -O0 -ffunction-sections -fdata-sections -Wall -fstack-usage -fcyclomatic-complexity -MMD -MP -MF"Core/Src/tm007_driver.d" -MT"Core/Src/tm007_driver.o" --specs=nano.specs -mfpu=fpv4-sp-d16 -mfloat-abi=hard -mthumb -o "Core/Src/tm007_driver.o"
In file included from ../Core/Src/tm007_driver.c:1:
../Core/Src/tm007_driver.c: In function 'TMP007_Init':
../Core/Inc/tm007_driver.h:17:28: warning: unsigned conversion from 'int' to 'uint8_t' {aka 'unsigned char'} changes value from '32768' to '0' [-Woverflow]
   17 | #define TMP007_CONFIG_RST  0x8000
      |                            ^~~~~~
../Core/Src/tm007_driver.c:126:48: note: in expansion of macro 'TMP007_CONFIG_RST'
  126 |     I2C1_Write(TMP007_ADDR, TMP007_CONFIG_REG, TMP007_CONFIG_RST);
      |                                                ^~~~~~~~~~~~~~~~~
../Core/Inc/tm007_driver.h:18:28: warning: unsigned conversion from 'int' to 'uint8_t' {aka 'unsigned char'} changes value from '4096' to '0' [-Woverflow]
   18 | #define TMP007_CONFIG_CR0  0x1000
      |                            ^~~~~~
../Core/Src/tm007_driver.c:128:48: note: in expansion of macro 'TMP007_CONFIG_CR0'
  128 |     I2C1_Write(TMP007_ADDR, TMP007_CONFIG_REG, TMP007_CONFIG_CR0);
      |                                                ^~~~~~~~~~~~~~~~~
arm-none-eabi-gcc -o "DMA_data_transfer.elf" @"objects.list"   -mcpu=cortex-m4 -T"C:\Haril_bitsilica\STM_training_module\Worksheet_projects\Project_14_DMA_data_transfer\STM32L476RGTX_FLASH.ld" --specs=nosys.specs -Wl,-Map="DMA_data_transfer.map" -Wl,--gc-sections -static -u _printf_float --specs=nano.specs -mfpu=fpv4-sp-d16 -mfloat-abi=hard -mthumb -Wl,--start-group -lc -lm -Wl,--end-group
Finished building target: DMA_data_transfer.elf
 
arm-none-eabi-size  DMA_data_transfer.elf 
arm-none-eabi-objdump -h -S DMA_data_transfer.elf  > "DMA_data_transfer.list"
   text	   data	    bss	    dec	    hex	filename
  29556	    468	   2124	  32148	   7d94	DMA_data_transfer.elf
Finished building: default.size.stdout
 
Finished building: DMA_data_transfer.list
 
16:31:27 **** Incremental Build of configuration Debug for project DMA_data_transfer ****
make -j8 all 
arm-none-eabi-size  DMA_data_transfer.elf 
   text	   data	    bss	    dec	    hex	filename
  29556	    468	   2124	  32148	   7d94	DMA_data_transfer.elf
Finished building: default.size.stdout
 
16:32:12 **** Incremental Build of configuration Debug for project DMA_data_transfer ****
make -j8 all 
arm-none-eabi-gcc "../Core/Src/main.c" -mcpu=cortex-m4 -std=gnu11 -g3 -DDEBUG -DUSE_HAL_DRIVER -DSTM32L476xx -c -I../Core/Inc -I../Drivers/STM32L4xx_HAL_Driver/Inc -I../Drivers/STM32L4xx_HAL_Driver/Inc/Legacy -I../Drivers/CMSIS/Device/ST/STM32L4xx/Include -I../Drivers/CMSIS/Include -O0 -ffunction-sections -fdata-sections -Wall -fstack-usage -fcyclomatic-complexity -MMD -MP -MF"Core/Src/main.d" -MT"Core/Src/main.o" --specs=nano.specs -mfpu=fpv4-sp-d16 -mfloat-abi=hard -mthumb -o "Core/Src/main.o"
arm-none-eabi-gcc -o "DMA_data_transfer.elf" @"objects.list"   -mcpu=cortex-m4 -T"C:\Haril_bitsilica\STM_training_module\Worksheet_projects\Project_14_DMA_data_transfer\STM32L476RGTX_FLASH.ld" --specs=nosys.specs -Wl,-Map="DMA_data_transfer.map" -Wl,--gc-sections -static -u _printf_float --specs=nano.specs -mfpu=fpv4-sp-d16 -mfloat-abi=hard -mthumb -Wl,--start-group -lc -lm -Wl,--end-group
Finished building target: DMA_data_transfer.elf
 
arm-none-eabi-size  DMA_data_transfer.elf 
arm-none-eabi-objdump -h -S DMA_data_transfer.elf  > "DMA_data_transfer.list"
   text	   data	    bss	    dec	    hex	filename
  16468	    464	   1904	  18836	   4994	DMA_data_transfer.elf
Finished building: default.size.stdout
 
Finished building: DMA_data_transfer.list
 
16:32:18 **** Incremental Build of configuration Debug for project DMA_data_transfer ****
make -j8 all 
arm-none-eabi-size  DMA_data_transfer.elf 
   text	   data	    bss	    dec	    hex	filename
  16468	    464	   1904	  18836	   4994	DMA_data_transfer.elf
Finished building: default.size.stdout
 
16:34:08 **** Incremental Build of configuration Debug for project DMA_data_transfer ****
make -j8 all 
arm-none-eabi-size  DMA_data_transfer.elf 
   text	   data	    bss	    dec	    hex	filename
  16468	    464	   1904	  18836	   4994	DMA_data_transfer.elf
Finished building: default.size.stdout
 
16:39:38 **** Incremental Build of configuration Debug for project DMA_data_transfer ****
make -j8 all 
arm-none-eabi-gcc "../Core/Src/main.c" -mcpu=cortex-m4 -std=gnu11 -g3 -DDEBUG -DUSE_HAL_DRIVER -DSTM32L476xx -c -I../Core/Inc -I../Drivers/STM32L4xx_HAL_Driver/Inc -I../Drivers/STM32L4xx_HAL_Driver/Inc/Legacy -I../Drivers/CMSIS/Device/ST/STM32L4xx/Include -I../Drivers/CMSIS/Include -O0 -ffunction-sections -fdata-sections -Wall -fstack-usage -fcyclomatic-complexity -MMD -MP -MF"Core/Src/main.d" -MT"Core/Src/main.o" --specs=nano.specs -mfpu=fpv4-sp-d16 -mfloat-abi=hard -mthumb -o "Core/Src/main.o"
arm-none-eabi-gcc -o "DMA_data_transfer.elf" @"objects.list"   -mcpu=cortex-m4 -T"C:\Haril_bitsilica\STM_training_module\Worksheet_projects\Project_14_DMA_data_transfer\STM32L476RGTX_FLASH.ld" --specs=nosys.specs -Wl,-Map="DMA_data_transfer.map" -Wl,--gc-sections -static -u _printf_float --specs=nano.specs -mfpu=fpv4-sp-d16 -mfloat-abi=hard -mthumb -Wl,--start-group -lc -lm -Wl,--end-group
Finished building target: DMA_data_transfer.elf
 
arm-none-eabi-size  DMA_data_transfer.elf 
arm-none-eabi-objdump -h -S DMA_data_transfer.elf  > "DMA_data_transfer.list"
   text	   data	    bss	    dec	    hex	filename
  29556	    468	   2124	  32148	   7d94	DMA_data_transfer.elf
Finished building: default.size.stdout
 
Finished building: DMA_data_transfer.list
 
