../Drivers/CMSIS/Include/core_cm4.h:1684:22:__NVIC_EnableIRQ	16	static,ignoring_inline_asm
../Core/Src/main.c:62:6:SysTick_Delay_ms	24	static
../Core/Src/main.c:74:6:Timer2_Init	8	static
../Core/Src/main.c:84:6:GPIO_Init	4	static
../Core/Src/main.c:91:6:TIM2_IRQHandler	4	static
../Core/Src/main.c:105:5:main	8	static
../Core/Src/main.c:157:6:SystemClock_Config	88	static
../Core/Src/main.c:204:13:MX_TIM2_Init	32	static
../Core/Src/main.c:249:13:MX_USART2_UART_Init	8	static
../Core/Src/main.c:282:13:MX_GPIO_Init	48	static
../Core/Src/main.c:324:6:Error_Handler	4	static,ignoring_inline_asm
