11:03:44 **** Incremental Build of configuration Debug for project Ultrasonic_gpio_driver ****
make -j8 all 
arm-none-eabi-gcc "../Src/main.c" -mcpu=cortex-m0plus -std=gnu11 -g3 -DDEBUG -DSTM32L0538_DISCO -DSTM32 -DSTM32L053C8Tx -DSTM32L0 -c -I../Inc -O0 -ffunction-sections -fdata-sections -Wall -fstack-usage -fcyclomatic-complexity -MMD -MP -MF"Src/main.d" -MT"Src/main.o" --specs=nano.specs -mfloat-abi=soft -mthumb -o "Src/main.o"
../Src/main.c: In function 'main':
../Src/main.c:90:15: warning: unused variable 'distance_cm' [-Wunused-variable]
   90 |         float distance_cm = time_us * 0.017f;
      |               ^~~~~~~~~~~
arm-none-eabi-gcc -o "Ultrasonic_gpio_driver.elf" @"objects.list"   -mcpu=cortex-m0plus -T"C:\Haril_bitsilica\STM_training_module\driver_playist_2\Ultrasonic_sensor_gpio_driver\Ultrasonic_gpio_driver\STM32L053C8TX_FLASH.ld" --specs=nosys.specs -Wl,-Map="Ultrasonic_gpio_driver.map" -Wl,--gc-sections -static --specs=nano.specs -mfloat-abi=soft -mthumb -Wl,--start-group -lc -lm -Wl,--end-group
Finished building target: Ultrasonic_gpio_driver.elf
 
arm-none-eabi-size  Ultrasonic_gpio_driver.elf 
arm-none-eabi-objdump -h -S Ultrasonic_gpio_driver.elf  > "Ultrasonic_gpio_driver.list"
   text	   data	    bss	    dec	    hex	filename
   1920	      0	   1568	   3488	    da0	Ultrasonic_gpio_driver.elf
Finished building: default.size.stdout
 
Finished building: Ultrasonic_gpio_driver.list
 

11:03:45 Build Finished. 0 errors, 1 warnings. (took 781ms)

