Archive member included to satisfy reference by file (symbol)

C:/ST/STM32CubeIDE_1.19.0/STM32CubeIDE/plugins/com.st.stm32cube.ide.mcu.externaltools.gnu-tools-for-stm32.13.3.rel1.win32_1.0.0.202411081344/tools/bin/../lib/gcc/arm-none-eabi/13.3.1/../../../../arm-none-eabi/lib/thumb/v6-m/nofp\libc_nano.a(libc_a-exit.o)
                              C:/ST/STM32CubeIDE_1.19.0/STM32CubeIDE/plugins/com.st.stm32cube.ide.mcu.externaltools.gnu-tools-for-stm32.13.3.rel1.win32_1.0.0.202411081344/tools/bin/../lib/gcc/arm-none-eabi/13.3.1/../../../../arm-none-eabi/lib/thumb/v6-m/nofp/crt0.o (exit)
C:/ST/STM32CubeIDE_1.19.0/STM32CubeIDE/plugins/com.st.stm32cube.ide.mcu.externaltools.gnu-tools-for-stm32.13.3.rel1.win32_1.0.0.202411081344/tools/bin/../lib/gcc/arm-none-eabi/13.3.1/../../../../arm-none-eabi/lib/thumb/v6-m/nofp\libc_nano.a(libc_a-findfp.o)
                              C:/ST/STM32CubeIDE_1.19.0/STM32CubeIDE/plugins/com.st.stm32cube.ide.mcu.externaltools.gnu-tools-for-stm32.13.3.rel1.win32_1.0.0.202411081344/tools/bin/../lib/gcc/arm-none-eabi/13.3.1/../../../../arm-none-eabi/lib/thumb/v6-m/nofp\libc_nano.a(libc_a-exit.o) (__stdio_exit_handler)
C:/ST/STM32CubeIDE_1.19.0/STM32CubeIDE/plugins/com.st.stm32cube.ide.mcu.externaltools.gnu-tools-for-stm32.13.3.rel1.win32_1.0.0.202411081344/tools/bin/../lib/gcc/arm-none-eabi/13.3.1/../../../../arm-none-eabi/lib/thumb/v6-m/nofp\libc_nano.a(libc_a-fwalk.o)
                              C:/ST/STM32CubeIDE_1.19.0/STM32CubeIDE/plugins/com.st.stm32cube.ide.mcu.externaltools.gnu-tools-for-stm32.13.3.rel1.win32_1.0.0.202411081344/tools/bin/../lib/gcc/arm-none-eabi/13.3.1/../../../../arm-none-eabi/lib/thumb/v6-m/nofp\libc_nano.a(libc_a-findfp.o) (_fwalk_sglue)
C:/ST/STM32CubeIDE_1.19.0/STM32CubeIDE/plugins/com.st.stm32cube.ide.mcu.externaltools.gnu-tools-for-stm32.13.3.rel1.win32_1.0.0.202411081344/tools/bin/../lib/gcc/arm-none-eabi/13.3.1/../../../../arm-none-eabi/lib/thumb/v6-m/nofp\libc_nano.a(libc_a-stdio.o)
                              C:/ST/STM32CubeIDE_1.19.0/STM32CubeIDE/plugins/com.st.stm32cube.ide.mcu.externaltools.gnu-tools-for-stm32.13.3.rel1.win32_1.0.0.202411081344/tools/bin/../lib/gcc/arm-none-eabi/13.3.1/../../../../arm-none-eabi/lib/thumb/v6-m/nofp\libc_nano.a(libc_a-findfp.o) (__sread)
C:/ST/STM32CubeIDE_1.19.0/STM32CubeIDE/plugins/com.st.stm32cube.ide.mcu.externaltools.gnu-tools-for-stm32.13.3.rel1.win32_1.0.0.202411081344/tools/bin/../lib/gcc/arm-none-eabi/13.3.1/../../../../arm-none-eabi/lib/thumb/v6-m/nofp\libc_nano.a(libc_a-memset.o)
                              C:/ST/STM32CubeIDE_1.19.0/STM32CubeIDE/plugins/com.st.stm32cube.ide.mcu.externaltools.gnu-tools-for-stm32.13.3.rel1.win32_1.0.0.202411081344/tools/bin/../lib/gcc/arm-none-eabi/13.3.1/../../../../arm-none-eabi/lib/thumb/v6-m/nofp/crt0.o (memset)
C:/ST/STM32CubeIDE_1.19.0/STM32CubeIDE/plugins/com.st.stm32cube.ide.mcu.externaltools.gnu-tools-for-stm32.13.3.rel1.win32_1.0.0.202411081344/tools/bin/../lib/gcc/arm-none-eabi/13.3.1/../../../../arm-none-eabi/lib/thumb/v6-m/nofp\libc_nano.a(libc_a-closer.o)
                              C:/ST/STM32CubeIDE_1.19.0/STM32CubeIDE/plugins/com.st.stm32cube.ide.mcu.externaltools.gnu-tools-for-stm32.13.3.rel1.win32_1.0.0.202411081344/tools/bin/../lib/gcc/arm-none-eabi/13.3.1/../../../../arm-none-eabi/lib/thumb/v6-m/nofp\libc_nano.a(libc_a-stdio.o) (_close_r)
C:/ST/STM32CubeIDE_1.19.0/STM32CubeIDE/plugins/com.st.stm32cube.ide.mcu.externaltools.gnu-tools-for-stm32.13.3.rel1.win32_1.0.0.202411081344/tools/bin/../lib/gcc/arm-none-eabi/13.3.1/../../../../arm-none-eabi/lib/thumb/v6-m/nofp\libc_nano.a(libc_a-reent.o)
                              C:/ST/STM32CubeIDE_1.19.0/STM32CubeIDE/plugins/com.st.stm32cube.ide.mcu.externaltools.gnu-tools-for-stm32.13.3.rel1.win32_1.0.0.202411081344/tools/bin/../lib/gcc/arm-none-eabi/13.3.1/../../../../arm-none-eabi/lib/thumb/v6-m/nofp\libc_nano.a(libc_a-closer.o) (errno)
C:/ST/STM32CubeIDE_1.19.0/STM32CubeIDE/plugins/com.st.stm32cube.ide.mcu.externaltools.gnu-tools-for-stm32.13.3.rel1.win32_1.0.0.202411081344/tools/bin/../lib/gcc/arm-none-eabi/13.3.1/../../../../arm-none-eabi/lib/thumb/v6-m/nofp\libc_nano.a(libc_a-impure.o)
                              C:/ST/STM32CubeIDE_1.19.0/STM32CubeIDE/plugins/com.st.stm32cube.ide.mcu.externaltools.gnu-tools-for-stm32.13.3.rel1.win32_1.0.0.202411081344/tools/bin/../lib/gcc/arm-none-eabi/13.3.1/../../../../arm-none-eabi/lib/thumb/v6-m/nofp\libc_nano.a(libc_a-reent.o) (_impure_ptr)
C:/ST/STM32CubeIDE_1.19.0/STM32CubeIDE/plugins/com.st.stm32cube.ide.mcu.externaltools.gnu-tools-for-stm32.13.3.rel1.win32_1.0.0.202411081344/tools/bin/../lib/gcc/arm-none-eabi/13.3.1/../../../../arm-none-eabi/lib/thumb/v6-m/nofp\libc_nano.a(libc_a-lseekr.o)
[...]
Memory Configuration

Name             Origin             Length             Attributes
RAM              0x20000000         0x00002000         xrw
FLASH            0x08000000         0x00010000         xr
*default*        0x00000000         0xffffffff

Linker script and memory map

LOAD C:/ST/STM32CubeIDE_1.19.0/STM32CubeIDE/plugins/com.st.stm32cube.ide.mcu.externaltools.gnu-tools-for-stm32.13.3.rel1.win32_1.0.0.202411081344/tools/bin/../lib/gcc/arm-none-eabi/13.3.1/thumb/v6-m/nofp/crti.o
LOAD C:/ST/STM32CubeIDE_1.19.0/STM32CubeIDE/plugins/com.st.stm32cube.ide.mcu.externaltools.gnu-tools-for-stm32.13.3.rel1.win32_1.0.0.202411081344/tools/bin/../lib/gcc/arm-none-eabi/13.3.1/thumb/v6-m/nofp/crtbegin.o
LOAD C:/ST/STM32CubeIDE_1.19.0/STM32CubeIDE/plugins/com.st.stm32cube.ide.mcu.externaltools.gnu-tools-for-stm32.13.3.rel1.win32_1.0.0.202411081344/tools/bin/../lib/gcc/arm-none-eabi/13.3.1/../../../../arm-none-eabi/lib/thumb/v6-m/nofp/crt0.o
LOAD ./Core/Src/gpio.o
LOAD ./Core/Src/i2c.o
LOAD ./Core/Src/main.o
LOAD ./Core/Src/spi.o
LOAD ./Core/Src/stm32l0xx_hal_msp.o
LOAD ./Core/Src/stm32l0xx_it.o
LOAD ./Core/Src/syscalls.o
LOAD ./Core/Src/sysmem.o
LOAD ./Core/Src/system_stm32l0xx.o
LOAD ./Core/Src/tsc.o
LOAD ./Core/Src/usart.o
LOAD ./Core/Src/usb.o
LOAD ./Core/Startup/startup_stm32l053c8tx.o
LOAD ./Drivers/STM32L0xx_HAL_Driver/Src/stm32l0xx_hal.o
LOAD ./Drivers/STM32L0xx_HAL_Driver/Src/stm32l0xx_hal_cortex.o
LOAD ./Drivers/STM32L0xx_HAL_Driver/Src/stm32l0xx_hal_dma.o
LOAD ./Drivers/STM32L0xx_HAL_Driver/Src/stm32l0xx_hal_exti.o
LOAD ./Drivers/STM32L0xx_HAL_Driver/Src/stm32l0xx_hal_flash.o
LOAD ./Drivers/STM32L0xx_HAL_Driver/Src/stm32l0xx_hal_flash_ex.o
LOAD ./Drivers/STM32L0xx_HAL_Driver/Src/stm32l0xx_hal_flash_ramfunc.o
LOAD ./Drivers/STM32L0xx_HAL_Driver/Src/stm32l0xx_hal_gpio.o
LOAD ./Drivers/STM32L0xx_HAL_Driver/Src/stm32l0xx_hal_i2c.o
LOAD ./Drivers/STM32L0xx_HAL_Driver/Src/stm32l0xx_hal_i2c_ex.o
LOAD ./Drivers/STM32L0xx_HAL_Driver/Src/stm32l0xx_hal_pcd.o
LOAD ./Drivers/STM32L0xx_HAL_Driver/Src/stm32l0xx_hal_pcd_ex.o
LOAD ./Drivers/STM32L0xx_HAL_Driver/Src/stm32l0xx_hal_pwr.o
LOAD ./Drivers/STM32L0xx_HAL_Driver/Src/stm32l0xx_hal_pwr_ex.o
LOAD ./Drivers/STM32L0xx_HAL_Driver/Src/stm32l0xx_hal_rcc.o
LOAD ./Drivers/STM32L0xx_HAL_Driver/Src/stm32l0xx_hal_rcc_ex.o
LOAD ./Drivers/STM32L0xx_HAL_Driver/Src/stm32l0xx_hal_spi.o
LOAD ./Drivers/STM32L0xx_HAL_Driver/Src/stm32l0xx_hal_tsc.o
LOAD ./Drivers/STM32L0xx_HAL_Driver/Src/stm32l0xx_hal_uart.o
LOAD ./Drivers/STM32L0xx_HAL_Driver/Src/stm32l0xx_hal_uart_ex.o
LOAD ./Drivers/STM32L0xx_HAL_Driver/Src/stm32l0xx_ll_usb.o
START GROUP
LOAD C:/ST/STM32CubeIDE_1.19.0/STM32CubeIDE/plugins/com.st.stm32cube.ide.mcu.externaltools.gnu-tools-for-stm32.13.3.rel1.win32_1.0.0.202411081344/tools/bin/../lib/gcc/arm-none-eabi/13.3.1/../../../../arm-none-eabi/lib/thumb/v6-m/nofp\libc_nano.a
LOAD C:/ST/STM32CubeIDE_1.19.0/STM32CubeIDE/plugins/com.st.stm32cube.ide.mcu.externaltools.gnu-tools-for-stm32.13.3.rel1.win32_1.0.0.202411081344/tools/bin/../lib/gcc/arm-none-eabi/13.3.1/../../../../arm-none-eabi/lib/thumb/v6-m/nofp\libm.a
END GROUP
START GROUP
LOAD C:/ST/STM32CubeIDE_1.19.0/STM32CubeIDE/plugins/com.st.stm32cube.ide.mcu.externaltools.gnu-tools-for-stm32.13.3.rel1.win32_1.0.0.202411081344/tools/bin/../lib/gcc/arm-none-eabi/13.3.1/thumb/v6-m/nofp\libgcc.a
LOAD C:/ST/STM32CubeIDE_1.19.0/STM32CubeIDE/plugins/com.st.stm32cube.ide.mcu.externaltools.gnu-tools-for-stm32.13.3.rel1.win32_1.0.0.202411081344/tools/bin/../lib/gcc/arm-none-eabi/13.3.1/../../../../arm-none-eabi/lib/thumb/v6-m/nofp\libc_nano.a
END GROUP
START GROUP
LOAD C:/ST/STM32CubeIDE_1.19.0/STM32CubeIDE/plugins/com.st.stm32cube.ide.mcu.externaltools.gnu-tools-for-stm32.13.3.rel1.win32_1.0.0.202411081344/tools/bin/../lib/gcc/arm-none-eabi/13.3.1/thumb/v6-m/nofp\libgcc.a
LOAD C:/ST/STM32CubeIDE_1.19.0/STM32CubeIDE/plugins/com.st.stm32cube.ide.mcu.externaltools.gnu-tools-for-stm32.13.3.rel1.win32_1.0.0.202411081344/tools/bin/../lib/gcc/arm-none-eabi/13.3.1/../../../../arm-none-eabi/lib/thumb/v6-m/nofp\libc_nano.a
LOAD C:/ST/STM32CubeIDE_1.19.0/STM32CubeIDE/plugins/com.st.stm32cube.ide.mcu.externaltools.gnu-tools-for-stm32.13.3.rel1.win32_1.0.0.202411081344/tools/bin/../lib/gcc/arm-none-eabi/13.3.1/../../../../arm-none-eabi/lib/thumb/v6-m/nofp\libnosys.a
END GROUP
START GROUP
LOAD C:/ST/STM32CubeIDE_1.19.0/STM32CubeIDE/plugins/com.st.stm32cube.ide.mcu.externaltools.gnu-tools-for-stm32.13.3.rel1.win32_1.0.0.202411081344/tools/bin/../lib/gcc/arm-none-eabi/13.3.1/thumb/v6-m/nofp\libgcc.a
LOAD C:/ST/STM32CubeIDE_1.19.0/STM32CubeIDE/plugins/com.st.stm32cube.ide.mcu.externaltools.gnu-tools-for-stm32.13.3.rel1.win32_1.0.0.202411081344/tools/bin/../lib/gcc/arm-none-eabi/13.3.1/../../../../arm-none-eabi/lib/thumb/v6-m/nofp\libc_nano.a
LOAD C:/ST/STM32CubeIDE_1.19.0/STM32CubeIDE/plugins/com.st.stm32cube.ide.mcu.externaltools.gnu-tools-for-stm32.13.3.rel1.win32_1.0.0.202411081344/tools/bin/../lib/gcc/arm-none-eabi/13.3.1/../../../../arm-none-eabi/lib/thumb/v6-m/nofp\libnosys.a
END GROUP
LOAD C:/ST/STM32CubeIDE_1.19.0/STM32CubeIDE/plugins/com.st.stm32cube.ide.mcu.externaltools.gnu-tools-for-stm32.13.3.rel1.win32_1.0.0.202411081344/tools/bin/../lib/gcc/arm-none-eabi/13.3.1/thumb/v6-m/nofp/crtend.o
LOAD C:/ST/STM32CubeIDE_1.19.0/STM32CubeIDE/plugins/com.st.stm32cube.ide.mcu.externaltools.gnu-tools-for-stm32.13.3.rel1.win32_1.0.0.202411081344/tools/bin/../lib/gcc/arm-none-eabi/13.3.1/thumb/v6-m/nofp/crtn.o
                0x20002000                        _estack = (ORIGIN (RAM) + LENGTH (RAM))
                0x00000200                        _Min_Heap_Size = 0x200
                0x00000400                        _Min_Stack_Size = 0x400

.isr_vector     0x08000000       0xc0
                0x08000000                        . = ALIGN (0x4)
 *(.isr_vector)
 .isr_vector    0x08000000       0xc0 ./Core/Startup/startup_stm32l053c8tx.o
                0x08000000                g_pfnVectors
                0x080000c0                        . = ALIGN (0x4)

.text           0x080000c0     0x399c
                0x080000c0                        . = ALIGN (0x4)
 *(.text)
 .text          0x080000c0       0x48 C:/ST/STM32CubeIDE_1.19.0/STM32CubeIDE/plugins/com.st.stm32cube.ide.mcu.externaltools.gnu-tools-for-stm32.13.3.rel1.win32_1.0.0.202411081344/tools/bin/../lib/gcc/arm-none-eabi/13.3.1/thumb/v6-m/nofp/crtbegin.o
 .text          0x08000108      0x114 C:/ST/STM32CubeIDE_1.19.0/STM32CubeIDE/plugins/com.st.stm32cube.ide.mcu.externaltools.gnu-tools-for-stm32.13.3.rel1.win32_1.0.0.202411081344/tools/bin/../lib/gcc/arm-none-eabi/13.3.1/thumb/v6-m/nofp\libgcc.a(_udivsi3.o)
                0x08000108                __aeabi_uidiv
                0x08000108                __udivsi3
                0x08000214                __aeabi_uidivmod
 .text          0x0800021c        0x4 C:/ST/STM32CubeIDE_1.19.0/STM32CubeIDE/plugins/com.st.stm32cube.ide.mcu.externaltools.gnu-tools-for-stm32.13.3.rel1.win32_1.0.0.202411081344/tools/bin/../lib/gcc/arm-none-eabi/13.3.1/thumb/v6-m/nofp\libgcc.a(_dvmd_tls.o)
                0x0800021c                __aeabi_idiv0
                0x0800021c                __aeabi_ldiv0
 .text          0x08000220       0x40 C:/ST/STM32CubeIDE_1.19.0/STM32CubeIDE/plugins/com.st.stm32cube.ide.mcu.externaltools.gnu-tools-for-stm32.13.3.rel1.win32_1.0.0.202411081344/tools/bin/../lib/gcc/arm-none-eabi/13.3.1/thumb/v6-m/nofp\libgcc.a(_aeabi_uldivmod.o)
                0x08000220                __aeabi_uldivmod
 .text          0x08000260      0x198 C:/ST/STM32CubeIDE_1.19.0/STM32CubeIDE/plugins/com.st.stm32cube.ide.mcu.externaltools.gnu-tools-for-stm32.13.3.rel1.win32_1.0.0.202411081344/tools/bin/../lib/gcc/arm-none-eabi/13.3.1/thumb/v6-m/nofp\libgcc.a(_udivmoddi4.o)
                0x08000260                __udivmoddi4
 .text          0x080003f8       0x18 C:/ST/STM32CubeIDE_1.19.0/STM32CubeIDE/plugins/com.st.stm32cube.ide.mcu.externaltools.gnu-tools-for-stm32.13.3.rel1.win32_1.0.0.202411081344/tools/bin/../lib/gcc/arm-none-eabi/13.3.1/thumb/v6-m/nofp\libgcc.a(_clzdi2.o)
                0x080003f8                __clzdi2
 .text          0x08000410       0x3c C:/ST/STM32CubeIDE_1.19.0/STM32CubeIDE/plugins/com.st.stm32cube.ide.mcu.externaltools.gnu-tools-for-stm32.13.3.rel1.win32_1.0.0.202411081344/tools/bin/../lib/gcc/arm-none-eabi/13.3.1/thumb/v6-m/nofp\libgcc.a(_clzsi2.o)
                0x08000410                __clzsi2
 *(.text*)
 .text.MX_GPIO_Init
                0x0800044c      0x17c ./Core/Src/gpio.o
                0x0800044c                MX_GPIO_Init
 .text.MX_I2C1_Init
                0x080005c8       0x80 ./Core/Src/i2c.o
                0x080005c8                MX_I2C1_Init
 .text.HAL_I2C_MspInit
                0x08000648       0x8c ./Core/Src/i2c.o
                0x08000648                HAL_I2C_MspInit
 .text.main     0x080006d4       0x70 ./Core/Src/main.o
                0x080006d4                main
 .text.SystemClock_Config
                0x08000744       0xf8 ./Core/Src/main.o
                0x08000744                SystemClock_Config
 .text.Error_Handler
                0x0800083c        0xc ./Core/Src/main.o
                0x0800083c                Error_Handler
 .text.MX_SPI1_Init
                0x08000848       0x70 ./Core/Src/spi.o
                0x08000848                MX_SPI1_Init
 .text.MX_SPI2_Init
                0x080008b8       0x70 ./Core/Src/spi.o
                0x080008b8                MX_SPI2_Init
 .text.HAL_SPI_MspInit
                0x08000928      0x134 ./Core/Src/spi.o
                0x08000928                HAL_SPI_MspInit
 .text.HAL_MspInit
                0x08000a5c       0x28 ./Core/Src/stm32l0xx_hal_msp.o
                0x08000a5c                HAL_MspInit
 .text.NMI_Handler
                0x08000a84        0x8 ./Core/Src/stm32l0xx_it.o
                0x08000a84                NMI_Handler
 .text.HardFault_Handler
                0x08000a8c        0x8 ./Core/Src/stm32l0xx_it.o
                0x08000a8c                HardFault_Handler
 .text.SVC_Handler
                0x08000a94        0xa ./Core/Src/stm32l0xx_it.o
                0x08000a94                SVC_Handler
 .text.PendSV_Handler
                0x08000a9e        0xa ./Core/Src/stm32l0xx_it.o
                0x08000a9e                PendSV_Handler
 .text.SysTick_Handler
                0x08000aa8        0xe ./Core/Src/stm32l0xx_it.o
                0x08000aa8                SysTick_Handler
 .text.SystemInit
                0x08000ab6        0xa ./Core/Src/system_stm32l0xx.o
                0x08000ab6                SystemInit
 .text.MX_TSC_Init
                0x08000ac0       0x88 ./Core/Src/tsc.o
                0x08000ac0                MX_TSC_Init
 .text.HAL_TSC_MspInit
                0x08000b48      0x130 ./Core/Src/tsc.o
                0x08000b48                HAL_TSC_MspInit
 .text.MX_USART1_UART_Init
                0x08000c78       0x60 ./Core/Src/usart.o
                0x08000c78                MX_USART1_UART_Init
 .text.HAL_UART_MspInit
                0x08000cd8       0x88 ./Core/Src/usart.o
                0x08000cd8                HAL_UART_MspInit
 .text.MX_USB_PCD_Init
                0x08000d60       0x4c ./Core/Src/usb.o
                0x08000d60                MX_USB_PCD_Init
 .text.HAL_PCD_MspInit
                0x08000dac       0x30 ./Core/Src/usb.o
                0x08000dac                HAL_PCD_MspInit
 .text.Reset_Handler
                0x08000ddc       0x50 ./Core/Startup/startup_stm32l053c8tx.o
                0x08000ddc                Reset_Handler
 .text.Default_Handler
                0x08000e2c        0x2 ./Core/Startup/startup_stm32l053c8tx.o
                0x08000e2c                TSC_IRQHandler
                0x08000e2c                ADC1_COMP_IRQHandler
                0x08000e2c                PVD_IRQHandler
                0x08000e2c                I2C1_IRQHandler
                0x08000e2c                RCC_CRS_IRQHandler
                0x08000e2c                SPI1_IRQHandler
                0x08000e2c                TIM6_DAC_IRQHandler
                0x08000e2c                EXTI2_3_IRQHandler
                0x08000e2c                I2C2_IRQHandler
                0x08000e2c                RTC_IRQHandler
                0x08000e2c                LCD_IRQHandler
                0x08000e2c                DMA1_Channel4_5_6_7_IRQHandler
                0x08000e2c                EXTI4_15_IRQHandler
                0x08000e2c                DMA1_Channel1_IRQHandler
                0x08000e2c                Default_Handler
                0x08000e2c                TIM22_IRQHandler
                0x08000e2c                EXTI0_1_IRQHandler
                0x08000e2c                USB_IRQHandler
                0x08000e2c                SPI2_IRQHandler
                0x08000e2c                TIM21_IRQHandler
                0x08000e2c                WWDG_IRQHandler
                0x08000e2c                TIM2_IRQHandler
                0x08000e2c                DMA1_Channel2_3_IRQHandler
                0x08000e2c                USART2_IRQHandler
                0x08000e2c                FLASH_IRQHandler
                0x08000e2c                USART1_IRQHandler
                0x08000e2c                RNG_LPUART1_IRQHandler
                0x08000e2c                LPTIM1_IRQHandler
 *fill*         0x08000e2e        0x2 
 .text.HAL_Init
                0x08000e30       0x40 ./Drivers/STM32L0xx_HAL_Driver/Src/stm32l0xx_hal.o
                0x08000e30                HAL_Init
 .text.HAL_InitTick
                0x08000e70       0x68 ./Drivers/STM32L0xx_HAL_Driver/Src/stm32l0xx_hal.o
                0x08000e70                HAL_InitTick
 .text.HAL_IncTick
                0x08000ed8       0x24 ./Drivers/STM32L0xx_HAL_Driver/Src/stm32l0xx_hal.o
                0x08000ed8                HAL_IncTick
 .text.HAL_GetTick
                0x08000efc       0x14 ./Drivers/STM32L0xx_HAL_Driver/Src/stm32l0xx_hal.o
                0x08000efc                HAL_GetTick
 .text.HAL_Delay
                0x08000f10       0x48 ./Drivers/STM32L0xx_HAL_Driver/Src/stm32l0xx_hal.o
                0x08000f10                HAL_Delay
 .text.__NVIC_SetPriority
                0x08000f58       0xdc ./Drivers/STM32L0xx_HAL_Driver/Src/stm32l0xx_hal_cortex.o
 .text.SysTick_Config
                0x08001034       0x48 ./Drivers/STM32L0xx_HAL_Driver/Src/stm32l0xx_hal_cortex.o
 .text.HAL_NVIC_SetPriority
                0x0800107c       0x2a ./Drivers/STM32L0xx_HAL_Driver/Src/stm32l0xx_hal_cortex.o
                0x0800107c                HAL_NVIC_SetPriority
 .text.HAL_SYSTICK_Config
                0x080010a6       0x1a ./Drivers/STM32L0xx_HAL_Driver/Src/stm32l0xx_hal_cortex.o
                0x080010a6                HAL_SYSTICK_Config
 .text.HAL_GPIO_Init
                0x080010c0      0x2ec ./Drivers/STM32L0xx_HAL_Driver/Src/stm32l0xx_hal_gpio.o
                0x080010c0                HAL_GPIO_Init
 .text.HAL_GPIO_WritePin
                0x080013ac       0x3a ./Drivers/STM32L0xx_HAL_Driver/Src/stm32l0xx_hal_gpio.o
                0x080013ac                HAL_GPIO_WritePin
 *fill*         0x080013e6        0x2 
 .text.HAL_I2C_Init
                0x080013e8      0x14c ./Drivers/STM32L0xx_HAL_Driver/Src/stm32l0xx_hal_i2c.o
                0x080013e8                HAL_I2C_Init
 .text.HAL_I2CEx_ConfigAnalogFilter
                0x08001534       0x98 ./Drivers/STM32L0xx_HAL_Driver/Src/stm32l0xx_hal_i2c_ex.o
                0x08001534                HAL_I2CEx_ConfigAnalogFilter
 .text.HAL_I2CEx_ConfigDigitalFilter
                0x080015cc       0x98 ./Drivers/STM32L0xx_HAL_Driver/Src/stm32l0xx_hal_i2c_ex.o
                0x080015cc                HAL_I2CEx_ConfigDigitalFilter
 .text.HAL_PCD_Init
                0x08001664      0x1e8 ./Drivers/STM32L0xx_HAL_Driver/Src/stm32l0xx_hal_pcd.o
                0x08001664                HAL_PCD_Init
 .text.HAL_PCDEx_ActivateLPM
                0x0800184c       0x54 ./Drivers/STM32L0xx_HAL_Driver/Src/stm32l0xx_hal_pcd_ex.o
                0x0800184c                HAL_PCDEx_ActivateLPM
 .text.HAL_RCC_OscConfig
                0x080018a0      0x788 ./Drivers/STM32L0xx_HAL_Driver/Src/stm32l0xx_hal_rcc.o
                0x080018a0                HAL_RCC_OscConfig
 .text.HAL_RCC_ClockConfig
                0x08002028      0x290 ./Drivers/STM32L0xx_HAL_Driver/Src/stm32l0xx_hal_rcc.o
                0x08002028                HAL_RCC_ClockConfig
 .text.HAL_RCC_GetSysClockFreq
                0x080022b8      0x10c ./Drivers/STM32L0xx_HAL_Driver/Src/stm32l0xx_hal_rcc.o
                0x080022b8                HAL_RCC_GetSysClockFreq
 .text.HAL_RCC_GetHCLKFreq
                0x080023c4       0x14 ./Drivers/STM32L0xx_HAL_Driver/Src/stm32l0xx_hal_rcc.o
                0x080023c4                HAL_RCC_GetHCLKFreq
 .text.HAL_RCC_GetPCLK1Freq
                0x080023d8       0x2c ./Drivers/STM32L0xx_HAL_Driver/Src/stm32l0xx_hal_rcc.o
                0x080023d8                HAL_RCC_GetPCLK1Freq
 .text.HAL_RCC_GetPCLK2Freq
                0x08002404       0x2c ./Drivers/STM32L0xx_HAL_Driver/Src/stm32l0xx_hal_rcc.o
                0x08002404                HAL_RCC_GetPCLK2Freq
 .text.HAL_RCCEx_PeriphCLKConfig
                0x08002430      0x31c ./Drivers/STM32L0xx_HAL_Driver/Src/stm32l0xx_hal_rcc_ex.o
                0x08002430                HAL_RCCEx_PeriphCLKConfig
 .text.HAL_SPI_Init
                0x0800274c      0x128 ./Drivers/STM32L0xx_HAL_Driver/Src/stm32l0xx_hal_spi.o
                0x0800274c                HAL_SPI_Init
 .text.HAL_SPI_TransmitReceive_IT
                0x08002874      0x134 ./Drivers/STM32L0xx_HAL_Driver/Src/stm32l0xx_hal_spi.o
                0x08002874                HAL_SPI_TransmitReceive_IT
 .text.HAL_SPI_RxCpltCallback
                0x080029a8       0x10 ./Drivers/STM32L0xx_HAL_Driver/Src/stm32l0xx_hal_spi.o
                0x080029a8                HAL_SPI_RxCpltCallback
 .text.HAL_SPI_TxRxCpltCallback
                0x080029b8       0x10 ./Drivers/STM32L0xx_HAL_Driver/Src/stm32l0xx_hal_spi.o
                0x080029b8                HAL_SPI_TxRxCpltCallback
 .text.HAL_SPI_ErrorCallback
                0x080029c8       0x10 ./Drivers/STM32L0xx_HAL_Driver/Src/stm32l0xx_hal_spi.o
                0x080029c8                HAL_SPI_ErrorCallback
 .text.SPI_2linesRxISR_8BIT
                0x080029d8       0x66 ./Drivers/STM32L0xx_HAL_Driver/Src/stm32l0xx_hal_spi.o
 .text.SPI_2linesTxISR_8BIT
                0x08002a3e       0x62 ./Drivers/STM32L0xx_HAL_Driver/Src/stm32l0xx_hal_spi.o
 .text.SPI_2linesRxISR_16BIT
                0x08002aa0       0x62 ./Drivers/STM32L0xx_HAL_Driver/Src/stm32l0xx_hal_spi.o
 .text.SPI_2linesTxISR_16BIT
                0x08002b02       0x60 ./Drivers/STM32L0xx_HAL_Driver/Src/stm32l0xx_hal_spi.o
 *fill*         0x08002b62        0x2 
 .text.SPI_WaitFlagStateUntilTimeout
                0x08002b64      0x11c ./Drivers/STM32L0xx_HAL_Driver/Src/stm32l0xx_hal_spi.o
 .text.SPI_EndRxTxTransaction
                0x08002c80       0xb4 ./Drivers/STM32L0xx_HAL_Driver/Src/stm32l0xx_hal_spi.o
 .text.SPI_CloseRxTx_ISR
                0x08002d34       0xf0 ./Drivers/STM32L0xx_HAL_Driver/Src/stm32l0xx_hal_spi.o
 .text.HAL_TSC_Init
                0x08002e24      0x104 ./Drivers/STM32L0xx_HAL_Driver/Src/stm32l0xx_hal_tsc.o
                0x08002e24                HAL_TSC_Init
 .text.TSC_extract_groups
                0x08002f28       0x46 ./Drivers/STM32L0xx_HAL_Driver/Src/stm32l0xx_hal_tsc.o
 *fill*         0x08002f6e        0x2 
 .text.HAL_UART_Init
                0x08002f70       0xa8 ./Drivers/STM32L0xx_HAL_Driver/Src/stm32l0xx_hal_uart.o
                0x08002f70                HAL_UART_Init
 .text.UART_SetConfig
                0x08003018      0x508 ./Drivers/STM32L0xx_HAL_Driver/Src/stm32l0xx_hal_uart.o
                0x08003018                UART_SetConfig
 .text.UART_AdvFeatureConfig
                0x08003520      0x168 ./Drivers/STM32L0xx_HAL_Driver/Src/stm32l0xx_hal_uart.o
                0x08003520                UART_AdvFeatureConfig
 .text.UART_CheckIdleState
                0x08003688      0x150 ./Drivers/STM32L0xx_HAL_Driver/Src/stm32l0xx_hal_uart.o
                0x08003688                UART_CheckIdleState
 .text.UART_WaitOnFlagUntilTimeout
                0x080037d8       0xde ./Drivers/STM32L0xx_HAL_Driver/Src/stm32l0xx_hal_uart.o
                0x080037d8                UART_WaitOnFlagUntilTimeout
 *fill*         0x080038b6        0x2 
 .text.UART_EndRxTransfer
                0x080038b8       0xc8 ./Drivers/STM32L0xx_HAL_Driver/Src/stm32l0xx_hal_uart.o
 .text.USB_DisableGlobalInt
                0x08003980       0x34 ./Drivers/STM32L0xx_HAL_Driver/Src/stm32l0xx_ll_usb.o
                0x08003980                USB_DisableGlobalInt
 .text.USB_DevInit
                0x080039b4       0x38 ./Drivers/STM32L0xx_HAL_Driver/Src/stm32l0xx_ll_usb.o
                0x080039b4                USB_DevInit
 .text.memset   0x080039ec       0x10 C:/ST/STM32CubeIDE_1.19.0/STM32CubeIDE/plugins/com.st.stm32cube.ide.mcu.externaltools.gnu-tools-for-stm32.13.3.rel1.win32_1.0.0.202411081344/tools/bin/../lib/gcc/arm-none-eabi/13.3.1/../../../../arm-none-eabi/lib/thumb/v6-m/nofp\libc_nano.a(libc_a-memset.o)
                0x080039ec                memset
 .text.__libc_init_array
                0x080039fc       0x48 C:/ST/STM32CubeIDE_1.19.0/STM32CubeIDE/plugins/com.st.stm32cube.ide.mcu.externaltools.gnu-tools-for-stm32.13.3.rel1.win32_1.0.0.202411081344/tools/bin/../lib/gcc/arm-none-eabi/13.3.1/../../../../arm-none-eabi/lib/thumb/v6-m/nofp\libc_nano.a(libc_a-init.o)
                0x080039fc                __libc_init_array
 *(.glue_7)
 .glue_7        0x08003a44        0x0 linker stubs
 *(.glue_7t)
 .glue_7t       0x08003a44        0x0 linker stubs
 *(.eh_frame)
 .eh_frame      0x08003a44        0x0 C:/ST/STM32CubeIDE_1.19.0/STM32CubeIDE/plugins/com.st.stm32cube.ide.mcu.externaltools.gnu-tools-for-stm32.13.3.rel1.win32_1.0.0.202411081344/tools/bin/../lib/gcc/arm-none-eabi/13.3.1/thumb/v6-m/nofp/crtbegin.o
 *(.init)
 .init          0x08003a44        0x4 C:/ST/STM32CubeIDE_1.19.0/STM32CubeIDE/plugins/com.st.stm32cube.ide.mcu.externaltools.gnu-tools-for-stm32.13.3.rel1.win32_1.0.0.202411081344/tools/bin/../lib/gcc/arm-none-eabi/13.3.1/thumb/v6-m/nofp/crti.o
                0x08003a44                _init
 .init          0x08003a48        0x8 C:/ST/STM32CubeIDE_1.19.0/STM32CubeIDE/plugins/com.st.stm32cube.ide.mcu.externaltools.gnu-tools-for-stm32.13.3.rel1.win32_1.0.0.202411081344/tools/bin/../lib/gcc/arm-none-eabi/13.3.1/thumb/v6-m/nofp/crtn.o
 *(.fini)
 .fini          0x08003a50        0x4 C:/ST/STM32CubeIDE_1.19.0/STM32CubeIDE/plugins/com.st.stm32cube.ide.mcu.externaltools.gnu-tools-for-stm32.13.3.rel1.win32_1.0.0.202411081344/tools/bin/../lib/gcc/arm-none-eabi/13.3.1/thumb/v6-m/nofp/crti.o
                0x08003a50                _fini
 .fini          0x08003a54        0x8 C:/ST/STM32CubeIDE_1.19.0/STM32CubeIDE/plugins/com.st.stm32cube.ide.mcu.externaltools.gnu-tools-for-stm32.13.3.rel1.win32_1.0.0.202411081344/tools/bin/../lib/gcc/arm-none-eabi/13.3.1/thumb/v6-m/nofp/crtn.o
                0x08003a5c                        . = ALIGN (0x4)
                0x08003a5c                        _etext = .

.vfp11_veneer   0x08003a5c        0x0
 .vfp11_veneer  0x08003a5c        0x0 linker stubs

.v4_bx          0x08003a5c        0x0
 .v4_bx         0x08003a5c        0x0 linker stubs

.iplt           0x08003a5c        0x0
 .iplt          0x08003a5c        0x0 C:/ST/STM32CubeIDE_1.19.0/STM32CubeIDE/plugins/com.st.stm32cube.ide.mcu.externaltools.gnu-tools-for-stm32.13.3.rel1.win32_1.0.0.202411081344/tools/bin/../lib/gcc/arm-none-eabi/13.3.1/thumb/v6-m/nofp/crtbegin.o

.rodata         0x08003a5c       0x6c
                0x08003a5c                        . = ALIGN (0x4)
 *(.rodata)
 *(.rodata*)
 .rodata.AHBPrescTable
                0x08003a5c       0x10 ./Core/Src/system_stm32l0xx.o
                0x08003a5c                AHBPrescTable
 .rodata.APBPrescTable
                0x08003a6c        0x8 ./Core/Src/system_stm32l0xx.o
                0x08003a6c                APBPrescTable
 .rodata.PLLMulTable
                0x08003a74        0x9 ./Core/Src/system_stm32l0xx.o
                0x08003a74                PLLMulTable
 *fill*         0x08003a7d        0x3 
 .rodata.UART_SetConfig
                0x08003a80       0x48 ./Drivers/STM32L0xx_HAL_Driver/Src/stm32l0xx_hal_uart.o
                0x08003ac8                        . = ALIGN (0x4)

.ARM.extab      0x08003ac8        0x0
                0x08003ac8                        . = ALIGN (0x4)
 *(.ARM.extab* .gnu.linkonce.armextab.*)
                0x08003ac8                        . = ALIGN (0x4)

.ARM            0x08003ac8        0x8
                0x08003ac8                        . = ALIGN (0x4)
                0x08003ac8                        __exidx_start = .
 *(.ARM.exidx*)
 .ARM.exidx     0x08003ac8        0x8 C:/ST/STM32CubeIDE_1.19.0/STM32CubeIDE/plugins/com.st.stm32cube.ide.mcu.externaltools.gnu-tools-for-stm32.13.3.rel1.win32_1.0.0.202411081344/tools/bin/../lib/gcc/arm-none-eabi/13.3.1/thumb/v6-m/nofp\libgcc.a(_udivmoddi4.o)
                0x08003ad0                        __exidx_end = .
                0x08003ad0                        . = ALIGN (0x4)

.preinit_array  0x08003ad0        0x0
                0x08003ad0                        . = ALIGN (0x4)
                0x08003ad0                        PROVIDE (__preinit_array_start = .)
 *(.preinit_array*)
                0x08003ad0                        PROVIDE (__preinit_array_end = .)
                0x08003ad0                        . = ALIGN (0x4)

.init_array     0x08003ad0        0x4
                0x08003ad0                        . = ALIGN (0x4)
                0x08003ad0                        PROVIDE (__init_array_start = .)
 *(SORT_BY_NAME(.init_array.*))
 *(.init_array*)
 .init_array    0x08003ad0        0x4 C:/ST/STM32CubeIDE_1.19.0/STM32CubeIDE/plugins/com.st.stm32cube.ide.mcu.externaltools.gnu-tools-for-stm32.13.3.rel1.win32_1.0.0.202411081344/tools/bin/../lib/gcc/arm-none-eabi/13.3.1/thumb/v6-m/nofp/crtbegin.o
                0x08003ad4                        PROVIDE (__init_array_end = .)
                0x08003ad4                        . = ALIGN (0x4)

.fini_array     0x08003ad4        0x4
                0x08003ad4                        . = ALIGN (0x4)
                [!provide]                        PROVIDE (__fini_array_start = .)
 *(SORT_BY_NAME(.fini_array.*))
 *(.fini_array*)
 .fini_array    0x08003ad4        0x4 C:/ST/STM32CubeIDE_1.19.0/STM32CubeIDE/plugins/com.st.stm32cube.ide.mcu.externaltools.gnu-tools-for-stm32.13.3.rel1.win32_1.0.0.202411081344/tools/bin/../lib/gcc/arm-none-eabi/13.3.1/thumb/v6-m/nofp/crtbegin.o
                [!provide]                        PROVIDE (__fini_array_end = .)
                0x08003ad8                        . = ALIGN (0x4)
                0x08003ad8                        _sidata = LOADADDR (.data)

.rel.dyn        0x08003ad8        0x0
 .rel.iplt      0x08003ad8        0x0 C:/ST/STM32CubeIDE_1.19.0/STM32CubeIDE/plugins/com.st.stm32cube.ide.mcu.externaltools.gnu-tools-for-stm32.13.3.rel1.win32_1.0.0.202411081344/tools/bin/../lib/gcc/arm-none-eabi/13.3.1/thumb/v6-m/nofp/crtbegin.o

.data           0x20000000        0xc load address 0x08003ad8
                0x20000000                        . = ALIGN (0x4)
                0x20000000                        _sdata = .
 *(.data)
 *(.data*)
 .data.SystemCoreClock
                0x20000000        0x4 ./Core/Src/system_stm32l0xx.o
                0x20000000                SystemCoreClock
 .data.uwTickPrio
                0x20000004        0x4 ./Drivers/STM32L0xx_HAL_Driver/Src/stm32l0xx_hal.o
                0x20000004                uwTickPrio
 .data.uwTickFreq
                0x20000008        0x1 ./Drivers/STM32L0xx_HAL_Driver/Src/stm32l0xx_hal.o
                0x20000008                uwTickFreq
 *(.RamFunc)
 *(.RamFunc*)
                0x2000000c                        . = ALIGN (0x4)
 *fill*         0x20000009        0x3 
                0x2000000c                        _edata = .

.igot.plt       0x2000000c        0x0 load address 0x08003ae4
 .igot.plt      0x2000000c        0x0 C:/ST/STM32CubeIDE_1.19.0/STM32CubeIDE/plugins/com.st.stm32cube.ide.mcu.externaltools.gnu-tools-for-stm32.13.3.rel1.win32_1.0.0.202411081344/tools/bin/../lib/gcc/arm-none-eabi/13.3.1/thumb/v6-m/nofp/crtbegin.o
                0x2000000c                        . = ALIGN (0x4)

.bss            0x2000000c      0x4cc load address 0x08003ae4
                0x2000000c                        _sbss = .
                0x2000000c                        __bss_start__ = _sbss
 *(.bss)
 .bss           0x2000000c       0x1c C:/ST/STM32CubeIDE_1.19.0/STM32CubeIDE/plugins/com.st.stm32cube.ide.mcu.externaltools.gnu-tools-for-stm32.13.3.rel1.win32_1.0.0.202411081344/tools/bin/../lib/gcc/arm-none-eabi/13.3.1/thumb/v6-m/nofp/crtbegin.o
 *(.bss*)
 .bss.hi2c1     0x20000028       0x54 ./Core/Src/i2c.o
                0x20000028                hi2c1
 .bss.hspi1     0x2000007c       0x58 ./Core/Src/spi.o
                0x2000007c                hspi1
 .bss.hspi2     0x200000d4       0x58 ./Core/Src/spi.o
                0x200000d4                hspi2
 .bss.htsc      0x2000012c       0x44 ./Core/Src/tsc.o
                0x2000012c                htsc
 .bss.huart1    0x20000170       0x88 ./Core/Src/usart.o
                0x20000170                huart1
 .bss.hpcd_USB_FS
                0x200001f8      0x2dc ./Core/Src/usb.o
                0x200001f8                hpcd_USB_FS
 .bss.uwTick    0x200004d4        0x4 ./Drivers/STM32L0xx_HAL_Driver/Src/stm32l0xx_hal.o
                0x200004d4                uwTick
 *(COMMON)
                0x200004d8                        . = ALIGN (0x4)
                0x200004d8                        _ebss = .
                0x200004d8                        __bss_end__ = _ebss

._user_heap_stack
                0x200004d8      0x600 load address 0x08003ae4
                0x200004d8                        . = ALIGN (0x8)
                [!provide]                        PROVIDE (end = .)
                0x200004d8                        PROVIDE (_end = .)
                0x200006d8                        . = (. + _Min_Heap_Size)
 *fill*         0x200004d8      0x200 
                0x20000ad8                        . = (. + _Min_Stack_Size)
 *fill*         0x200006d8      0x400 
                0x20000ad8                        . = ALIGN (0x8)

/DISCARD/
 libc.a(*)
 libm.a(*)
 libgcc.a(*)

.ARM.attributes
                0x00000000       0x28
 *(.ARM.attributes)
 .ARM.attributes
                0x00000000       0x1e C:/ST/STM32CubeIDE_1.19.0/STM32CubeIDE/plugins/com.st.stm32cube.ide.mcu.externaltools.gnu-tools-for-stm32.13.3.rel1.win32_1.0.0.202411081344/tools/bin/../lib/gcc/arm-none-eabi/13.3.1/thumb/v6-m/nofp/crti.o
 .ARM.attributes
                0x0000001e       0x2c C:/ST/STM32CubeIDE_1.19.0/STM32CubeIDE/plugins/com.st.stm32cube.ide.mcu.externaltools.gnu-tools-for-stm32.13.3.rel1.win32_1.0.0.202411081344/tools/bin/../lib/gcc/arm-none-eabi/13.3.1/thumb/v6-m/nofp/crtbegin.o
 .ARM.attributes
                0x0000004a       0x2c ./Core/Src/gpio.o
 .ARM.attributes
                0x00000076       0x2c ./Core/Src/i2c.o
 .ARM.attributes
                0x000000a2       0x2c ./Core/Src/main.o
 .ARM.attributes
                0x000000ce       0x2c ./Core/Src/spi.o
 .ARM.attributes
                0x000000fa       0x2c ./Core/Src/stm32l0xx_hal_msp.o
 .ARM.attributes
                0x00000126       0x2c ./Core/Src/stm32l0xx_it.o
 .ARM.attributes
                0x00000152       0x2c ./Core/Src/system_stm32l0xx.o
 .ARM.attributes
                0x0000017e       0x2c ./Core/Src/tsc.o
 .ARM.attributes
                0x000001aa       0x2c ./Core/Src/usart.o
 .ARM.attributes
                0x000001d6       0x2c ./Core/Src/usb.o
 .ARM.attributes
                0x00000202       0x22 ./Core/Startup/startup_stm32l053c8tx.o
 .ARM.attributes
                0x00000224       0x2c ./Drivers/STM32L0xx_HAL_Driver/Src/stm32l0xx_hal.o
 .ARM.attributes
                0x00000250       0x2c ./Drivers/STM32L0xx_HAL_Driver/Src/stm32l0xx_hal_cortex.o
 .ARM.attributes
                0x0000027c       0x2c ./Drivers/STM32L0xx_HAL_Driver/Src/stm32l0xx_hal_gpio.o
 .ARM.attributes
                0x000002a8       0x2c ./Drivers/STM32L0xx_HAL_Driver/Src/stm32l0xx_hal_i2c.o
 .ARM.attributes
                0x000002d4       0x2c ./Drivers/STM32L0xx_HAL_Driver/Src/stm32l0xx_hal_i2c_ex.o
 .ARM.attributes
                0x00000300       0x2c ./Drivers/STM32L0xx_HAL_Driver/Src/stm32l0xx_hal_pcd.o
 .ARM.attributes
                0x0000032c       0x2c ./Drivers/STM32L0xx_HAL_Driver/Src/stm32l0xx_hal_pcd_ex.o
 .ARM.attributes
                0x00000358       0x2c ./Drivers/STM32L0xx_HAL_Driver/Src/stm32l0xx_hal_rcc.o
 .ARM.attributes
                0x00000384       0x2c ./Drivers/STM32L0xx_HAL_Driver/Src/stm32l0xx_hal_rcc_ex.o
 .ARM.attributes
                0x000003b0       0x2c ./Drivers/STM32L0xx_HAL_Driver/Src/stm32l0xx_hal_spi.o
 .ARM.attributes
                0x000003dc       0x2c ./Drivers/STM32L0xx_HAL_Driver/Src/stm32l0xx_hal_tsc.o
 .ARM.attributes
                0x00000408       0x2c ./Drivers/STM32L0xx_HAL_Driver/Src/stm32l0xx_hal_uart.o
 .ARM.attributes
                0x00000434       0x2c ./Drivers/STM32L0xx_HAL_Driver/Src/stm32l0xx_ll_usb.o
 .ARM.attributes
                0x00000460       0x2c C:/ST/STM32CubeIDE_1.19.0/STM32CubeIDE/plugins/com.st.stm32cube.ide.mcu.externaltools.gnu-tools-for-stm32.13.3.rel1.win32_1.0.0.202411081344/tools/bin/../lib/gcc/arm-none-eabi/13.3.1/../../../../arm-none-eabi/lib/thumb/v6-m/nofp\libc_nano.a(libc_a-memset.o)
 .ARM.attributes
                0x0000048c       0x2c C:/ST/STM32CubeIDE_1.19.0/STM32CubeIDE/plugins/com.st.stm32cube.ide.mcu.externaltools.gnu-tools-for-stm32.13.3.rel1.win32_1.0.0.202411081344/tools/bin/../lib/gcc/arm-none-eabi/13.3.1/../../../../arm-none-eabi/lib/thumb/v6-m/nofp\libc_nano.a(libc_a-init.o)
 .ARM.attributes
                0x000004b8       0x1e C:/ST/STM32CubeIDE_1.19.0/STM32CubeIDE/plugins/com.st.stm32cube.ide.mcu.externaltools.gnu-tools-for-stm32.13.3.rel1.win32_1.0.0.202411081344/tools/bin/../lib/gcc/arm-none-eabi/13.3.1/thumb/v6-m/nofp\libgcc.a(_udivsi3.o)
 .ARM.attributes
                0x000004d6       0x1e C:/ST/STM32CubeIDE_1.19.0/STM32CubeIDE/plugins/com.st.stm32cube.ide.mcu.externaltools.gnu-tools-for-stm32.13.3.rel1.win32_1.0.0.202411081344/tools/bin/../lib/gcc/arm-none-eabi/13.3.1/thumb/v6-m/nofp\libgcc.a(_dvmd_tls.o)
 .ARM.attributes
                0x000004f4       0x1e C:/ST/STM32CubeIDE_1.19.0/STM32CubeIDE/plugins/com.st.stm32cube.ide.mcu.externaltools.gnu-tools-for-stm32.13.3.rel1.win32_1.0.0.202411081344/tools/bin/../lib/gcc/arm-none-eabi/13.3.1/thumb/v6-m/nofp\libgcc.a(_aeabi_uldivmod.o)
 .ARM.attributes
                0x00000512       0x2c C:/ST/STM32CubeIDE_1.19.0/STM32CubeIDE/plugins/com.st.stm32cube.ide.mcu.externaltools.gnu-tools-for-stm32.13.3.rel1.win32_1.0.0.202411081344/tools/bin/../lib/gcc/arm-none-eabi/13.3.1/thumb/v6-m/nofp\libgcc.a(_udivmoddi4.o)
 .ARM.attributes
                0x0000053e       0x1e C:/ST/STM32CubeIDE_1.19.0/STM32CubeIDE/plugins/com.st.stm32cube.ide.mcu.externaltools.gnu-tools-for-stm32.13.3.rel1.win32_1.0.0.202411081344/tools/bin/../lib/gcc/arm-none-eabi/13.3.1/thumb/v6-m/nofp\libgcc.a(_clzdi2.o)
 .ARM.attributes
                0x0000055c       0x1e C:/ST/STM32CubeIDE_1.19.0/STM32CubeIDE/plugins/com.st.stm32cube.ide.mcu.externaltools.gnu-tools-for-stm32.13.3.rel1.win32_1.0.0.202411081344/tools/bin/../lib/gcc/arm-none-eabi/13.3.1/thumb/v6-m/nofp\libgcc.a(_clzsi2.o)
 .ARM.attributes
                0x0000057a       0x1e C:/ST/STM32CubeIDE_1.19.0/STM32CubeIDE/plugins/com.st.stm32cube.ide.mcu.externaltools.gnu-tools-for-stm32.13.3.rel1.win32_1.0.0.202411081344/tools/bin/../lib/gcc/arm-none-eabi/13.3.1/thumb/v6-m/nofp/crtn.o
OUTPUT(SPI_try1.elf elf32-littlearm)
LOAD linker stubs
LOAD C:/ST/STM32CubeIDE_1.19.0/STM32CubeIDE/plugins/com.st.stm32cube.ide.mcu.externaltools.gnu-tools-for-stm32.13.3.rel1.win32_1.0.0.202411081344/tools/bin/../lib/gcc/arm-none-eabi/13.3.1/../../../../arm-none-eabi/lib/thumb/v6-m/nofp\libc.a
LOAD C:/ST/STM32CubeIDE_1.19.0/STM32CubeIDE/plugins/com.st.stm32cube.ide.mcu.externaltools.gnu-tools-for-stm32.13.3.rel1.win32_1.0.0.202411081344/tools/bin/../lib/gcc/arm-none-eabi/13.3.1/../../../../arm-none-eabi/lib/thumb/v6-m/nofp\libm.a
LOAD C:/ST/STM32CubeIDE_1.19.0/STM32CubeIDE/plugins/com.st.stm32cube.ide.mcu.externaltools.gnu-tools-for-stm32.13.3.rel1.win32_1.0.0.202411081344/tools/bin/../lib/gcc/arm-none-eabi/13.3.1/thumb/v6-m/nofp\libgcc.a

.debug_info     0x00000000    0x11a68
 .debug_info    0x00000000      0x39f ./Core/Src/gpio.o
 .debug_info    0x0000039f      0x90d ./Core/Src/i2c.o
 .debug_info    0x00000cac      0xa48 ./Core/Src/main.o
 .debug_info    0x000016f4      0x8ea ./Core/Src/spi.o
 .debug_info    0x00001fde      0x1ba ./Core/Src/stm32l0xx_hal_msp.o
 .debug_info    0x00002198       0xd3 ./Core/Src/stm32l0xx_it.o
 .debug_info    0x0000226b      0x2d0 ./Core/Src/system_stm32l0xx.o
 .debug_info    0x0000253b      0x683 ./Core/Src/tsc.o
 .debug_info    0x00002bbe      0x97b ./Core/Src/usart.o
 .debug_info    0x00003539      0x74b ./Core/Src/usb.o
 .debug_info    0x00003c84       0x30 ./Core/Startup/startup_stm32l053c8tx.o
 .debug_info    0x00003cb4      0x863 ./Drivers/STM32L0xx_HAL_Driver/Src/stm32l0xx_hal.o
 .debug_info    0x00004517      0x88a ./Drivers/STM32L0xx_HAL_Driver/Src/stm32l0xx_hal_cortex.o
 .debug_info    0x00004da1      0x624 ./Drivers/STM32L0xx_HAL_Driver/Src/stm32l0xx_hal_gpio.o
 .debug_info    0x000053c5     0x20da ./Drivers/STM32L0xx_HAL_Driver/Src/stm32l0xx_hal_i2c.o
 .debug_info    0x0000749f      0x878 ./Drivers/STM32L0xx_HAL_Driver/Src/stm32l0xx_hal_i2c_ex.o
 .debug_info    0x00007d17     0x166c ./Drivers/STM32L0xx_HAL_Driver/Src/stm32l0xx_hal_pcd.o
 .debug_info    0x00009383      0x80a ./Drivers/STM32L0xx_HAL_Driver/Src/stm32l0xx_hal_pcd_ex.o
 .debug_info    0x00009b8d      0x9f9 ./Drivers/STM32L0xx_HAL_Driver/Src/stm32l0xx_hal_rcc.o
 .debug_info    0x0000a586      0x7e6 ./Drivers/STM32L0xx_HAL_Driver/Src/stm32l0xx_hal_rcc_ex.o
 .debug_info    0x0000ad6c     0x14f4 ./Drivers/STM32L0xx_HAL_Driver/Src/stm32l0xx_hal_spi.o
 .debug_info    0x0000c260      0x729 ./Drivers/STM32L0xx_HAL_Driver/Src/stm32l0xx_hal_tsc.o
 .debug_info    0x0000c989     0x3b66 ./Drivers/STM32L0xx_HAL_Driver/Src/stm32l0xx_hal_uart.o
 .debug_info    0x000104ef     0x1579 ./Drivers/STM32L0xx_HAL_Driver/Src/stm32l0xx_ll_usb.o

.debug_abbrev   0x00000000     0x2d69
 .debug_abbrev  0x00000000      0x150 ./Core/Src/gpio.o
 .debug_abbrev  0x00000150      0x20a ./Core/Src/i2c.o
 .debug_abbrev  0x0000035a      0x210 ./Core/Src/main.o
 .debug_abbrev  0x0000056a      0x1fd ./Core/Src/spi.o
 .debug_abbrev  0x00000767       0x9f ./Core/Src/stm32l0xx_hal_msp.o
 .debug_abbrev  0x00000806       0x73 ./Core/Src/stm32l0xx_it.o
 .debug_abbrev  0x00000879      0x11c ./Core/Src/system_stm32l0xx.o
 .debug_abbrev  0x00000995      0x1ce ./Core/Src/tsc.o
 .debug_abbrev  0x00000b63      0x1ea ./Core/Src/usart.o
 .debug_abbrev  0x00000d4d      0x1bb ./Core/Src/usb.o
 .debug_abbrev  0x00000f08       0x24 ./Core/Startup/startup_stm32l053c8tx.o
 .debug_abbrev  0x00000f2c      0x2a0 ./Drivers/STM32L0xx_HAL_Driver/Src/stm32l0xx_hal.o
 .debug_abbrev  0x000011cc      0x29b ./Drivers/STM32L0xx_HAL_Driver/Src/stm32l0xx_hal_cortex.o
 .debug_abbrev  0x00001467      0x1ca ./Drivers/STM32L0xx_HAL_Driver/Src/stm32l0xx_hal_gpio.o
 .debug_abbrev  0x00001631      0x270 ./Drivers/STM32L0xx_HAL_Driver/Src/stm32l0xx_hal_i2c.o
 .debug_abbrev  0x000018a1      0x1b9 ./Drivers/STM32L0xx_HAL_Driver/Src/stm32l0xx_hal_i2c_ex.o
 .debug_abbrev  0x00001a5a      0x2b9 ./Drivers/STM32L0xx_HAL_Driver/Src/stm32l0xx_hal_pcd.o
 .debug_abbrev  0x00001d13      0x228 ./Drivers/STM32L0xx_HAL_Driver/Src/stm32l0xx_hal_pcd_ex.o
 .debug_abbrev  0x00001f3b      0x296 ./Drivers/STM32L0xx_HAL_Driver/Src/stm32l0xx_hal_rcc.o
 .debug_abbrev  0x000021d1      0x219 ./Drivers/STM32L0xx_HAL_Driver/Src/stm32l0xx_hal_rcc_ex.o
 .debug_abbrev  0x000023ea      0x274 ./Drivers/STM32L0xx_HAL_Driver/Src/stm32l0xx_hal_spi.o
 .debug_abbrev  0x0000265e      0x1e4 ./Drivers/STM32L0xx_HAL_Driver/Src/stm32l0xx_hal_tsc.o
 .debug_abbrev  0x00002842      0x2e0 ./Drivers/STM32L0xx_HAL_Driver/Src/stm32l0xx_hal_uart.o
 .debug_abbrev  0x00002b22      0x247 ./Drivers/STM32L0xx_HAL_Driver/Src/stm32l0xx_ll_usb.o

.debug_aranges  0x00000000      0xf58
 .debug_aranges
                0x00000000       0x20 ./Core/Src/gpio.o
 .debug_aranges
                0x00000020       0x30 ./Core/Src/i2c.o
 .debug_aranges
                0x00000050       0x30 ./Core/Src/main.o
 .debug_aranges
                0x00000080       0x38 ./Core/Src/spi.o
 .debug_aranges
                0x000000b8       0x20 ./Core/Src/stm32l0xx_hal_msp.o
 .debug_aranges
                0x000000d8       0x40 ./Core/Src/stm32l0xx_it.o
 .debug_aranges
                0x00000118       0x28 ./Core/Src/system_stm32l0xx.o
 .debug_aranges
                0x00000140       0x30 ./Core/Src/tsc.o
 .debug_aranges
                0x00000170       0x30 ./Core/Src/usart.o
 .debug_aranges
                0x000001a0       0x30 ./Core/Src/usb.o
 .debug_aranges
                0x000001d0       0x28 ./Core/Startup/startup_stm32l053c8tx.o
 .debug_aranges
                0x000001f8      0x110 ./Drivers/STM32L0xx_HAL_Driver/Src/stm32l0xx_hal.o
 .debug_aranges
                0x00000308       0xe8 ./Drivers/STM32L0xx_HAL_Driver/Src/stm32l0xx_hal_cortex.o
 .debug_aranges
                0x000003f0       0x58 ./Drivers/STM32L0xx_HAL_Driver/Src/stm32l0xx_hal_gpio.o
 .debug_aranges
                0x00000448      0x2a0 ./Drivers/STM32L0xx_HAL_Driver/Src/stm32l0xx_hal_i2c.o
 .debug_aranges
                0x000006e8       0x48 ./Drivers/STM32L0xx_HAL_Driver/Src/stm32l0xx_hal_i2c_ex.o
 .debug_aranges
                0x00000730      0x138 ./Drivers/STM32L0xx_HAL_Driver/Src/stm32l0xx_hal_pcd.o
 .debug_aranges
                0x00000868       0x58 ./Drivers/STM32L0xx_HAL_Driver/Src/stm32l0xx_hal_pcd_ex.o
 .debug_aranges
                0x000008c0       0x80 ./Drivers/STM32L0xx_HAL_Driver/Src/stm32l0xx_hal_rcc.o
 .debug_aranges
                0x00000940       0xb0 ./Drivers/STM32L0xx_HAL_Driver/Src/stm32l0xx_hal_rcc_ex.o
 .debug_aranges
                0x000009f0      0x1d0 ./Drivers/STM32L0xx_HAL_Driver/Src/stm32l0xx_hal_spi.o
 .debug_aranges
                0x00000bc0       0xa8 ./Drivers/STM32L0xx_HAL_Driver/Src/stm32l0xx_hal_tsc.o
 .debug_aranges
                0x00000c68      0x228 ./Drivers/STM32L0xx_HAL_Driver/Src/stm32l0xx_hal_uart.o
 .debug_aranges
                0x00000e90       0xc8 ./Drivers/STM32L0xx_HAL_Driver/Src/stm32l0xx_ll_usb.o

.debug_rnglists
                0x00000000      0xbd0
 .debug_rnglists
                0x00000000       0x14 ./Core/Src/gpio.o
 .debug_rnglists
                0x00000014       0x21 ./Core/Src/i2c.o
 .debug_rnglists
                0x00000035       0x20 ./Core/Src/main.o
 .debug_rnglists
                0x00000055       0x27 ./Core/Src/spi.o
 .debug_rnglists
                0x0000007c       0x13 ./Core/Src/stm32l0xx_hal_msp.o
 .debug_rnglists
                0x0000008f       0x2b ./Core/Src/stm32l0xx_it.o
 .debug_rnglists
                0x000000ba       0x1a ./Core/Src/system_stm32l0xx.o
 .debug_rnglists
                0x000000d4       0x21 ./Core/Src/tsc.o
 .debug_rnglists
                0x000000f5       0x20 ./Core/Src/usart.o
 .debug_rnglists
                0x00000115       0x1f ./Core/Src/usb.o
 .debug_rnglists
                0x00000134       0x19 ./Core/Startup/startup_stm32l053c8tx.o
 .debug_rnglists
                0x0000014d       0xc7 ./Drivers/STM32L0xx_HAL_Driver/Src/stm32l0xx_hal.o
 .debug_rnglists
                0x00000214       0xaa ./Drivers/STM32L0xx_HAL_Driver/Src/stm32l0xx_hal_cortex.o
 .debug_rnglists
                0x000002be       0x3f ./Drivers/STM32L0xx_HAL_Driver/Src/stm32l0xx_hal_gpio.o
 .debug_rnglists
                0x000002fd      0x229 ./Drivers/STM32L0xx_HAL_Driver/Src/stm32l0xx_hal_i2c.o
 .debug_rnglists
                0x00000526       0x35 ./Drivers/STM32L0xx_HAL_Driver/Src/stm32l0xx_hal_i2c_ex.o
 .debug_rnglists
                0x0000055b       0xee ./Drivers/STM32L0xx_HAL_Driver/Src/stm32l0xx_hal_pcd.o
 .debug_rnglists
                0x00000649       0x3f ./Drivers/STM32L0xx_HAL_Driver/Src/stm32l0xx_hal_pcd_ex.o
 .debug_rnglists
                0x00000688       0x61 ./Drivers/STM32L0xx_HAL_Driver/Src/stm32l0xx_hal_rcc.o
 .debug_rnglists
                0x000006e9       0x85 ./Drivers/STM32L0xx_HAL_Driver/Src/stm32l0xx_hal_rcc_ex.o
 .debug_rnglists
                0x0000076e      0x171 ./Drivers/STM32L0xx_HAL_Driver/Src/stm32l0xx_hal_spi.o
 .debug_rnglists
                0x000008df       0x7d ./Drivers/STM32L0xx_HAL_Driver/Src/stm32l0xx_hal_tsc.o
 .debug_rnglists
                0x0000095c      0x1db ./Drivers/STM32L0xx_HAL_Driver/Src/stm32l0xx_hal_uart.o
 .debug_rnglists
                0x00000b37       0x99 ./Drivers/STM32L0xx_HAL_Driver/Src/stm32l0xx_ll_usb.o

.debug_macro    0x00000000    0x153e5
 .debug_macro   0x00000000      0x20b ./Core/Src/gpio.o
 .debug_macro   0x0000020b      0xaae ./Core/Src/gpio.o
 .debug_macro   0x00000cb9      0x131 ./Core/Src/gpio.o
 .debug_macro   0x00000dea       0x2e ./Core/Src/gpio.o
 .debug_macro   0x00000e18       0x28 ./Core/Src/gpio.o
 .debug_macro   0x00000e40       0x22 ./Core/Src/gpio.o
 .debug_macro   0x00000e62       0x8e ./Core/Src/gpio.o
 .debug_macro   0x00000ef0       0x51 ./Core/Src/gpio.o
 .debug_macro   0x00000f41      0x103 ./Core/Src/gpio.o
 .debug_macro   0x00001044       0x6a ./Core/Src/gpio.o
 .debug_macro   0x000010ae      0x1df ./Core/Src/gpio.o
 .debug_macro   0x0000128d       0x1c ./Core/Src/gpio.o
 .debug_macro   0x000012a9       0x22 ./Core/Src/gpio.o
 .debug_macro   0x000012cb       0xaf ./Core/Src/gpio.o
 .debug_macro   0x0000137a      0x4da ./Core/Src/gpio.o
 .debug_macro   0x00001854      0x11f ./Core/Src/gpio.o
 .debug_macro   0x00001973     0x9f52 ./Core/Src/gpio.o
 .debug_macro   0x0000b8c5       0x66 ./Core/Src/gpio.o
 .debug_macro   0x0000b92b     0x35ac ./Core/Src/gpio.o
 .debug_macro   0x0000eed7      0x190 ./Core/Src/gpio.o
 .debug_macro   0x0000f067       0x5c ./Core/Src/gpio.o
 .debug_macro   0x0000f0c3      0x8e4 ./Core/Src/gpio.o
 .debug_macro   0x0000f9a7      0x9d2 ./Core/Src/gpio.o
 .debug_macro   0x00010379      0x190 ./Core/Src/gpio.o
 .debug_macro   0x00010509      0x13f ./Core/Src/gpio.o
 .debug_macro   0x00010648      0x17d ./Core/Src/gpio.o
 .debug_macro   0x000107c5       0x82 ./Core/Src/gpio.o
 .debug_macro   0x00010847      0x28e ./Core/Src/gpio.o
 .debug_macro   0x00010ad5      0x1e9 ./Core/Src/gpio.o
 .debug_macro   0x00010cbe      0x128 ./Core/Src/gpio.o
 .debug_macro   0x00010de6      0x2ab ./Core/Src/gpio.o
 .debug_macro   0x00011091      0x22c ./Core/Src/gpio.o
 .debug_macro   0x000112bd       0x5b ./Core/Src/gpio.o
 .debug_macro   0x00011318       0xa5 ./Core/Src/gpio.o
 .debug_macro   0x000113bd      0x180 ./Core/Src/gpio.o
 .debug_macro   0x0001153d       0x16 ./Core/Src/gpio.o
 .debug_macro   0x00011553      0x22c ./Core/Src/gpio.o
 .debug_macro   0x0001177f      0x3d7 ./Core/Src/gpio.o
 .debug_macro   0x00011b56      0x5cf ./Core/Src/gpio.o
 .debug_macro   0x00012125       0x44 ./Core/Src/gpio.o
 .debug_macro   0x00012169       0x73 ./Core/Src/gpio.o
 .debug_macro   0x000121dc      0x22d ./Core/Src/gpio.o
 .debug_macro   0x00012409      0x16c ./Core/Src/gpio.o
 .debug_macro   0x00012575      0x13c ./Core/Src/gpio.o
 .debug_macro   0x000126b1      0x20b ./Core/Src/i2c.o
 .debug_macro   0x000128bc      0x241 ./Core/Src/main.o
 .debug_macro   0x00012afd      0x20b ./Core/Src/spi.o
 .debug_macro   0x00012d08      0x201 ./Core/Src/stm32l0xx_hal_msp.o
 .debug_macro   0x00012f09      0x20b ./Core/Src/stm32l0xx_it.o
 .debug_macro   0x00013114      0x1f2 ./Core/Src/system_stm32l0xx.o
 .debug_macro   0x00013306      0x20b ./Core/Src/tsc.o
 .debug_macro   0x00013511      0x20b ./Core/Src/usart.o
 .debug_macro   0x0001371c      0x20b ./Core/Src/usb.o
 .debug_macro   0x00013927      0x216 ./Drivers/STM32L0xx_HAL_Driver/Src/stm32l0xx_hal.o
 .debug_macro   0x00013b3d      0x1f2 ./Drivers/STM32L0xx_HAL_Driver/Src/stm32l0xx_hal_cortex.o
 .debug_macro   0x00013d2f      0x1f9 ./Drivers/STM32L0xx_HAL_Driver/Src/stm32l0xx_hal_gpio.o
 .debug_macro   0x00013f28      0x2be ./Drivers/STM32L0xx_HAL_Driver/Src/stm32l0xx_hal_i2c.o
 .debug_macro   0x000141e6      0x1f2 ./Drivers/STM32L0xx_HAL_Driver/Src/stm32l0xx_hal_i2c_ex.o
 .debug_macro   0x000143d8      0x1fe ./Drivers/STM32L0xx_HAL_Driver/Src/stm32l0xx_hal_pcd.o
 .debug_macro   0x000145d6      0x1f2 ./Drivers/STM32L0xx_HAL_Driver/Src/stm32l0xx_hal_pcd_ex.o
 .debug_macro   0x000147c8      0x228 ./Drivers/STM32L0xx_HAL_Driver/Src/stm32l0xx_hal_rcc.o
 .debug_macro   0x000149f0      0x1f2 ./Drivers/STM32L0xx_HAL_Driver/Src/stm32l0xx_hal_rcc_ex.o
 .debug_macro   0x00014be2      0x201 ./Drivers/STM32L0xx_HAL_Driver/Src/stm32l0xx_hal_spi.o
 .debug_macro   0x00014de3      0x1f3 ./Drivers/STM32L0xx_HAL_Driver/Src/stm32l0xx_hal_tsc.o
 .debug_macro   0x00014fd6      0x21d ./Drivers/STM32L0xx_HAL_Driver/Src/stm32l0xx_hal_uart.o
 .debug_macro   0x000151f3      0x1f2 ./Drivers/STM32L0xx_HAL_Driver/Src/stm32l0xx_ll_usb.o

.debug_line     0x00000000    0x15b34
 .debug_line    0x00000000      0x7fe ./Core/Src/gpio.o
 .debug_line    0x000007fe      0x849 ./Core/Src/i2c.o
 .debug_line    0x00001047      0x897 ./Core/Src/main.o
 .debug_line    0x000018de      0x8c1 ./Core/Src/spi.o
 .debug_line    0x0000219f      0x7c0 ./Core/Src/stm32l0xx_hal_msp.o
 .debug_line    0x0000295f      0x81d ./Core/Src/stm32l0xx_it.o
 .debug_line    0x0000317c      0x871 ./Core/Src/system_stm32l0xx.o
 .debug_line    0x000039ed      0x870 ./Core/Src/tsc.o
 .debug_line    0x0000425d      0x834 ./Core/Src/usart.o
 .debug_line    0x00004a91      0x812 ./Core/Src/usb.o
 .debug_line    0x000052a3       0x7b ./Core/Startup/startup_stm32l053c8tx.o
 .debug_line    0x0000531e      0xb30 ./Drivers/STM32L0xx_HAL_Driver/Src/stm32l0xx_hal.o
 .debug_line    0x00005e4e      0xc01 ./Drivers/STM32L0xx_HAL_Driver/Src/stm32l0xx_hal_cortex.o
 .debug_line    0x00006a4f      0xb90 ./Drivers/STM32L0xx_HAL_Driver/Src/stm32l0xx_hal_gpio.o
 .debug_line    0x000075df     0x37d3 ./Drivers/STM32L0xx_HAL_Driver/Src/stm32l0xx_hal_i2c.o
 .debug_line    0x0000adb2      0x926 ./Drivers/STM32L0xx_HAL_Driver/Src/stm32l0xx_hal_i2c_ex.o
 .debug_line    0x0000b6d8     0x137f ./Drivers/STM32L0xx_HAL_Driver/Src/stm32l0xx_hal_pcd.o
 .debug_line    0x0000ca57      0x962 ./Drivers/STM32L0xx_HAL_Driver/Src/stm32l0xx_hal_pcd_ex.o
 .debug_line    0x0000d3b9     0x1089 ./Drivers/STM32L0xx_HAL_Driver/Src/stm32l0xx_hal_rcc.o
 .debug_line    0x0000e442      0xe93 ./Drivers/STM32L0xx_HAL_Driver/Src/stm32l0xx_hal_rcc_ex.o
 .debug_line    0x0000f2d5     0x1d5a ./Drivers/STM32L0xx_HAL_Driver/Src/stm32l0xx_hal_spi.o
 .debug_line    0x0001102f      0xba8 ./Drivers/STM32L0xx_HAL_Driver/Src/stm32l0xx_hal_tsc.o
 .debug_line    0x00011bd7     0x2eee ./Drivers/STM32L0xx_HAL_Driver/Src/stm32l0xx_hal_uart.o
 .debug_line    0x00014ac5     0x106f ./Drivers/STM32L0xx_HAL_Driver/Src/stm32l0xx_ll_usb.o

.debug_str      0x00000000    0x7e121
 .debug_str     0x00000000    0x7e121 ./Core/Src/gpio.o
                              0x79ae5 (size before relaxing)
 .debug_str     0x0007e121    0x79fea ./Core/Src/i2c.o
 .debug_str     0x0007e121    0x7a16b ./Core/Src/main.o
 .debug_str     0x0007e121    0x79f17 ./Core/Src/spi.o
 .debug_str     0x0007e121    0x79a13 ./Core/Src/stm32l0xx_hal_msp.o
 .debug_str     0x0007e121    0x799bd ./Core/Src/stm32l0xx_it.o
 .debug_str     0x0007e121    0x7957e ./Core/Src/system_stm32l0xx.o
 .debug_str     0x0007e121    0x79d6f ./Core/Src/tsc.o
 .debug_str     0x0007e121    0x79f61 ./Core/Src/usart.o
 .debug_str     0x0007e121    0x79e56 ./Core/Src/usb.o
 .debug_str     0x0007e121       0x97 ./Core/Startup/startup_stm32l053c8tx.o
 .debug_str     0x0007e121    0x79c76 ./Drivers/STM32L0xx_HAL_Driver/Src/stm32l0xx_hal.o
 .debug_str     0x0007e121    0x79a12 ./Drivers/STM32L0xx_HAL_Driver/Src/stm32l0xx_hal_cortex.o
 .debug_str     0x0007e121    0x7971e ./Drivers/STM32L0xx_HAL_Driver/Src/stm32l0xx_hal_gpio.o
 .debug_str     0x0007e121    0x7a889 ./Drivers/STM32L0xx_HAL_Driver/Src/stm32l0xx_hal_i2c.o
 .debug_str     0x0007e121    0x79ae2 ./Drivers/STM32L0xx_HAL_Driver/Src/stm32l0xx_hal_i2c_ex.o
 .debug_str     0x0007e121    0x79df6 ./Drivers/STM32L0xx_HAL_Driver/Src/stm32l0xx_hal_pcd.o
 .debug_str     0x0007e121    0x79a32 ./Drivers/STM32L0xx_HAL_Driver/Src/stm32l0xx_hal_pcd_ex.o
 .debug_str     0x0007e121    0x79aa7 ./Drivers/STM32L0xx_HAL_Driver/Src/stm32l0xx_hal_rcc.o
 .debug_str     0x0007e121    0x79a6e ./Drivers/STM32L0xx_HAL_Driver/Src/stm32l0xx_hal_rcc_ex.o
 .debug_str     0x0007e121    0x79e75 ./Drivers/STM32L0xx_HAL_Driver/Src/stm32l0xx_hal_spi.o
 .debug_str     0x0007e121    0x79939 ./Drivers/STM32L0xx_HAL_Driver/Src/stm32l0xx_hal_tsc.o
 .debug_str     0x0007e121    0x7a33e ./Drivers/STM32L0xx_HAL_Driver/Src/stm32l0xx_hal_uart.o
 .debug_str     0x0007e121    0x79933 ./Drivers/STM32L0xx_HAL_Driver/Src/stm32l0xx_ll_usb.o

.comment        0x00000000       0x43
 .comment       0x00000000       0x43 ./Core/Src/gpio.o
                                 0x44 (size before relaxing)
 .comment       0x00000043       0x44 ./Core/Src/i2c.o
 .comment       0x00000043       0x44 ./Core/Src/main.o
 .comment       0x00000043       0x44 ./Core/Src/spi.o
 .comment       0x00000043       0x44 ./Core/Src/stm32l0xx_hal_msp.o
 .comment       0x00000043       0x44 ./Core/Src/stm32l0xx_it.o
 .comment       0x00000043       0x44 ./Core/Src/system_stm32l0xx.o
 .comment       0x00000043       0x44 ./Core/Src/tsc.o
 .comment       0x00000043       0x44 ./Core/Src/usart.o
 .comment       0x00000043       0x44 ./Core/Src/usb.o
 .comment       0x00000043       0x44 ./Drivers/STM32L0xx_HAL_Driver/Src/stm32l0xx_hal.o
 .comment       0x00000043       0x44 ./Drivers/STM32L0xx_HAL_Driver/Src/stm32l0xx_hal_cortex.o
 .comment       0x00000043       0x44 ./Drivers/STM32L0xx_HAL_Driver/Src/stm32l0xx_hal_gpio.o
 .comment       0x00000043       0x44 ./Drivers/STM32L0xx_HAL_Driver/Src/stm32l0xx_hal_i2c.o
 .comment       0x00000043       0x44 ./Drivers/STM32L0xx_HAL_Driver/Src/stm32l0xx_hal_i2c_ex.o
 .comment       0x00000043       0x44 ./Drivers/STM32L0xx_HAL_Driver/Src/stm32l0xx_hal_pcd.o
 .comment       0x00000043       0x44 ./Drivers/STM32L0xx_HAL_Driver/Src/stm32l0xx_hal_pcd_ex.o
 .comment       0x00000043       0x44 ./Drivers/STM32L0xx_HAL_Driver/Src/stm32l0xx_hal_rcc.o
 .comment       0x00000043       0x44 ./Drivers/STM32L0xx_HAL_Driver/Src/stm32l0xx_hal_rcc_ex.o
 .comment       0x00000043       0x44 ./Drivers/STM32L0xx_HAL_Driver/Src/stm32l0xx_hal_spi.o
 .comment       0x00000043       0x44 ./Drivers/STM32L0xx_HAL_Driver/Src/stm32l0xx_hal_tsc.o
 .comment       0x00000043       0x44 ./Drivers/STM32L0xx_HAL_Driver/Src/stm32l0xx_hal_uart.o
 .comment       0x00000043       0x44 ./Drivers/STM32L0xx_HAL_Driver/Src/stm32l0xx_ll_usb.o

.debug_frame    0x00000000     0x35a0
 .debug_frame   0x00000000       0x30 ./Core/Src/gpio.o
 .debug_frame   0x00000030       0x6c ./Core/Src/i2c.o
 .debug_frame   0x0000009c       0x6c ./Core/Src/main.o
 .debug_frame   0x00000108       0x88 ./Core/Src/spi.o
 .debug_frame   0x00000190       0x2c ./Core/Src/stm32l0xx_hal_msp.o
 .debug_frame   0x000001bc       0x9c ./Core/Src/stm32l0xx_it.o
 .debug_frame   0x00000258       0x4c ./Core/Src/system_stm32l0xx.o
 .debug_frame   0x000002a4       0x6c ./Core/Src/tsc.o
 .debug_frame   0x00000310       0x6c ./Core/Src/usart.o
 .debug_frame   0x0000037c       0x6c ./Core/Src/usb.o
 .debug_frame   0x000003e8      0x394 ./Drivers/STM32L0xx_HAL_Driver/Src/stm32l0xx_hal.o
 .debug_frame   0x0000077c      0x33c ./Drivers/STM32L0xx_HAL_Driver/Src/stm32l0xx_hal_cortex.o
 .debug_frame   0x00000ab8      0x110 ./Drivers/STM32L0xx_HAL_Driver/Src/stm32l0xx_hal_gpio.o
 .debug_frame   0x00000bc8      0xa68 ./Drivers/STM32L0xx_HAL_Driver/Src/stm32l0xx_hal_i2c.o
 .debug_frame   0x00001630       0xd0 ./Drivers/STM32L0xx_HAL_Driver/Src/stm32l0xx_hal_i2c_ex.o
 .debug_frame   0x00001700      0x498 ./Drivers/STM32L0xx_HAL_Driver/Src/stm32l0xx_hal_pcd.o
 .debug_frame   0x00001b98      0x110 ./Drivers/STM32L0xx_HAL_Driver/Src/stm32l0xx_hal_pcd_ex.o
 .debug_frame   0x00001ca8      0x1a4 ./Drivers/STM32L0xx_HAL_Driver/Src/stm32l0xx_hal_rcc.o
 .debug_frame   0x00001e4c      0x244 ./Drivers/STM32L0xx_HAL_Driver/Src/stm32l0xx_hal_rcc_ex.o
 .debug_frame   0x00002090      0x6f0 ./Drivers/STM32L0xx_HAL_Driver/Src/stm32l0xx_hal_spi.o
 .debug_frame   0x00002780      0x250 ./Drivers/STM32L0xx_HAL_Driver/Src/stm32l0xx_hal_tsc.o
 .debug_frame   0x000029d0      0x854 ./Drivers/STM32L0xx_HAL_Driver/Src/stm32l0xx_hal_uart.o
 .debug_frame   0x00003224      0x2d4 ./Drivers/STM32L0xx_HAL_Driver/Src/stm32l0xx_ll_usb.o
 .debug_frame   0x000034f8       0x20 C:/ST/STM32CubeIDE_1.19.0/STM32CubeIDE/plugins/com.st.stm32cube.ide.mcu.externaltools.gnu-tools-for-stm32.13.3.rel1.win32_1.0.0.202411081344/tools/bin/../lib/gcc/arm-none-eabi/13.3.1/../../../../arm-none-eabi/lib/thumb/v6-m/nofp\libc_nano.a(libc_a-memset.o)
 .debug_frame   0x00003518       0x2c C:/ST/STM32CubeIDE_1.19.0/STM32CubeIDE/plugins/com.st.stm32cube.ide.mcu.externaltools.gnu-tools-for-stm32.13.3.rel1.win32_1.0.0.202411081344/tools/bin/../lib/gcc/arm-none-eabi/13.3.1/../../../../arm-none-eabi/lib/thumb/v6-m/nofp\libc_nano.a(libc_a-init.o)
 .debug_frame   0x00003544       0x20 C:/ST/STM32CubeIDE_1.19.0/STM32CubeIDE/plugins/com.st.stm32cube.ide.mcu.externaltools.gnu-tools-for-stm32.13.3.rel1.win32_1.0.0.202411081344/tools/bin/../lib/gcc/arm-none-eabi/13.3.1/thumb/v6-m/nofp\libgcc.a(_udivsi3.o)
 .debug_frame   0x00003564       0x3c C:/ST/STM32CubeIDE_1.19.0/STM32CubeIDE/plugins/com.st.stm32cube.ide.mcu.externaltools.gnu-tools-for-stm32.13.3.rel1.win32_1.0.0.202411081344/tools/bin/../lib/gcc/arm-none-eabi/13.3.1/thumb/v6-m/nofp\libgcc.a(_udivmoddi4.o)

.debug_line_str
                0x00000000       0x7b
 .debug_line_str
                0x00000000       0x7b ./Core/Startup/startup_stm32l053c8tx.o
