15:35:09 **** Build of configuration Debug for project I2C_driver ****
make -j8 all 
arm-none-eabi-gcc -mcpu=cortex-m0plus -g3 -DDEBUG -c -x assembler-with-cpp -MMD -MP -MF"Startup/startup_stm32l053c8tx.d" -MT"Startup/startup_stm32l053c8tx.o" --specs=nano.specs -mfloat-abi=soft -mthumb -o "Startup/startup_stm32l053c8tx.o" "../Startup/startup_stm32l053c8tx.s"
arm-none-eabi-gcc "../Src/gpio_driver.c" -mcpu=cortex-m0plus -std=gnu11 -g3 -DDEBUG -DSTM32L0538_DISCO -DSTM32 -DSTM32L053C8Tx -DSTM32L0 -c -I../Inc -O0 -ffunction-sections -fdata-sections -Wall -fstack-usage -fcyclomatic-complexity -MMD -MP -MF"Src/gpio_driver.d" -MT"Src/gpio_driver.o" --specs=nano.specs -mfloat-abi=soft -mthumb -o "Src/gpio_driver.o"
arm-none-eabi-gcc "../Src/i2c_driver.c" -mcpu=cortex-m0plus -std=gnu11 -g3 -DDEBUG -DSTM32L0538_DISCO -DSTM32 -DSTM32L053C8Tx -DSTM32L0 -c -I../Inc -O0 -ffunction-sections -fdata-sections -Wall -fstack-usage -fcyclomatic-complexity -MMD -MP -MF"Src/i2c_driver.d" -MT"Src/i2c_driver.o" --specs=nano.specs -mfloat-abi=soft -mthumb -o "Src/i2c_driver.o"
arm-none-eabi-gcc "../Src/main.c" -mcpu=cortex-m0plus -std=gnu11 -g3 -DDEBUG -DSTM32L0538_DISCO -DSTM32 -DSTM32L053C8Tx -DSTM32L0 -c -I../Inc -O0 -ffunction-sections -fdata-sections -Wall -fstack-usage -fcyclomatic-complexity -MMD -MP -MF"Src/main.d" -MT"Src/main.o" --specs=nano.specs -mfloat-abi=soft -mthumb -o "Src/main.o"
arm-none-eabi-gcc "../Src/syscalls.c" -mcpu=cortex-m0plus -std=gnu11 -g3 -DDEBUG -DSTM32L0538_DISCO -DSTM32 -DSTM32L053C8Tx -DSTM32L0 -c -I../Inc -O0 -ffunction-sections -fdata-sections -Wall -fstack-usage -fcyclomatic-complexity -MMD -MP -MF"Src/syscalls.d" -MT"Src/syscalls.o" --specs=nano.specs -mfloat-abi=soft -mthumb -o "Src/syscalls.o"
arm-none-eabi-gcc "../Src/sysmem.c" -mcpu=cortex-m0plus -std=gnu11 -g3 -DDEBUG -DSTM32L0538_DISCO -DSTM32 -DSTM32L053C8Tx -DSTM32L0 -c -I../Inc -O0 -ffunction-sections -fdata-sections -Wall -fstack-usage -fcyclomatic-complexity -MMD -MP -MF"Src/sysmem.d" -MT"Src/sysmem.o" --specs=nano.specs -mfloat-abi=soft -mthumb -o "Src/sysmem.o"
../Src/gpio_driver.c: In function 'GPIO_Init':
../Src/gpio_driver.c:11:14: warning: comparison of distinct pointer types lacks a cast
   11 |     if (port == GPIOA) RCC->IOPENR |= (1 << 0);
      |              ^~
../Src/gpio_driver.c:12:19: warning: comparison of distinct pointer types lacks a cast
   12 |     else if (port == GPIOB) RCC->IOPENR |= (1 << 1);
      |                   ^~
../Src/gpio_driver.c:13:19: warning: comparison of distinct pointer types lacks a cast
   13 |     else if (port == GPIOC) RCC->IOPENR |= (1 << 2);
      |                   ^~
../Src/gpio_driver.c:14:19: warning: comparison of distinct pointer types lacks a cast
   14 |     else if (port == GPIOD) RCC->IOPENR |= (1 << 3);
      |                   ^~
../Src/gpio_driver.c:15:19: warning: comparison of distinct pointer types lacks a cast
   15 |     else if (port == GPIOH) RCC->IOPENR |= (1 << 7);
      |                   ^~
In file included from ../Inc/I2c_driver.h:4,
                 from ../Src/main.c:20:
../Src/main.c: In function 'main':
../Src/gpio_driver.c: In function 'GPIO_DeInit':
../Src/gpio_driver.c:49:14: warning: comparison of distinct pointer types lacks a cast
   49 |     if (port == GPIOA)
      |              ^~
../Inc/STM32_L0538xx.h:74:17: warning: passing argument 1 of 'GPIO_Init' from incompatible pointer type [-Wincompatible-pointer-types]
   74 | #define GPIOB   ((GPIO_RegDef_t *)GPIOB_BASEADDR)
      |                 ^~~~~~~~~~~~~~~~~~~~~~~~~~~~~~~~~
      |                 |
      |                 GPIO_RegDef_t *
../Src/main.c:37:15: note: in expansion of macro 'GPIOB'
   37 |     GPIO_Init(GPIOB, &i2c_gpio);
      |               ^~~~~
../Src/gpio_driver.c:54:19: warning: comparison of distinct pointer types lacks a cast
   54 |     else if (port == GPIOB)
      |                   ^~
../Src/gpio_driver.c:59:19: warning: comparison of distinct pointer types lacks a cast
   59 |     else if (port == GPIOC)
      |                   ^~
In file included from ../Src/main.c:22:
../Inc/gpio_driver.h:67:30: note: expected 'GPIO_TypeDef *' but argument is of type 'GPIO_RegDef_t *'
   67 | void GPIO_Init(GPIO_TypeDef *port, GPIO_Config_t *config);
      |                ~~~~~~~~~~~~~~^~~~
../Src/gpio_driver.c:64:19: warning: comparison of distinct pointer types lacks a cast
   64 |     else if (port == GPIOD)
      |                   ^~
../Inc/STM32_L0538xx.h:74:17: warning: passing argument 1 of 'GPIO_Init' from incompatible pointer type [-Wincompatible-pointer-types]
   74 | #define GPIOB   ((GPIO_RegDef_t *)GPIOB_BASEADDR)
      |                 ^~~~~~~~~~~~~~~~~~~~~~~~~~~~~~~~~
      |                 |
      |                 GPIO_RegDef_t *
../Src/main.c:40:15: note: in expansion of macro 'GPIOB'
   40 |     GPIO_Init(GPIOB, &i2c_gpio);
      |               ^~~~~
../Inc/gpio_driver.h:67:30: note: expected 'GPIO_TypeDef *' but argument is of type 'GPIO_RegDef_t *'
   67 | void GPIO_Init(GPIO_TypeDef *port, GPIO_Config_t *config);
      |                ~~~~~~~~~~~~~~^~~~
../Src/gpio_driver.c:69:19: warning: comparison of distinct pointer types lacks a cast
   69 |     else if (port == GPIOH)
      |                   ^~
arm-none-eabi-gcc -o "I2C_driver.elf" @"objects.list"   -mcpu=cortex-m0plus -T"C:\Haril_bitsilica\STM_training_module\driver_playist_2\L_series_I2c_driver\I2C_driver\STM32L053C8TX_FLASH.ld" --specs=nosys.specs -Wl,-Map="I2C_driver.map" -Wl,--gc-sections -static --specs=nano.specs -mfloat-abi=soft -mthumb -Wl,--start-group -lc -lm -Wl,--end-group
Finished building target: I2C_driver.elf
 
arm-none-eabi-size  I2C_driver.elf 
arm-none-eabi-objdump -h -S I2C_driver.elf  > "I2C_driver.list"
   text	   data	    bss	    dec	    hex	filename
   1572	      0	   1584	   3156	    c54	I2C_driver.elf
Finished building: default.size.stdout
 
Finished building: I2C_driver.list
 
15:36:01 **** Incremental Build of configuration Debug for project I2C_driver ****
make -j8 all 
arm-none-eabi-gcc "../Src/gpio_driver.c" -mcpu=cortex-m0plus -std=gnu11 -g3 -DDEBUG -DSTM32L0538_DISCO -DSTM32 -DSTM32L053C8Tx -DSTM32L0 -c -I../Inc -O0 -ffunction-sections -fdata-sections -Wall -fstack-usage -fcyclomatic-complexity -MMD -MP -MF"Src/gpio_driver.d" -MT"Src/gpio_driver.o" --specs=nano.specs -mfloat-abi=soft -mthumb -o "Src/gpio_driver.o"
../Src/gpio_driver.c:9:6: error: conflicting types for 'GPIO_Init'; have 'void(RCC_RegDef_t *, GPIO_Config_t *)'
    9 | void GPIO_Init(RCC_RegDef_t *port, GPIO_Config_t *config)
      |      ^~~~~~~~~
In file included from ../Src/gpio_driver.c:7:
../Inc/gpio_driver.h:67:6: note: previous declaration of 'GPIO_Init' with type 'void(GPIO_TypeDef *, GPIO_Config_t *)'
   67 | void GPIO_Init(GPIO_TypeDef *port, GPIO_Config_t *config);
      |      ^~~~~~~~~
../Src/gpio_driver.c: In function 'GPIO_Init':
../Src/gpio_driver.c:11:14: warning: comparison of distinct pointer types lacks a cast
   11 |     if (port == GPIOA) RCC->IOPENR |= (1 << 0);
      |              ^~
../Src/gpio_driver.c:12:19: warning: comparison of distinct pointer types lacks a cast
   12 |     else if (port == GPIOB) RCC->IOPENR |= (1 << 1);
      |                   ^~
../Src/gpio_driver.c:13:19: warning: comparison of distinct pointer types lacks a cast
   13 |     else if (port == GPIOC) RCC->IOPENR |= (1 << 2);
      |                   ^~
../Src/gpio_driver.c:14:19: warning: comparison of distinct pointer types lacks a cast
   14 |     else if (port == GPIOD) RCC->IOPENR |= (1 << 3);
      |                   ^~
../Src/gpio_driver.c:15:19: warning: comparison of distinct pointer types lacks a cast
   15 |     else if (port == GPIOH) RCC->IOPENR |= (1 << 7);
      |                   ^~
../Src/gpio_driver.c:19:9: error: 'RCC_RegDef_t' has no member named 'MODER'
   19 |     port->MODER &= ~(3 << (2 * pin));
      |         ^~
../Src/gpio_driver.c:20:9: error: 'RCC_RegDef_t' has no member named 'MODER'
   20 |     port->MODER |=  (config->Mode << (2 * pin));
      |         ^~
../Src/gpio_driver.c:22:9: error: 'RCC_RegDef_t' has no member named 'OTYPER'
   22 |     port->OTYPER &= ~(1 << pin);
      |         ^~
../Src/gpio_driver.c:23:9: error: 'RCC_RegDef_t' has no member named 'OTYPER'
   23 |     port->OTYPER |=  (config->OType << pin);
      |         ^~
../Src/gpio_driver.c:25:9: error: 'RCC_RegDef_t' has no member named 'OSPEEDR'
   25 |     port->OSPEEDR &= ~(3 << (2 * pin));
      |         ^~
../Src/gpio_driver.c:26:9: error: 'RCC_RegDef_t' has no member named 'OSPEEDR'
   26 |     port->OSPEEDR |=  (config->Speed << (2 * pin));
      |         ^~
../Src/gpio_driver.c:29:9: error: 'RCC_RegDef_t' has no member named 'PUPDR'
   29 |     port->PUPDR &= ~(3 << (2 * pin));
      |         ^~
../Src/gpio_driver.c:30:9: error: 'RCC_RegDef_t' has no member named 'PUPDR'
   30 |     port->PUPDR |=  (config->Pull << (2 * pin));
      |         ^~
../Src/gpio_driver.c:36:17: error: 'RCC_RegDef_t' has no member named 'AFR'
   36 |             port->AFR[0] &= ~(0xF << (4 * pin));
      |                 ^~
../Src/gpio_driver.c:37:17: error: 'RCC_RegDef_t' has no member named 'AFR'
   37 |             port->AFR[0] |=  (config->AltFunc << (4 * pin));
      |                 ^~
../Src/gpio_driver.c:41:17: error: 'RCC_RegDef_t' has no member named 'AFR'
   41 |             port->AFR[1] &= ~(0xF << (4 * (pin - 8)));
      |                 ^~
../Src/gpio_driver.c:42:17: error: 'RCC_RegDef_t' has no member named 'AFR'
   42 |             port->AFR[1] |=  (config->AltFunc << (4 * (pin - 8)));
      |                 ^~
../Src/gpio_driver.c: In function 'GPIO_DeInit':
../Src/gpio_driver.c:49:14: warning: comparison of distinct pointer types lacks a cast
   49 |     if (port == GPIOA)
      |              ^~
../Src/gpio_driver.c:54:19: warning: comparison of distinct pointer types lacks a cast
   54 |     else if (port == GPIOB)
      |                   ^~
../Src/gpio_driver.c:59:19: warning: comparison of distinct pointer types lacks a cast
   59 |     else if (port == GPIOC)
      |                   ^~
../Src/gpio_driver.c:64:19: warning: comparison of distinct pointer types lacks a cast
   64 |     else if (port == GPIOD)
      |                   ^~
../Src/gpio_driver.c:69:19: warning: comparison of distinct pointer types lacks a cast
   69 |     else if (port == GPIOH)
      |                   ^~
make: *** [Src/subdir.mk:31: Src/gpio_driver.o] Error 1
"make -j8 all" terminated with exit code 2. Build might be incomplete.
15:36:11 **** Incremental Build of configuration Debug for project I2C_driver ****
make -j8 all 
arm-none-eabi-gcc "../Src/gpio_driver.c" -mcpu=cortex-m0plus -std=gnu11 -g3 -DDEBUG -DSTM32L0538_DISCO -DSTM32 -DSTM32L053C8Tx -DSTM32L0 -c -I../Inc -O0 -ffunction-sections -fdata-sections -Wall -fstack-usage -fcyclomatic-complexity -MMD -MP -MF"Src/gpio_driver.d" -MT"Src/gpio_driver.o" --specs=nano.specs -mfloat-abi=soft -mthumb -o "Src/gpio_driver.o"
arm-none-eabi-gcc "../Src/main.c" -mcpu=cortex-m0plus -std=gnu11 -g3 -DDEBUG -DSTM32L0538_DISCO -DSTM32 -DSTM32L053C8Tx -DSTM32L0 -c -I../Inc -O0 -ffunction-sections -fdata-sections -Wall -fstack-usage -fcyclomatic-complexity -MMD -MP -MF"Src/main.d" -MT"Src/main.o" --specs=nano.specs -mfloat-abi=soft -mthumb -o "Src/main.o"
../Src/gpio_driver.c: In function 'GPIO_Init':
../Src/gpio_driver.c:11:14: warning: comparison of distinct pointer types lacks a cast
   11 |     if (port == GPIOA) RCC->IOPENR |= (1 << 0);
      |              ^~
../Src/gpio_driver.c:12:19: warning: comparison of distinct pointer types lacks a cast
   12 |     else if (port == GPIOB) RCC->IOPENR |= (1 << 1);
      |                   ^~
../Src/gpio_driver.c:13:19: warning: comparison of distinct pointer types lacks a cast
   13 |     else if (port == GPIOC) RCC->IOPENR |= (1 << 2);
      |                   ^~
../Src/gpio_driver.c:14:19: warning: comparison of distinct pointer types lacks a cast
   14 |     else if (port == GPIOD) RCC->IOPENR |= (1 << 3);
      |                   ^~
../Src/gpio_driver.c:15:19: warning: comparison of distinct pointer types lacks a cast
   15 |     else if (port == GPIOH) RCC->IOPENR |= (1 << 7);
      |                   ^~
../Src/gpio_driver.c:19:9: error: 'RCC_RegDef_t' has no member named 'MODER'
   19 |     port->MODER &= ~(3 << (2 * pin));
      |         ^~
../Src/gpio_driver.c:20:9: error: 'RCC_RegDef_t' has no member named 'MODER'
   20 |     port->MODER |=  (config->Mode << (2 * pin));
      |         ^~
../Src/gpio_driver.c:22:9: error: 'RCC_RegDef_t' has no member named 'OTYPER'
   22 |     port->OTYPER &= ~(1 << pin);
      |         ^~
../Src/gpio_driver.c:23:9: error: 'RCC_RegDef_t' has no member named 'OTYPER'
   23 |     port->OTYPER |=  (config->OType << pin);
      |         ^~
../Src/gpio_driver.c:25:9: error: 'RCC_RegDef_t' has no member named 'OSPEEDR'
   25 |     port->OSPEEDR &= ~(3 << (2 * pin));
      |         ^~
../Src/gpio_driver.c:26:9: error: 'RCC_RegDef_t' has no member named 'OSPEEDR'
   26 |     port->OSPEEDR |=  (config->Speed << (2 * pin));
      |         ^~
../Src/gpio_driver.c:29:9: error: 'RCC_RegDef_t' has no member named 'PUPDR'
   29 |     port->PUPDR &= ~(3 << (2 * pin));
      |         ^~
In file included from ../Inc/I2c_driver.h:4,
                 from ../Src/main.c:20:
../Src/main.c: In function 'main':
../Src/gpio_driver.c:30:9: error: 'RCC_RegDef_t' has no member named 'PUPDR'
   30 |     port->PUPDR |=  (config->Pull << (2 * pin));
      |         ^~
../Src/gpio_driver.c:36:17: error: 'RCC_RegDef_t' has no member named 'AFR'
   36 |             port->AFR[0] &= ~(0xF << (4 * pin));
      |                 ^~
../Src/gpio_driver.c:37:17: error: 'RCC_RegDef_t' has no member named 'AFR'
   37 |             port->AFR[0] |=  (config->AltFunc << (4 * pin));
      |                 ^~
../Inc/STM32_L0538xx.h:74:17: warning: passing argument 1 of 'GPIO_Init' from incompatible pointer type [-Wincompatible-pointer-types]
   74 | #define GPIOB   ((GPIO_RegDef_t *)GPIOB_BASEADDR)
      |                 ^~~~~~~~~~~~~~~~~~~~~~~~~~~~~~~~~
      |                 |
      |                 GPIO_RegDef_t *
../Src/main.c:37:15: note: in expansion of macro 'GPIOB'
   37 |     GPIO_Init(GPIOB, &i2c_gpio);
      |               ^~~~~
../Src/gpio_driver.c:41:17: error: 'RCC_RegDef_t' has no member named 'AFR'
   41 |             port->AFR[1] &= ~(0xF << (4 * (pin - 8)));
      |                 ^~
In file included from ../Src/main.c:22:
../Inc/gpio_driver.h:67:30: note: expected 'RCC_RegDef_t *' but argument is of type 'GPIO_RegDef_t *'
   67 | void GPIO_Init(RCC_RegDef_t *port, GPIO_Config_t *config);
      |                ~~~~~~~~~~~~~~^~~~
../Src/gpio_driver.c:42:17: error: 'RCC_RegDef_t' has no member named 'AFR'
   42 |             port->AFR[1] |=  (config->AltFunc << (4 * (pin - 8)));
      |                 ^~
../Inc/STM32_L0538xx.h:74:17: warning: passing argument 1 of 'GPIO_Init' from incompatible pointer type [-Wincompatible-pointer-types]
   74 | #define GPIOB   ((GPIO_RegDef_t *)GPIOB_BASEADDR)
      |                 ^~~~~~~~~~~~~~~~~~~~~~~~~~~~~~~~~
      |                 |
      |                 GPIO_RegDef_t *
../Src/main.c:40:15: note: in expansion of macro 'GPIOB'
   40 |     GPIO_Init(GPIOB, &i2c_gpio);
      |               ^~~~~
../Src/gpio_driver.c: In function 'GPIO_DeInit':
../Inc/gpio_driver.h:67:30: note: expected 'RCC_RegDef_t *' but argument is of type 'GPIO_RegDef_t *'
   67 | void GPIO_Init(RCC_RegDef_t *port, GPIO_Config_t *config);
      |                ~~~~~~~~~~~~~~^~~~
../Src/gpio_driver.c:49:14: warning: comparison of distinct pointer types lacks a cast
   49 |     if (port == GPIOA)
      |              ^~
../Src/gpio_driver.c:54:19: warning: comparison of distinct pointer types lacks a cast
   54 |     else if (port == GPIOB)
      |                   ^~
../Src/gpio_driver.c:59:19: warning: comparison of distinct pointer types lacks a cast
   59 |     else if (port == GPIOC)
      |                   ^~
../Src/gpio_driver.c:64:19: warning: comparison of distinct pointer types lacks a cast
   64 |     else if (port == GPIOD)
      |                   ^~
../Src/gpio_driver.c:69:19: warning: comparison of distinct pointer types lacks a cast
   69 |     else if (port == GPIOH)
      |                   ^~
make: *** [Src/subdir.mk:31: Src/gpio_driver.o] Error 1
make: *** Waiting for unfinished jobs....
"make -j8 all" terminated with exit code 2. Build might be incomplete.
15:36:26 **** Incremental Build of configuration Debug for project I2C_driver ****
make -j8 all 
arm-none-eabi-gcc "../Src/gpio_driver.c" -mcpu=cortex-m0plus -std=gnu11 -g3 -DDEBUG -DSTM32L0538_DISCO -DSTM32 -DSTM32L053C8Tx -DSTM32L0 -c -I../Inc -O0 -ffunction-sections -fdata-sections -Wall -fstack-usage -fcyclomatic-complexity -MMD -MP -MF"Src/gpio_driver.d" -MT"Src/gpio_driver.o" --specs=nano.specs -mfloat-abi=soft -mthumb -o "Src/gpio_driver.o"
arm-none-eabi-gcc "../Src/main.c" -mcpu=cortex-m0plus -std=gnu11 -g3 -DDEBUG -DSTM32L0538_DISCO -DSTM32 -DSTM32L053C8Tx -DSTM32L0 -c -I../Inc -O0 -ffunction-sections -fdata-sections -Wall -fstack-usage -fcyclomatic-complexity -MMD -MP -MF"Src/main.d" -MT"Src/main.o" --specs=nano.specs -mfloat-abi=soft -mthumb -o "Src/main.o"
../Src/gpio_driver.c: In function 'GPIO_Init':
../Src/gpio_driver.c:11:14: warning: comparison of distinct pointer types lacks a cast
   11 |     if (port == GPIOA) RCC->IOPENR |= (1 << 0);
      |              ^~
../Src/gpio_driver.c:12:19: warning: comparison of distinct pointer types lacks a cast
   12 |     else if (port == GPIOB) RCC->IOPENR |= (1 << 1);
      |                   ^~
../Src/gpio_driver.c:13:19: warning: comparison of distinct pointer types lacks a cast
   13 |     else if (port == GPIOC) RCC->IOPENR |= (1 << 2);
      |                   ^~
../Src/gpio_driver.c:14:19: warning: comparison of distinct pointer types lacks a cast
   14 |     else if (port == GPIOD) RCC->IOPENR |= (1 << 3);
      |                   ^~
../Src/gpio_driver.c:15:19: warning: comparison of distinct pointer types lacks a cast
   15 |     else if (port == GPIOH) RCC->IOPENR |= (1 << 7);
      |                   ^~
../Src/gpio_driver.c: In function 'GPIO_DeInit':
../Src/gpio_driver.c:49:14: warning: comparison of distinct pointer types lacks a cast
   49 |     if (port == GPIOA)
      |              ^~
../Src/gpio_driver.c:54:19: warning: comparison of distinct pointer types lacks a cast
   54 |     else if (port == GPIOB)
      |                   ^~
../Src/gpio_driver.c:59:19: warning: comparison of distinct pointer types lacks a cast
   59 |     else if (port == GPIOC)
      |                   ^~
../Src/gpio_driver.c:64:19: warning: comparison of distinct pointer types lacks a cast
   64 |     else if (port == GPIOD)
      |                   ^~
../Src/gpio_driver.c:69:19: warning: comparison of distinct pointer types lacks a cast
   69 |     else if (port == GPIOH)
      |                   ^~
In file included from ../Inc/I2c_driver.h:4,
                 from ../Src/main.c:20:
../Src/main.c: In function 'main':
../Inc/STM32_L0538xx.h:74:17: warning: passing argument 1 of 'GPIO_Init' from incompatible pointer type [-Wincompatible-pointer-types]
   74 | #define GPIOB   ((GPIO_RegDef_t *)GPIOB_BASEADDR)
      |                 ^~~~~~~~~~~~~~~~~~~~~~~~~~~~~~~~~
      |                 |
      |                 GPIO_RegDef_t *
../Src/main.c:37:15: note: in expansion of macro 'GPIOB'
   37 |     GPIO_Init(GPIOB, &i2c_gpio);
      |               ^~~~~
In file included from ../Src/main.c:22:
../Inc/gpio_driver.h:67:30: note: expected 'GPIO_TypeDef *' but argument is of type 'GPIO_RegDef_t *'
   67 | void GPIO_Init(GPIO_TypeDef *port, GPIO_Config_t *config);
      |                ~~~~~~~~~~~~~~^~~~
../Inc/STM32_L0538xx.h:74:17: warning: passing argument 1 of 'GPIO_Init' from incompatible pointer type [-Wincompatible-pointer-types]
   74 | #define GPIOB   ((GPIO_RegDef_t *)GPIOB_BASEADDR)
      |                 ^~~~~~~~~~~~~~~~~~~~~~~~~~~~~~~~~
      |                 |
      |                 GPIO_RegDef_t *
../Src/main.c:40:15: note: in expansion of macro 'GPIOB'
   40 |     GPIO_Init(GPIOB, &i2c_gpio);
      |               ^~~~~
../Inc/gpio_driver.h:67:30: note: expected 'GPIO_TypeDef *' but argument is of type 'GPIO_RegDef_t *'
   67 | void GPIO_Init(GPIO_TypeDef *port, GPIO_Config_t *config);
      |                ~~~~~~~~~~~~~~^~~~
arm-none-eabi-gcc -o "I2C_driver.elf" @"objects.list"   -mcpu=cortex-m0plus -T"C:\Haril_bitsilica\STM_training_module\driver_playist_2\L_series_I2c_driver\I2C_driver\STM32L053C8TX_FLASH.ld" --specs=nosys.specs -Wl,-Map="I2C_driver.map" -Wl,--gc-sections -static --specs=nano.specs -mfloat-abi=soft -mthumb -Wl,--start-group -lc -lm -Wl,--end-group
Finished building target: I2C_driver.elf
 
arm-none-eabi-size  I2C_driver.elf 
arm-none-eabi-objdump -h -S I2C_driver.elf  > "I2C_driver.list"
   text	   data	    bss	    dec	    hex	filename
   1572	      0	   1584	   3156	    c54	I2C_driver.elf
Finished building: default.size.stdout
 
Finished building: I2C_driver.list
 
15:37:16 **** Incremental Build of configuration Debug for project I2C_driver ****
make -j8 all 
arm-none-eabi-size  I2C_driver.elf 
   text	   data	    bss	    dec	    hex	filename
   1572	      0	   1584	   3156	    c54	I2C_driver.elf
Finished building: default.size.stdout
 
15:38:05 **** Incremental Build of configuration Debug for project I2C_driver ****
make -j8 all 
arm-none-eabi-gcc "../Src/gpio_driver.c" -mcpu=cortex-m0plus -std=gnu11 -g3 -DDEBUG -DSTM32L0538_DISCO -DSTM32 -DSTM32L053C8Tx -DSTM32L0 -c -I../Inc -O0 -ffunction-sections -fdata-sections -Wall -fstack-usage -fcyclomatic-complexity -MMD -MP -MF"Src/gpio_driver.d" -MT"Src/gpio_driver.o" --specs=nano.specs -mfloat-abi=soft -mthumb -o "Src/gpio_driver.o"
arm-none-eabi-gcc "../Src/main.c" -mcpu=cortex-m0plus -std=gnu11 -g3 -DDEBUG -DSTM32L0538_DISCO -DSTM32 -DSTM32L053C8Tx -DSTM32L0 -c -I../Inc -O0 -ffunction-sections -fdata-sections -Wall -fstack-usage -fcyclomatic-complexity -MMD -MP -MF"Src/main.d" -MT"Src/main.o" --specs=nano.specs -mfloat-abi=soft -mthumb -o "Src/main.o"
In file included from ../Inc/I2c_driver.h:4,
                 from ../Src/main.c:20:
../Src/main.c: In function 'main':
../Inc/STM32_L0538xx.h:74:17: warning: passing argument 1 of 'GPIO_Init' from incompatible pointer type [-Wincompatible-pointer-types]
   74 | #define GPIOB   ((GPIO_RegDef_t *)GPIOB_BASEADDR)
      |                 ^~~~~~~~~~~~~~~~~~~~~~~~~~~~~~~~~
      |                 |
      |                 GPIO_RegDef_t *
../Src/main.c:37:15: note: in expansion of macro 'GPIOB'
   37 |     GPIO_Init(GPIOB, &i2c_gpio);
      |               ^~~~~
In file included from ../Src/main.c:22:
../Inc/gpio_driver.h:67:30: note: expected 'GPIO_TypeDef *' but argument is of type 'GPIO_RegDef_t *'
   67 | void GPIO_Init(GPIO_TypeDef *port, GPIO_Config_t *config);
      |                ~~~~~~~~~~~~~~^~~~
../Inc/STM32_L0538xx.h:74:17: warning: passing argument 1 of 'GPIO_Init' from incompatible pointer type [-Wincompatible-pointer-types]
   74 | #define GPIOB   ((GPIO_RegDef_t *)GPIOB_BASEADDR)
      |                 ^~~~~~~~~~~~~~~~~~~~~~~~~~~~~~~~~
      |                 |
      |                 GPIO_RegDef_t *
../Src/main.c:40:15: note: in expansion of macro 'GPIOB'
   40 |     GPIO_Init(GPIOB, &i2c_gpio);
      |               ^~~~~
../Inc/gpio_driver.h:67:30: note: expected 'GPIO_TypeDef *' but argument is of type 'GPIO_RegDef_t *'
   67 | void GPIO_Init(GPIO_TypeDef *port, GPIO_Config_t *config);
      |                ~~~~~~~~~~~~~~^~~~
../Src/gpio_driver.c: In function 'GPIO_Init':
../Src/gpio_driver.c:11:14: warning: comparison of distinct pointer types lacks a cast
   11 |     if (port == GPIOA) RCC->IOPENR |= (1 << 0);
      |              ^~
../Src/gpio_driver.c:12:19: warning: comparison of distinct pointer types lacks a cast
   12 |     else if (port == GPIOB) RCC->IOPENR |= (1 << 1);
      |                   ^~
../Src/gpio_driver.c:13:19: warning: comparison of distinct pointer types lacks a cast
   13 |     else if (port == GPIOC) RCC->IOPENR |= (1 << 2);
      |                   ^~
../Src/gpio_driver.c:14:19: warning: comparison of distinct pointer types lacks a cast
   14 |     else if (port == GPIOD) RCC->IOPENR |= (1 << 3);
      |                   ^~
../Src/gpio_driver.c:15:19: warning: comparison of distinct pointer types lacks a cast
   15 |     else if (port == GPIOH) RCC->IOPENR |= (1 << 7);
      |                   ^~
../Src/gpio_driver.c: In function 'GPIO_DeInit':
../Src/gpio_driver.c:49:14: warning: comparison of distinct pointer types lacks a cast
   49 |     if (port == GPIOA)
      |              ^~
../Src/gpio_driver.c:54:19: warning: comparison of distinct pointer types lacks a cast
   54 |     else if (port == GPIOB)
      |                   ^~
../Src/gpio_driver.c:59:19: warning: comparison of distinct pointer types lacks a cast
   59 |     else if (port == GPIOC)
      |                   ^~
../Src/gpio_driver.c:64:19: warning: comparison of distinct pointer types lacks a cast
   64 |     else if (port == GPIOD)
      |                   ^~
../Src/gpio_driver.c:69:19: warning: comparison of distinct pointer types lacks a cast
   69 |     else if (port == GPIOH)
      |                   ^~
arm-none-eabi-gcc -o "I2C_driver.elf" @"objects.list"   -mcpu=cortex-m0plus -T"C:\Haril_bitsilica\STM_training_module\driver_playist_2\L_series_I2c_driver\I2C_driver\STM32L053C8TX_FLASH.ld" --specs=nosys.specs -Wl,-Map="I2C_driver.map" -Wl,--gc-sections -static --specs=nano.specs -mfloat-abi=soft -mthumb -Wl,--start-group -lc -lm -Wl,--end-group
Finished building target: I2C_driver.elf
 
arm-none-eabi-size  I2C_driver.elf 
arm-none-eabi-objdump -h -S I2C_driver.elf  > "I2C_driver.list"
   text	   data	    bss	    dec	    hex	filename
   1572	      0	   1584	   3156	    c54	I2C_driver.elf
Finished building: default.size.stdout
 
Finished building: I2C_driver.list
 
15:39:24 **** Incremental Build of configuration Debug for project I2C_driver ****
make -j8 all 
arm-none-eabi-gcc "../Src/gpio_driver.c" -mcpu=cortex-m0plus -std=gnu11 -g3 -DDEBUG -DSTM32L0538_DISCO -DSTM32 -DSTM32L053C8Tx -DSTM32L0 -c -I../Inc -O0 -ffunction-sections -fdata-sections -Wall -fstack-usage -fcyclomatic-complexity -MMD -MP -MF"Src/gpio_driver.d" -MT"Src/gpio_driver.o" --specs=nano.specs -mfloat-abi=soft -mthumb -o "Src/gpio_driver.o"
arm-none-eabi-gcc "../Src/main.c" -mcpu=cortex-m0plus -std=gnu11 -g3 -DDEBUG -DSTM32L0538_DISCO -DSTM32 -DSTM32L053C8Tx -DSTM32L0 -c -I../Inc -O0 -ffunction-sections -fdata-sections -Wall -fstack-usage -fcyclomatic-complexity -MMD -MP -MF"Src/main.d" -MT"Src/main.o" --specs=nano.specs -mfloat-abi=soft -mthumb -o "Src/main.o"
../Src/gpio_driver.c:9:6: error: conflicting types for 'GPIO_Init'; have 'void(GPIO_TypeDef *, GPIO_Config_t *)'
    9 | void GPIO_Init(GPIO_TypeDef *port, GPIO_Config_t *config)
      |      ^~~~~~~~~
In file included from ../Src/gpio_driver.c:7:
../Inc/gpio_driver.h:67:6: note: previous declaration of 'GPIO_Init' with type 'void(GPIO_RegDef_t *, GPIO_Config_t *)'
   67 | void GPIO_Init(GPIO_RegDef_t *port, GPIO_Config_t *config);
      |      ^~~~~~~~~
../Src/gpio_driver.c: In function 'GPIO_Init':
../Src/gpio_driver.c:11:14: warning: comparison of distinct pointer types lacks a cast
   11 |     if (port == GPIOA) RCC->IOPENR |= (1 << 0);
      |              ^~
../Src/gpio_driver.c:12:19: warning: comparison of distinct pointer types lacks a cast
   12 |     else if (port == GPIOB) RCC->IOPENR |= (1 << 1);
      |                   ^~
../Src/gpio_driver.c:13:19: warning: comparison of distinct pointer types lacks a cast
   13 |     else if (port == GPIOC) RCC->IOPENR |= (1 << 2);
      |                   ^~
../Src/gpio_driver.c:14:19: warning: comparison of distinct pointer types lacks a cast
   14 |     else if (port == GPIOD) RCC->IOPENR |= (1 << 3);
      |                   ^~
../Src/gpio_driver.c:15:19: warning: comparison of distinct pointer types lacks a cast
   15 |     else if (port == GPIOH) RCC->IOPENR |= (1 << 7);
      |                   ^~
../Src/gpio_driver.c: At top level:
../Src/gpio_driver.c:47:6: error: conflicting types for 'GPIO_DeInit'; have 'void(GPIO_TypeDef *)'
   47 | void GPIO_DeInit(GPIO_TypeDef *port)
      |      ^~~~~~~~~~~
../Inc/gpio_driver.h:68:6: note: previous declaration of 'GPIO_DeInit' with type 'void(GPIO_RegDef_t *)'
   68 | void GPIO_DeInit(GPIO_RegDef_t *port);
      |      ^~~~~~~~~~~
../Src/gpio_driver.c: In function 'GPIO_DeInit':
../Src/gpio_driver.c:49:14: warning: comparison of distinct pointer types lacks a cast
   49 |     if (port == GPIOA)
      |              ^~
../Src/gpio_driver.c:54:19: warning: comparison of distinct pointer types lacks a cast
   54 |     else if (port == GPIOB)
      |                   ^~
../Src/gpio_driver.c:59:19: warning: comparison of distinct pointer types lacks a cast
   59 |     else if (port == GPIOC)
      |                   ^~
../Src/gpio_driver.c:64:19: warning: comparison of distinct pointer types lacks a cast
   64 |     else if (port == GPIOD)
      |                   ^~
../Src/gpio_driver.c:69:19: warning: comparison of distinct pointer types lacks a cast
   69 |     else if (port == GPIOH)
      |                   ^~
../Src/gpio_driver.c: At top level:
../Src/gpio_driver.c:76:6: error: conflicting types for 'GPIO_WritePin'; have 'void(GPIO_TypeDef *, uint8_t,  uint8_t)' {aka 'void(GPIO_TypeDef *, unsigned char,  unsigned char)'}
   76 | void GPIO_WritePin(GPIO_TypeDef *port, uint8_t pin, uint8_t state)
      |      ^~~~~~~~~~~~~
../Inc/gpio_driver.h:69:6: note: previous declaration of 'GPIO_WritePin' with type 'void(GPIO_RegDef_t *, uint8_t,  uint8_t)' {aka 'void(GPIO_RegDef_t *, unsigned char,  unsigned char)'}
   69 | void GPIO_WritePin(GPIO_RegDef_t *port, uint8_t pin, uint8_t state);
      |      ^~~~~~~~~~~~~
../Src/gpio_driver.c:84:9: error: conflicting types for 'GPIO_ReadPin'; have 'uint8_t(GPIO_TypeDef *, uint8_t)' {aka 'unsigned char(GPIO_TypeDef *, unsigned char)'}
   84 | uint8_t GPIO_ReadPin(GPIO_TypeDef *port, uint8_t pin)
      |         ^~~~~~~~~~~~
../Inc/gpio_driver.h:70:9: note: previous declaration of 'GPIO_ReadPin' with type 'uint8_t(GPIO_RegDef_t *, uint8_t)' {aka 'unsigned char(GPIO_RegDef_t *, unsigned char)'}
   70 | uint8_t GPIO_ReadPin(GPIO_RegDef_t *port, uint8_t pin);
      |         ^~~~~~~~~~~~
../Src/gpio_driver.c:89:6: error: conflicting types for 'GPIO_TogglePin'; have 'void(GPIO_TypeDef *, uint8_t)' {aka 'void(GPIO_TypeDef *, unsigned char)'}
   89 | void GPIO_TogglePin(GPIO_TypeDef *port, uint8_t pin)
      |      ^~~~~~~~~~~~~~
../Inc/gpio_driver.h:71:6: note: previous declaration of 'GPIO_TogglePin' with type 'void(GPIO_RegDef_t *, uint8_t)' {aka 'void(GPIO_RegDef_t *, unsigned char)'}
   71 | void GPIO_TogglePin(GPIO_RegDef_t *port, uint8_t pin);
      |      ^~~~~~~~~~~~~~
make: *** [Src/subdir.mk:31: Src/gpio_driver.o] Error 1
make: *** Waiting for unfinished jobs....
"make -j8 all" terminated with exit code 2. Build might be incomplete.
15:39:48 **** Incremental Build of configuration Debug for project I2C_driver ****
make -j8 all 
arm-none-eabi-gcc "../Src/gpio_driver.c" -mcpu=cortex-m0plus -std=gnu11 -g3 -DDEBUG -DSTM32L0538_DISCO -DSTM32 -DSTM32L053C8Tx -DSTM32L0 -c -I../Inc -O0 -ffunction-sections -fdata-sections -Wall -fstack-usage -fcyclomatic-complexity -MMD -MP -MF"Src/gpio_driver.d" -MT"Src/gpio_driver.o" --specs=nano.specs -mfloat-abi=soft -mthumb -o "Src/gpio_driver.o"
../Src/gpio_driver.c:9:6: error: conflicting types for 'GPIO_Init'; have 'void(GPIO_TypeDef *, GPIO_Config_t *)'
    9 | void GPIO_Init(GPIO_TypeDef *port, GPIO_Config_t *config)
      |      ^~~~~~~~~
In file included from ../Src/gpio_driver.c:7:
../Inc/gpio_driver.h:67:6: note: previous declaration of 'GPIO_Init' with type 'void(GPIO_RegDef_t *, GPIO_Config_t *)'
   67 | void GPIO_Init(GPIO_RegDef_t *port, GPIO_Config_t *config);
      |      ^~~~~~~~~
../Src/gpio_driver.c: In function 'GPIO_Init':
../Src/gpio_driver.c:11:34: warning: comparison of distinct pointer types lacks a cast
   11 |         if ((GPIO_TypeDef *)port == GPIOA) RCC->IOPENR |= (1 << 0);
      |                                  ^~
../Src/gpio_driver.c:12:19: warning: comparison of distinct pointer types lacks a cast
   12 |     else if (port == GPIOB) RCC->IOPENR |= (1 << 1);
      |                   ^~
../Src/gpio_driver.c:13:19: warning: comparison of distinct pointer types lacks a cast
   13 |     else if (port == GPIOC) RCC->IOPENR |= (1 << 2);
      |                   ^~
../Src/gpio_driver.c:14:19: warning: comparison of distinct pointer types lacks a cast
   14 |     else if (port == GPIOD) RCC->IOPENR |= (1 << 3);
      |                   ^~
../Src/gpio_driver.c:15:19: warning: comparison of distinct pointer types lacks a cast
   15 |     else if (port == GPIOH) RCC->IOPENR |= (1 << 7);
      |                   ^~
../Src/gpio_driver.c: At top level:
../Src/gpio_driver.c:47:6: error: conflicting types for 'GPIO_DeInit'; have 'void(GPIO_TypeDef *)'
   47 | void GPIO_DeInit(GPIO_TypeDef *port)
      |      ^~~~~~~~~~~
../Inc/gpio_driver.h:68:6: note: previous declaration of 'GPIO_DeInit' with type 'void(GPIO_RegDef_t *)'
   68 | void GPIO_DeInit(GPIO_RegDef_t *port);
      |      ^~~~~~~~~~~
../Src/gpio_driver.c: In function 'GPIO_DeInit':
../Src/gpio_driver.c:49:14: warning: comparison of distinct pointer types lacks a cast
   49 |     if (port == GPIOA)
      |              ^~
../Src/gpio_driver.c:54:19: warning: comparison of distinct pointer types lacks a cast
   54 |     else if (port == GPIOB)
      |                   ^~
../Src/gpio_driver.c:59:19: warning: comparison of distinct pointer types lacks a cast
   59 |     else if (port == GPIOC)
      |                   ^~
../Src/gpio_driver.c:64:19: warning: comparison of distinct pointer types lacks a cast
   64 |     else if (port == GPIOD)
      |                   ^~
../Src/gpio_driver.c:69:19: warning: comparison of distinct pointer types lacks a cast
   69 |     else if (port == GPIOH)
      |                   ^~
../Src/gpio_driver.c: At top level:
../Src/gpio_driver.c:76:6: error: conflicting types for 'GPIO_WritePin'; have 'void(GPIO_TypeDef *, uint8_t,  uint8_t)' {aka 'void(GPIO_TypeDef *, unsigned char,  unsigned char)'}
   76 | void GPIO_WritePin(GPIO_TypeDef *port, uint8_t pin, uint8_t state)
      |      ^~~~~~~~~~~~~
../Inc/gpio_driver.h:69:6: note: previous declaration of 'GPIO_WritePin' with type 'void(GPIO_RegDef_t *, uint8_t,  uint8_t)' {aka 'void(GPIO_RegDef_t *, unsigned char,  unsigned char)'}
   69 | void GPIO_WritePin(GPIO_RegDef_t *port, uint8_t pin, uint8_t state);
      |      ^~~~~~~~~~~~~
../Src/gpio_driver.c:84:9: error: conflicting types for 'GPIO_ReadPin'; have 'uint8_t(GPIO_TypeDef *, uint8_t)' {aka 'unsigned char(GPIO_TypeDef *, unsigned char)'}
   84 | uint8_t GPIO_ReadPin(GPIO_TypeDef *port, uint8_t pin)
      |         ^~~~~~~~~~~~
../Inc/gpio_driver.h:70:9: note: previous declaration of 'GPIO_ReadPin' with type 'uint8_t(GPIO_RegDef_t *, uint8_t)' {aka 'unsigned char(GPIO_RegDef_t *, unsigned char)'}
   70 | uint8_t GPIO_ReadPin(GPIO_RegDef_t *port, uint8_t pin);
      |         ^~~~~~~~~~~~
../Src/gpio_driver.c:89:6: error: conflicting types for 'GPIO_TogglePin'; have 'void(GPIO_TypeDef *, uint8_t)' {aka 'void(GPIO_TypeDef *, unsigned char)'}
   89 | void GPIO_TogglePin(GPIO_TypeDef *port, uint8_t pin)
      |      ^~~~~~~~~~~~~~
../Inc/gpio_driver.h:71:6: note: previous declaration of 'GPIO_TogglePin' with type 'void(GPIO_RegDef_t *, uint8_t)' {aka 'void(GPIO_RegDef_t *, unsigned char)'}
   71 | void GPIO_TogglePin(GPIO_RegDef_t *port, uint8_t pin);
      |      ^~~~~~~~~~~~~~
make: *** [Src/subdir.mk:31: Src/gpio_driver.o] Error 1
"make -j8 all" terminated with exit code 2. Build might be incomplete.
15:39:52 **** Incremental Build of configuration Debug for project I2C_driver ****
make -j8 all 
arm-none-eabi-gcc "../Src/gpio_driver.c" -mcpu=cortex-m0plus -std=gnu11 -g3 -DDEBUG -DSTM32L0538_DISCO -DSTM32 -DSTM32L053C8Tx -DSTM32L0 -c -I../Inc -O0 -ffunction-sections -fdata-sections -Wall -fstack-usage -fcyclomatic-complexity -MMD -MP -MF"Src/gpio_driver.d" -MT"Src/gpio_driver.o" --specs=nano.specs -mfloat-abi=soft -mthumb -o "Src/gpio_driver.o"
../Src/gpio_driver.c:9:6: error: conflicting types for 'GPIO_Init'; have 'void(GPIO_TypeDef *, GPIO_Config_t *)'
    9 | void GPIO_Init(GPIO_TypeDef *port, GPIO_Config_t *config)
      |      ^~~~~~~~~
In file included from ../Src/gpio_driver.c:7:
../Inc/gpio_driver.h:67:6: note: previous declaration of 'GPIO_Init' with type 'void(GPIO_RegDef_t *, GPIO_Config_t *)'
   67 | void GPIO_Init(GPIO_RegDef_t *port, GPIO_Config_t *config);
      |      ^~~~~~~~~
../Src/gpio_driver.c: In function 'GPIO_Init':
../Src/gpio_driver.c:11:14: warning: comparison of distinct pointer types lacks a cast
   11 |     if (port == GPIOA) RCC->IOPENR |= (1 << 0);
      |              ^~
../Src/gpio_driver.c:12:19: warning: comparison of distinct pointer types lacks a cast
   12 |     else if (port == GPIOB) RCC->IOPENR |= (1 << 1);
      |                   ^~
../Src/gpio_driver.c:13:19: warning: comparison of distinct pointer types lacks a cast
   13 |     else if (port == GPIOC) RCC->IOPENR |= (1 << 2);
      |                   ^~
../Src/gpio_driver.c:14:19: warning: comparison of distinct pointer types lacks a cast
   14 |     else if (port == GPIOD) RCC->IOPENR |= (1 << 3);
      |                   ^~
../Src/gpio_driver.c:15:19: warning: comparison of distinct pointer types lacks a cast
   15 |     else if (port == GPIOH) RCC->IOPENR |= (1 << 7);
      |                   ^~
../Src/gpio_driver.c: At top level:
../Src/gpio_driver.c:47:6: error: conflicting types for 'GPIO_DeInit'; have 'void(GPIO_TypeDef *)'
   47 | void GPIO_DeInit(GPIO_TypeDef *port)
      |      ^~~~~~~~~~~
../Inc/gpio_driver.h:68:6: note: previous declaration of 'GPIO_DeInit' with type 'void(GPIO_RegDef_t *)'
   68 | void GPIO_DeInit(GPIO_RegDef_t *port);
      |      ^~~~~~~~~~~
../Src/gpio_driver.c: In function 'GPIO_DeInit':
../Src/gpio_driver.c:49:14: warning: comparison of distinct pointer types lacks a cast
   49 |     if (port == GPIOA)
      |              ^~
../Src/gpio_driver.c:54:19: warning: comparison of distinct pointer types lacks a cast
   54 |     else if (port == GPIOB)
      |                   ^~
../Src/gpio_driver.c:59:19: warning: comparison of distinct pointer types lacks a cast
   59 |     else if (port == GPIOC)
      |                   ^~
../Src/gpio_driver.c:64:19: warning: comparison of distinct pointer types lacks a cast
   64 |     else if (port == GPIOD)
      |                   ^~
../Src/gpio_driver.c:69:19: warning: comparison of distinct pointer types lacks a cast
   69 |     else if (port == GPIOH)
      |                   ^~
../Src/gpio_driver.c: At top level:
../Src/gpio_driver.c:76:6: error: conflicting types for 'GPIO_WritePin'; have 'void(GPIO_TypeDef *, uint8_t,  uint8_t)' {aka 'void(GPIO_TypeDef *, unsigned char,  unsigned char)'}
   76 | void GPIO_WritePin(GPIO_TypeDef *port, uint8_t pin, uint8_t state)
      |      ^~~~~~~~~~~~~
../Inc/gpio_driver.h:69:6: note: previous declaration of 'GPIO_WritePin' with type 'void(GPIO_RegDef_t *, uint8_t,  uint8_t)' {aka 'void(GPIO_RegDef_t *, unsigned char,  unsigned char)'}
   69 | void GPIO_WritePin(GPIO_RegDef_t *port, uint8_t pin, uint8_t state);
      |      ^~~~~~~~~~~~~
../Src/gpio_driver.c:84:9: error: conflicting types for 'GPIO_ReadPin'; have 'uint8_t(GPIO_TypeDef *, uint8_t)' {aka 'unsigned char(GPIO_TypeDef *, unsigned char)'}
   84 | uint8_t GPIO_ReadPin(GPIO_TypeDef *port, uint8_t pin)
      |         ^~~~~~~~~~~~
../Inc/gpio_driver.h:70:9: note: previous declaration of 'GPIO_ReadPin' with type 'uint8_t(GPIO_RegDef_t *, uint8_t)' {aka 'unsigned char(GPIO_RegDef_t *, unsigned char)'}
   70 | uint8_t GPIO_ReadPin(GPIO_RegDef_t *port, uint8_t pin);
      |         ^~~~~~~~~~~~
../Src/gpio_driver.c:89:6: error: conflicting types for 'GPIO_TogglePin'; have 'void(GPIO_TypeDef *, uint8_t)' {aka 'void(GPIO_TypeDef *, unsigned char)'}
   89 | void GPIO_TogglePin(GPIO_TypeDef *port, uint8_t pin)
      |      ^~~~~~~~~~~~~~
../Inc/gpio_driver.h:71:6: note: previous declaration of 'GPIO_TogglePin' with type 'void(GPIO_RegDef_t *, uint8_t)' {aka 'void(GPIO_RegDef_t *, unsigned char)'}
   71 | void GPIO_TogglePin(GPIO_RegDef_t *port, uint8_t pin);
      |      ^~~~~~~~~~~~~~
make: *** [Src/subdir.mk:31: Src/gpio_driver.o] Error 1
"make -j8 all" terminated with exit code 2. Build might be incomplete.
15:40:41 **** Incremental Build of configuration Debug for project I2C_driver ****
make -j8 all 
arm-none-eabi-gcc "../Src/gpio_driver.c" -mcpu=cortex-m0plus -std=gnu11 -g3 -DDEBUG -DSTM32L0538_DISCO -DSTM32 -DSTM32L053C8Tx -DSTM32L0 -c -I../Inc -O0 -ffunction-sections -fdata-sections -Wall -fstack-usage -fcyclomatic-complexity -MMD -MP -MF"Src/gpio_driver.d" -MT"Src/gpio_driver.o" --specs=nano.specs -mfloat-abi=soft -mthumb -o "Src/gpio_driver.o"
../Src/gpio_driver.c: In function 'GPIO_Init':
../Src/gpio_driver.c:33:19: error: 'GPIO_RegDef_t' has no member named 'AFR'; did you mean 'AFRL'?
   33 |             port->AFR[0] &= ~(0xF << (4 * config->PinNumber));
      |                   ^~~
      |                   AFRL
../Src/gpio_driver.c:34:19: error: 'GPIO_RegDef_t' has no member named 'AFR'; did you mean 'AFRL'?
   34 |             port->AFR[0] |= (config->AltFunc << (4 * config->PinNumber));
      |                   ^~~
      |                   AFRL
../Src/gpio_driver.c:38:19: error: 'GPIO_RegDef_t' has no member named 'AFR'; did you mean 'AFRL'?
   38 |             port->AFR[1] &= ~(0xF << (4 * (config->PinNumber - 8)));
      |                   ^~~
      |                   AFRL
../Src/gpio_driver.c:39:19: error: 'GPIO_RegDef_t' has no member named 'AFR'; did you mean 'AFRL'?
   39 |             port->AFR[1] |= (config->AltFunc << (4 * (config->PinNumber - 8)));
      |                   ^~~
      |                   AFRL
../Src/gpio_driver.c: At top level:
../Src/gpio_driver.c:45:6: error: conflicting types for 'GPIO_DeInit'; have 'void(GPIO_TypeDef *)'
   45 | void GPIO_DeInit(GPIO_TypeDef *port)
      |      ^~~~~~~~~~~
In file included from ../Src/gpio_driver.c:7:
../Inc/gpio_driver.h:68:6: note: previous declaration of 'GPIO_DeInit' with type 'void(GPIO_RegDef_t *)'
   68 | void GPIO_DeInit(GPIO_RegDef_t *port);
      |      ^~~~~~~~~~~
../Src/gpio_driver.c: In function 'GPIO_DeInit':
../Src/gpio_driver.c:47:14: warning: comparison of distinct pointer types lacks a cast
   47 |     if (port == GPIOA)
      |              ^~
../Src/gpio_driver.c:52:19: warning: comparison of distinct pointer types lacks a cast
   52 |     else if (port == GPIOB)
      |                   ^~
../Src/gpio_driver.c:57:19: warning: comparison of distinct pointer types lacks a cast
   57 |     else if (port == GPIOC)
      |                   ^~
../Src/gpio_driver.c:62:19: warning: comparison of distinct pointer types lacks a cast
   62 |     else if (port == GPIOD)
      |                   ^~
../Src/gpio_driver.c:67:19: warning: comparison of distinct pointer types lacks a cast
   67 |     else if (port == GPIOH)
      |                   ^~
../Src/gpio_driver.c: At top level:
../Src/gpio_driver.c:74:6: error: conflicting types for 'GPIO_WritePin'; have 'void(GPIO_TypeDef *, uint8_t,  uint8_t)' {aka 'void(GPIO_TypeDef *, unsigned char,  unsigned char)'}
   74 | void GPIO_WritePin(GPIO_TypeDef *port, uint8_t pin, uint8_t state)
      |      ^~~~~~~~~~~~~
../Inc/gpio_driver.h:69:6: note: previous declaration of 'GPIO_WritePin' with type 'void(GPIO_RegDef_t *, uint8_t,  uint8_t)' {aka 'void(GPIO_RegDef_t *, unsigned char,  unsigned char)'}
   69 | void GPIO_WritePin(GPIO_RegDef_t *port, uint8_t pin, uint8_t state);
      |      ^~~~~~~~~~~~~
../Src/gpio_driver.c:82:9: error: conflicting types for 'GPIO_ReadPin'; have 'uint8_t(GPIO_TypeDef *, uint8_t)' {aka 'unsigned char(GPIO_TypeDef *, unsigned char)'}
   82 | uint8_t GPIO_ReadPin(GPIO_TypeDef *port, uint8_t pin)
      |         ^~~~~~~~~~~~
../Inc/gpio_driver.h:70:9: note: previous declaration of 'GPIO_ReadPin' with type 'uint8_t(GPIO_RegDef_t *, uint8_t)' {aka 'unsigned char(GPIO_RegDef_t *, unsigned char)'}
   70 | uint8_t GPIO_ReadPin(GPIO_RegDef_t *port, uint8_t pin);
      |         ^~~~~~~~~~~~
../Src/gpio_driver.c:87:6: error: conflicting types for 'GPIO_TogglePin'; have 'void(GPIO_TypeDef *, uint8_t)' {aka 'void(GPIO_TypeDef *, unsigned char)'}
   87 | void GPIO_TogglePin(GPIO_TypeDef *port, uint8_t pin)
      |      ^~~~~~~~~~~~~~
../Inc/gpio_driver.h:71:6: note: previous declaration of 'GPIO_TogglePin' with type 'void(GPIO_RegDef_t *, uint8_t)' {aka 'void(GPIO_RegDef_t *, unsigned char)'}
   71 | void GPIO_TogglePin(GPIO_RegDef_t *port, uint8_t pin);
      |      ^~~~~~~~~~~~~~
make: *** [Src/subdir.mk:31: Src/gpio_driver.o] Error 1
"make -j8 all" terminated with exit code 2. Build might be incomplete.
15:41:00 **** Incremental Build of configuration Debug for project I2C_driver ****
make -j8 all 
arm-none-eabi-gcc "../Src/gpio_driver.c" -mcpu=cortex-m0plus -std=gnu11 -g3 -DDEBUG -DSTM32L0538_DISCO -DSTM32 -DSTM32L053C8Tx -DSTM32L0 -c -I../Inc -O0 -ffunction-sections -fdata-sections -Wall -fstack-usage -fcyclomatic-complexity -MMD -MP -MF"Src/gpio_driver.d" -MT"Src/gpio_driver.o" --specs=nano.specs -mfloat-abi=soft -mthumb -o "Src/gpio_driver.o"
../Src/gpio_driver.c: In function 'GPIO_Init':
../Src/gpio_driver.c:33:19: error: 'GPIO_RegDef_t' has no member named 'AFR'; did you mean 'AFRL'?
   33 |             port->AFR[0] &= ~(0xF << (4 * config->PinNumber));
      |                   ^~~
      |                   AFRL
../Src/gpio_driver.c:34:19: error: 'GPIO_RegDef_t' has no member named 'AFR'; did you mean 'AFRL'?
   34 |             port->AFR[0] |= (config->AltFunc << (4 * config->PinNumber));
      |                   ^~~
      |                   AFRL
../Src/gpio_driver.c:38:19: error: 'GPIO_RegDef_t' has no member named 'AFR'; did you mean 'AFRL'?
   38 |             port->AFR[1] &= ~(0xF << (4 * (config->PinNumber - 8)));
      |                   ^~~
      |                   AFRL
../Src/gpio_driver.c:39:19: error: 'GPIO_RegDef_t' has no member named 'AFR'; did you mean 'AFRL'?
   39 |             port->AFR[1] |= (config->AltFunc << (4 * (config->PinNumber - 8)));
      |                   ^~~
      |                   AFRL
make: *** [Src/subdir.mk:31: Src/gpio_driver.o] Error 1
"make -j8 all" terminated with exit code 2. Build might be incomplete.
15:41:23 **** Incremental Build of configuration Debug for project I2C_driver ****
make -j8 all 
arm-none-eabi-gcc "../Src/gpio_driver.c" -mcpu=cortex-m0plus -std=gnu11 -g3 -DDEBUG -DSTM32L0538_DISCO -DSTM32 -DSTM32L053C8Tx -DSTM32L0 -c -I../Inc -O0 -ffunction-sections -fdata-sections -Wall -fstack-usage -fcyclomatic-complexity -MMD -MP -MF"Src/gpio_driver.d" -MT"Src/gpio_driver.o" --specs=nano.specs -mfloat-abi=soft -mthumb -o "Src/gpio_driver.o"
../Src/gpio_driver.c: In function 'GPIO_Init':
../Src/gpio_driver.c:34:19: error: 'GPIO_RegDef_t' has no member named 'AFR'; did you mean 'AFRL'?
   34 |             port->AFR[0] &= ~(0xF << (4 * config->PinNumber));
      |                   ^~~
      |                   AFRL
../Src/gpio_driver.c:35:19: error: 'GPIO_RegDef_t' has no member named 'AFR'; did you mean 'AFRL'?
   35 |             port->AFR[0] |= (config->AltFunc << (4 * config->PinNumber));
      |                   ^~~
      |                   AFRL
../Src/gpio_driver.c:39:19: error: 'GPIO_RegDef_t' has no member named 'AFR'; did you mean 'AFRL'?
   39 |             port->AFR[1] &= ~(0xF << (4 * (config->PinNumber - 8)));
      |                   ^~~
      |                   AFRL
../Src/gpio_driver.c:40:19: error: 'GPIO_RegDef_t' has no member named 'AFR'; did you mean 'AFRL'?
   40 |             port->AFR[1] |= (config->AltFunc << (4 * (config->PinNumber - 8)));
      |                   ^~~
      |                   AFRL
make: *** [Src/subdir.mk:31: Src/gpio_driver.o] Error 1
"make -j8 all" terminated with exit code 2. Build might be incomplete.
15:41:40 **** Incremental Build of configuration Debug for project I2C_driver ****
make -j8 all 
arm-none-eabi-gcc "../Src/gpio_driver.c" -mcpu=cortex-m0plus -std=gnu11 -g3 -DDEBUG -DSTM32L0538_DISCO -DSTM32 -DSTM32L053C8Tx -DSTM32L0 -c -I../Inc -O0 -ffunction-sections -fdata-sections -Wall -fstack-usage -fcyclomatic-complexity -MMD -MP -MF"Src/gpio_driver.d" -MT"Src/gpio_driver.o" --specs=nano.specs -mfloat-abi=soft -mthumb -o "Src/gpio_driver.o"
arm-none-eabi-gcc -o "I2C_driver.elf" @"objects.list"   -mcpu=cortex-m0plus -T"C:\Haril_bitsilica\STM_training_module\driver_playist_2\L_series_I2c_driver\I2C_driver\STM32L053C8TX_FLASH.ld" --specs=nosys.specs -Wl,-Map="I2C_driver.map" -Wl,--gc-sections -static --specs=nano.specs -mfloat-abi=soft -mthumb -Wl,--start-group -lc -lm -Wl,--end-group
Finished building target: I2C_driver.elf
 
arm-none-eabi-size  I2C_driver.elf 
arm-none-eabi-objdump -h -S I2C_driver.elf  > "I2C_driver.list"
   text	   data	    bss	    dec	    hex	filename
   1560	      0	   1584	   3144	    c48	I2C_driver.elf
Finished building: default.size.stdout
 
Finished building: I2C_driver.list
 
16:09:48 **** Incremental Build of configuration Debug for project I2C_driver ****
make -j8 all 
arm-none-eabi-gcc "../Src/gpio_driver.c" -mcpu=cortex-m0plus -std=gnu11 -g3 -DDEBUG -DSTM32L0538_DISCO -DSTM32 -DSTM32L053C8Tx -DSTM32L0 -c -I../Inc -O0 -ffunction-sections -fdata-sections -Wall -fstack-usage -fcyclomatic-complexity -MMD -MP -MF"Src/gpio_driver.d" -MT"Src/gpio_driver.o" --specs=nano.specs -mfloat-abi=soft -mthumb -o "Src/gpio_driver.o"
arm-none-eabi-gcc "../Src/i2c_driver.c" -mcpu=cortex-m0plus -std=gnu11 -g3 -DDEBUG -DSTM32L0538_DISCO -DSTM32 -DSTM32L053C8Tx -DSTM32L0 -c -I../Inc -O0 -ffunction-sections -fdata-sections -Wall -fstack-usage -fcyclomatic-complexity -MMD -MP -MF"Src/i2c_driver.d" -MT"Src/i2c_driver.o" --specs=nano.specs -mfloat-abi=soft -mthumb -o "Src/i2c_driver.o"
arm-none-eabi-gcc "../Src/main.c" -mcpu=cortex-m0plus -std=gnu11 -g3 -DDEBUG -DSTM32L0538_DISCO -DSTM32 -DSTM32L053C8Tx -DSTM32L0 -c -I../Inc -O0 -ffunction-sections -fdata-sections -Wall -fstack-usage -fcyclomatic-complexity -MMD -MP -MF"Src/main.d" -MT"Src/main.o" --specs=nano.specs -mfloat-abi=soft -mthumb -o "Src/main.o"
arm-none-eabi-gcc -o "I2C_driver.elf" @"objects.list"   -mcpu=cortex-m0plus -T"C:\Haril_bitsilica\STM_training_module\driver_playist_2\L_series_I2c_driver\I2C_driver\STM32L053C8TX_FLASH.ld" --specs=nosys.specs -Wl,-Map="I2C_driver.map" -Wl,--gc-sections -static --specs=nano.specs -mfloat-abi=soft -mthumb -Wl,--start-group -lc -lm -Wl,--end-group
Finished building target: I2C_driver.elf
 
arm-none-eabi-size  I2C_driver.elf 
arm-none-eabi-objdump -h -S I2C_driver.elf  > "I2C_driver.list"
   text	   data	    bss	    dec	    hex	filename
   1572	      0	   1584	   3156	    c54	I2C_driver.elf
Finished building: default.size.stdout
 
Finished building: I2C_driver.list
 
16:09:55 **** Incremental Build of configuration Debug for project I2C_driver ****
make -j8 all 
arm-none-eabi-gcc "../Src/main.c" -mcpu=cortex-m0plus -std=gnu11 -g3 -DDEBUG -DSTM32L0538_DISCO -DSTM32 -DSTM32L053C8Tx -DSTM32L0 -c -I../Inc -O0 -ffunction-sections -fdata-sections -Wall -fstack-usage -fcyclomatic-complexity -MMD -MP -MF"Src/main.d" -MT"Src/main.o" --specs=nano.specs -mfloat-abi=soft -mthumb -o "Src/main.o"
arm-none-eabi-gcc -o "I2C_driver.elf" @"objects.list"   -mcpu=cortex-m0plus -T"C:\Haril_bitsilica\STM_training_module\driver_playist_2\L_series_I2c_driver\I2C_driver\STM32L053C8TX_FLASH.ld" --specs=nosys.specs -Wl,-Map="I2C_driver.map" -Wl,--gc-sections -static --specs=nano.specs -mfloat-abi=soft -mthumb -Wl,--start-group -lc -lm -Wl,--end-group
Finished building target: I2C_driver.elf
 
arm-none-eabi-size  I2C_driver.elf 
arm-none-eabi-objdump -h -S I2C_driver.elf  > "I2C_driver.list"
   text	   data	    bss	    dec	    hex	filename
   1572	      0	   1584	   3156	    c54	I2C_driver.elf
Finished building: default.size.stdout
 
Finished building: I2C_driver.list
 
18:13:25 **** Incremental Build of configuration Debug for project I2C_driver ****
make -j8 all 
arm-none-eabi-size  I2C_driver.elf 
   text	   data	    bss	    dec	    hex	filename
   1572	      0	   1584	   3156	    c54	I2C_driver.elf
Finished building: default.size.stdout
 
18:40:50 **** Incremental Build of configuration Debug for project I2C_driver ****
make -j8 all 
arm-none-eabi-size  I2C_driver.elf 
   text	   data	    bss	    dec	    hex	filename
   1572	      0	   1584	   3156	    c54	I2C_driver.elf
Finished building: default.size.stdout
 
