16:08:32 **** Build of configuration Debug for project UART_driver ****
make -j8 all 
arm-none-eabi-gcc -mcpu=cortex-m0plus -g3 -DDEBUG -c -x assembler-with-cpp -MMD -MP -MF"Startup/startup_stm32l053c8tx.d" -MT"Startup/startup_stm32l053c8tx.o" --specs=nano.specs -mfloat-abi=soft -mthumb -o "Startup/startup_stm32l053c8tx.o" "../Startup/startup_stm32l053c8tx.s"
arm-none-eabi-gcc "../Src/gpio_driver.c" -mcpu=cortex-m0plus -std=gnu11 -g3 -DDEBUG -DSTM32L0538_DISCO -DSTM32 -DSTM32L053C8Tx -DSTM32L0 -c -I../Inc -O0 -ffunction-sections -fdata-sections -Wall -fstack-usage -fcyclomatic-complexity -MMD -MP -MF"Src/gpio_driver.d" -MT"Src/gpio_driver.o" --specs=nano.specs -mfloat-abi=soft -mthumb -o "Src/gpio_driver.o"
arm-none-eabi-gcc "../Src/main.c" -mcpu=cortex-m0plus -std=gnu11 -g3 -DDEBUG -DSTM32L0538_DISCO -DSTM32 -DSTM32L053C8Tx -DSTM32L0 -c -I../Inc -O0 -ffunction-sections -fdata-sections -Wall -fstack-usage -fcyclomatic-complexity -MMD -MP -MF"Src/main.d" -MT"Src/main.o" --specs=nano.specs -mfloat-abi=soft -mthumb -o "Src/main.o"
arm-none-eabi-gcc "../Src/syscalls.c" -mcpu=cortex-m0plus -std=gnu11 -g3 -DDEBUG -DSTM32L0538_DISCO -DSTM32 -DSTM32L053C8Tx -DSTM32L0 -c -I../Inc -O0 -ffunction-sections -fdata-sections -Wall -fstack-usage -fcyclomatic-complexity -MMD -MP -MF"Src/syscalls.d" -MT"Src/syscalls.o" --specs=nano.specs -mfloat-abi=soft -mthumb -o "Src/syscalls.o"
arm-none-eabi-gcc "../Src/sysmem.c" -mcpu=cortex-m0plus -std=gnu11 -g3 -DDEBUG -DSTM32L0538_DISCO -DSTM32 -DSTM32L053C8Tx -DSTM32L0 -c -I../Inc -O0 -ffunction-sections -fdata-sections -Wall -fstack-usage -fcyclomatic-complexity -MMD -MP -MF"Src/sysmem.d" -MT"Src/sysmem.o" --specs=nano.specs -mfloat-abi=soft -mthumb -o "Src/sysmem.o"
arm-none-eabi-gcc "../Src/uart_driver.c" -mcpu=cortex-m0plus -std=gnu11 -g3 -DDEBUG -DSTM32L0538_DISCO -DSTM32 -DSTM32L053C8Tx -DSTM32L0 -c -I../Inc -O0 -ffunction-sections -fdata-sections -Wall -fstack-usage -fcyclomatic-complexity -MMD -MP -MF"Src/uart_driver.d" -MT"Src/uart_driver.o" --specs=nano.specs -mfloat-abi=soft -mthumb -o "Src/uart_driver.o"
../Src/gpio_driver.c: In function 'GPIO_Init':
../Src/gpio_driver.c:11:14: warning: comparison of distinct pointer types lacks a cast
   11 |     if (port == GPIOA) RCC->IOPENR |= (1 << 0);
      |              ^~
../Src/gpio_driver.c:12:19: warning: comparison of distinct pointer types lacks a cast
   12 |     else if (port == GPIOB) RCC->IOPENR |= (1 << 1);
      |                   ^~
../Src/gpio_driver.c:13:19: warning: comparison of distinct pointer types lacks a cast
   13 |     else if (port == GPIOC) RCC->IOPENR |= (1 << 2);
      |                   ^~
../Src/gpio_driver.c:14:19: warning: comparison of distinct pointer types lacks a cast
   14 |     else if (port == GPIOD) RCC->IOPENR |= (1 << 3);
      |                   ^~
../Src/gpio_driver.c:15:19: warning: comparison of distinct pointer types lacks a cast
   15 |     else if (port == GPIOH) RCC->IOPENR |= (1 << 7);
      |                   ^~
../Src/gpio_driver.c: In function 'GPIO_DeInit':
../Src/gpio_driver.c:49:14: warning: comparison of distinct pointer types lacks a cast
   49 |     if (port == GPIOA)
      |              ^~
../Src/gpio_driver.c:54:19: warning: comparison of distinct pointer types lacks a cast
   54 |     else if (port == GPIOB)
      |                   ^~
../Src/gpio_driver.c:59:19: warning: comparison of distinct pointer types lacks a cast
   59 |     else if (port == GPIOC)
      |                   ^~
../Src/gpio_driver.c:64:19: warning: comparison of distinct pointer types lacks a cast
   64 |     else if (port == GPIOD)
      |                   ^~
../Src/gpio_driver.c:69:19: warning: comparison of distinct pointer types lacks a cast
   69 |     else if (port == GPIOH)
      |                   ^~
../Src/uart_driver.c: In function 'UART_IRQInterruptConfig':
../Src/uart_driver.c:231:9: warning: implicit declaration of function 'NVIC_EnableIRQ' [-Wimplicit-function-declaration]
  231 |         NVIC_EnableIRQ(IRQNumber);
      |         ^~~~~~~~~~~~~~
../Src/uart_driver.c:233:9: warning: implicit declaration of function 'NVIC_DisableIRQ' [-Wimplicit-function-declaration]
  233 |         NVIC_DisableIRQ(IRQNumber);
      |         ^~~~~~~~~~~~~~~
../Src/uart_driver.c: In function 'UART_IRQPriorityConfig':
../Src/uart_driver.c:238:5: warning: implicit declaration of function 'NVIC_SetPriority' [-Wimplicit-function-declaration]
  238 |     NVIC_SetPriority(IRQNumber, IRQPriority);
      |     ^~~~~~~~~~~~~~~~
arm-none-eabi-gcc -o "UART_driver.elf" @"objects.list"   -mcpu=cortex-m0plus -T"C:\Haril_bitsilica\STM_training_module\driver_playist_2\L_series_Uart_driver\UART_driver\STM32L053C8TX_FLASH.ld" --specs=nosys.specs -Wl,-Map="UART_driver.map" -Wl,--gc-sections -static --specs=nano.specs -mfloat-abi=soft -mthumb -Wl,--start-group -lc -lm -Wl,--end-group
Finished building target: UART_driver.elf
 
arm-none-eabi-size  UART_driver.elf 
arm-none-eabi-objdump -h -S UART_driver.elf  > "UART_driver.list"
   text	   data	    bss	    dec	    hex	filename
   1612	      0	   1568	   3180	    c6c	UART_driver.elf
Finished building: default.size.stdout
 
Finished building: UART_driver.list
 
16:09:16 **** Incremental Build of configuration Debug for project UART_driver ****
make -j8 all 
arm-none-eabi-gcc "../Src/gpio_driver.c" -mcpu=cortex-m0plus -std=gnu11 -g3 -DDEBUG -DSTM32L0538_DISCO -DSTM32 -DSTM32L053C8Tx -DSTM32L0 -c -I../Inc -O0 -ffunction-sections -fdata-sections -Wall -fstack-usage -fcyclomatic-complexity -MMD -MP -MF"Src/gpio_driver.d" -MT"Src/gpio_driver.o" --specs=nano.specs -mfloat-abi=soft -mthumb -o "Src/gpio_driver.o"
arm-none-eabi-gcc "../Src/main.c" -mcpu=cortex-m0plus -std=gnu11 -g3 -DDEBUG -DSTM32L0538_DISCO -DSTM32 -DSTM32L053C8Tx -DSTM32L0 -c -I../Inc -O0 -ffunction-sections -fdata-sections -Wall -fstack-usage -fcyclomatic-complexity -MMD -MP -MF"Src/main.d" -MT"Src/main.o" --specs=nano.specs -mfloat-abi=soft -mthumb -o "Src/main.o"
arm-none-eabi-gcc -o "UART_driver.elf" @"objects.list"   -mcpu=cortex-m0plus -T"C:\Haril_bitsilica\STM_training_module\driver_playist_2\L_series_Uart_driver\UART_driver\STM32L053C8TX_FLASH.ld" --specs=nosys.specs -Wl,-Map="UART_driver.map" -Wl,--gc-sections -static --specs=nano.specs -mfloat-abi=soft -mthumb -Wl,--start-group -lc -lm -Wl,--end-group
Finished building target: UART_driver.elf
 
arm-none-eabi-size  UART_driver.elf 
arm-none-eabi-objdump -h -S UART_driver.elf  > "UART_driver.list"
   text	   data	    bss	    dec	    hex	filename
   1612	      0	   1568	   3180	    c6c	UART_driver.elf
Finished building: default.size.stdout
 
Finished building: UART_driver.list
 
