../Core/Src/main.c:80:5:main	16	static
../Core/Src/main.c:132:6:SystemClock_Config	128	static
../Core/Src/main.c:186:13:MX_I2C1_Init	8	static
../Core/Src/main.c:234:13:MX_SPI1_Init	8	static
../Core/Src/main.c:272:13:MX_SPI2_Init	8	static
../Core/Src/main.c:310:13:MX_TSC_Init	8	static
../Core/Src/main.c:353:13:MX_USART1_UART_Init	8	static
../Core/Src/main.c:388:13:MX_USB_PCD_Init	8	static
../Core/Src/main.c:420:13:MX_GPIO_Init	56	static
../Core/Src/main.c:484:6:Error_Handler	8	static,ignoring_inline_asm
