../Core/Src/main.c:65:6:HAL_ADC_Msp_Init	48	static
../Core/Src/main.c:94:6:ADC1_Init	24	static
../Core/Src/main.c:117:10:ADC1_Read	8	static
../Core/Src/main.c:124:6:ADC1_Start_DMA	16	static
../Core/Src/main.c:134:5:main	16	static
../Core/Src/main.c:189:6:SystemClock_Config	88	static
../Core/Src/main.c:236:13:MX_ADC1_Init	24	static
../Core/Src/main.c:288:13:MX_USART2_UART_Init	8	static
../Core/Src/main.c:321:13:MX_GPIO_Init	48	static
../Core/Src/main.c:373:6:Error_Handler	4	static,ignoring_inline_asm
