14:54:12 **** Incremental Build of configuration Debug for project I2C_DMA_driver ****
make -j8 all 
arm-none-eabi-gcc "../Src/i2c_driver.c" -mcpu=cortex-m0plus -std=gnu11 -g3 -DDEBUG -DSTM32L0538_DISCO -DSTM32 -DSTM32L053C8Tx -DSTM32L0 -c -I../Inc -O0 -ffunction-sections -fdata-sections -Wall -fstack-usage -fcyclomatic-complexity -MMD -MP -MF"Src/i2c_driver.d" -MT"Src/i2c_driver.o" --specs=nano.specs -mfloat-abi=soft -mthumb -o "Src/i2c_driver.o"
arm-none-eabi-gcc "../Src/main.c" -mcpu=cortex-m0plus -std=gnu11 -g3 -DDEBUG -DSTM32L0538_DISCO -DSTM32 -DSTM32L053C8Tx -DSTM32L0 -c -I../Inc -O0 -ffunction-sections -fdata-sections -Wall -fstack-usage -fcyclomatic-complexity -MMD -MP -MF"Src/main.d" -MT"Src/main.o" --specs=nano.specs -mfloat-abi=soft -mthumb -o "Src/main.o"
arm-none-eabi-gcc -o "I2C_DMA_driver.elf" @"objects.list"   -mcpu=cortex-m0plus -T"C:\Haril_bitsilica\STM_training_module\driver_playist_2\L_series_I2c_DMA_driver\I2C_DMA_driver\STM32L053C8TX_FLASH.ld" --specs=nosys.specs -Wl,-Map="I2C_DMA_driver.map" -Wl,--gc-sections -static --specs=nano.specs -mfloat-abi=soft -mthumb -Wl,--start-group -lc -lm -Wl,--end-group
Finished building target: I2C_DMA_driver.elf
 
arm-none-eabi-size  I2C_DMA_driver.elf 
arm-none-eabi-objdump -h -S I2C_DMA_driver.elf  > "I2C_DMA_driver.list"
   text	   data	    bss	    dec	    hex	filename
   2076	      0	   1600	   3676	    e5c	I2C_DMA_driver.elf
Finished building: default.size.stdout
 
Finished building: I2C_DMA_driver.list
 

14:54:13 Build Finished. 0 errors, 0 warnings. (took 796ms)

