../Src/spi_driver.c:12:6:SPI_PeriClockControl	16	static
../Src/spi_driver.c:26:6:SPI_Init	24	static
../Src/spi_driver.c:50:6:SPI_DeInit	16	static
../Src/spi_driver.c:56:6:SPI_Enable	16	static
../Src/spi_driver.c:64:6:SPI_ClockControl	16	static
../Src/spi_driver.c:78:9:SPI_GetFlagStatus	16	static
../Src/spi_driver.c:85:6:SPI_SendData	24	static
../Src/spi_driver.c:97:6:SPI_ReceiveData	24	static
../Src/spi_driver.c:108:6:SPI_SSIConfig	16	static
../Src/spi_driver.c:118:20:dma_disable_channel	16	static
../Src/spi_driver.c:123:20:dma_enable_channel	16	static
../Src/spi_driver.c:128:20:dma_set_cpar	16	static
../Src/spi_driver.c:133:20:dma_set_cmar	16	static
../Src/spi_driver.c:138:20:dma_set_cndtr	16	static
../Src/spi_driver.c:143:20:dma_set_dir_mem2per	16	static
../Src/spi_driver.c:148:20:dma_set_dir_per2mem	16	static
../Src/spi_driver.c:153:20:dma_enable_mem_inc	16	static
../Src/spi_driver.c:158:20:dma_set_size_8bit	24	static
../Src/spi_driver.c:165:20:dma_enable_tc_interrupt	16	static
../Src/spi_driver.c:170:6:SPI_DMA_TxInit	32	static
../Src/spi_driver.c:195:6:SPI_DMA_RxInit	32	static
../Src/spi_driver.c:220:6:SPI_DMA_Enable	16	static
../Src/spi_driver.c:229:6:SPI_DMA_Disable	16	static
../Src/spi_driver.c:237:6:SPI_DMA_TxCompleteCallback	16	static
../Src/spi_driver.c:244:6:SPI_DMA_RxCompleteCallback	16	static
../Src/spi_driver.c:253:6:SPI_SendDataIT	24	static
../Src/spi_driver.c:261:6:SPI_ReceiveDataIT	24	static
../Src/spi_driver.c:269:6:SPI_IRQHandling	24	static
../Src/spi_driver.c:310:28:SPI_TxCpltCallback	16	static
../Src/spi_driver.c:311:28:SPI_RxCpltCallback	16	static
